ARM Linker, 4.1 [Build 481] [Standard]

==============================================================================

Section Cross References

    mrf24j40.o(.text) refers to mrf24j40.o(i._ZN4mbed10DigitalOutaSEi) for mbed::DigitalOut::operator =(int)
    mrf24j40.o(.text) refers to wait_api.o(i.wait_us) for wait_us
    mrf24j40.o(.text) refers to SPI.o(i._ZN4mbed3SPI5writeEi) for mbed::SPI::write(int)
    mrf24j40.o(.text) refers to SPI.o(i._ZN4mbed3SPIC1E7PinNameS1_S1_S1_) for mbed::SPI::SPI(PinName, PinName, PinName, PinName)
    mrf24j40.o(.text) refers to BusOut.o(i._ZN4mbed10DigitalOutC1E7PinName) for mbed::DigitalOut::DigitalOut(PinName)
    mrf24j40.o(.text) refers to SPI.o(i._ZN4mbed3SPI6formatEii) for mbed::SPI::format(int, int)
    mrf24j40.o(.text) refers to SPI.o(i._ZN4mbed3SPI9frequencyEi) for mbed::SPI::frequency(int)
    mrf24j40.o(.text) refers to wait_api.o(i.wait) for wait
    mrf24j40.o(.ARM.exidx) refers to mrf24j40.o(.text) for .text
    m3pi.o(.text) refers to mrf24j40.o(i._ZN4mbed10DigitalOutaSEi) for mbed::DigitalOut::operator =(int)
    m3pi.o(.text) refers to wait_api.o(i.wait) for wait
    m3pi.o(.text) refers to Stream.o(i._ZN4mbed6StreamC2EPKc) for mbed::Stream::Stream__sub_object(const char*)
    m3pi.o(.text) refers to BusOut.o(i._ZN4mbed10DigitalOutC1E7PinName) for mbed::DigitalOut::DigitalOut(PinName)
    m3pi.o(.text) refers to Serial.o(i._ZN4mbed6SerialC1E7PinNameS1_PKc) for mbed::Serial::Serial(PinName, PinName, const char*)
    m3pi.o(.text) refers to SerialBase.o(i._ZN4mbed10SerialBase4baudEi) for mbed::SerialBase::baud(int)
    m3pi.o(.text) refers to f2d.o(x$fpl$f2d) for __aeabi_f2d
    m3pi.o(.text) refers to drleqf.o(x$fpl$drleqf) for __aeabi_cdrcmple
    m3pi.o(.text) refers to fmul.o(x$fpl$fmul) for __aeabi_fmul
    m3pi.o(.text) refers to ffixu.o(x$fpl$ffixu) for __aeabi_f2uiz
    m3pi.o(.text) refers to Stream.o(i._ZN4mbed6Stream4putcEi) for mbed::Stream::putc(int)
    m3pi.o(.text) refers to dmul.o(x$fpl$dmul) for __aeabi_dmul
    m3pi.o(.text) refers to d2f.o(x$fpl$d2f) for __aeabi_d2f
    m3pi.o(.text) refers to Stream.o(i._ZN4mbed6Stream4getcEv) for mbed::Stream::getc()
    m3pi.o(.text) refers to fflt_clz.o(x$fpl$fflt) for __aeabi_i2f
    m3pi.o(.text) refers to dflt_clz.o(x$fpl$dflt) for __aeabi_i2d
    m3pi.o(.text) refers to ddiv.o(x$fpl$ddiv) for __aeabi_ddiv
    m3pi.o(.text) refers to daddsub_clz.o(x$fpl$dsub) for __aeabi_dsub
    m3pi.o(.text) refers to BusOut.o(i._ZN4mbed6BusOutC1E7PinNameS1_S1_S1_S1_S1_S1_S1_S1_S1_S1_S1_S1_S1_S1_S1_) for mbed::BusOut::BusOut(PinName, PinName, PinName, PinName, PinName, PinName, PinName, PinName, PinName, PinName, PinName, PinName, PinName, PinName, PinName, PinName)
    m3pi.o(.text) refers to BusOut.o(i._ZN4mbed6BusOutaSEi) for mbed::BusOut::operator =(int)
    m3pi.o(.text) refers to BusOut.o(i._ZN4mbed6BusOutD1Ev) for mbed::BusOut::~BusOut()
    m3pi.o(.text) refers to m3pi.o(.constdata__ZTV4m3pi) for vtable for m3pi
    m3pi.o(.ARM.exidx) refers to m3pi.o(.text) for .text
    beta1.o(.text) refers to _printf_percent.o(.ARM.Collect$$_printf_percent$$00000000) for _printf_percent
    beta1.o(.text) refers to _printf_s.o(.ARM.Collect$$_printf_percent$$00000014) for _printf_s
    beta1.o(.text) refers to _printf_str.o(.text) for _printf_str
    beta1.o(.text) refers to _printf_d.o(.ARM.Collect$$_printf_percent$$00000009) for _printf_d
    beta1.o(.text) refers to _printf_dec.o(.text) for _printf_int_dec
    beta1.o(.text) refers to mrf24j40.o(.text) for MRF24J40::Receive(unsigned char*, unsigned char)
    beta1.o(.text) refers to h1_alloc.o(.text) for malloc
    beta1.o(.text) refers to h1_free.o(.text) for free
    beta1.o(.text) refers to __2sprintf.o(.text) for __2sprintf
    beta1.o(.text) refers to strlen.o(.text) for strlen
    beta1.o(.text) refers to __2printf.o(.text) for __2printf
    beta1.o(.text) refers to wait_api.o(i.wait_ms) for wait_ms
    beta1.o(.text) refers to I2C.o(i._ZN4mbed3I2C5writeEiPKcib) for mbed::I2C::write(int, const char*, int, bool)
    beta1.o(.text) refers to wait_api.o(i.wait) for wait
    beta1.o(.text) refers to I2C.o(i._ZN4mbed3I2C4readEiPcib) for mbed::I2C::read(int, char*, int, bool)
    beta1.o(.text) refers to beta1.o(.bss) for mrf
    beta1.o(.text) refers to beta1.o(.data) for rxLen
    beta1.o(.text) refers to dflt_clz.o(x$fpl$dflt) for __aeabi_i2d
    beta1.o(.text) refers to daddsub_clz.o(x$fpl$dsub) for __aeabi_dsub
    beta1.o(.text) refers to ddiv.o(x$fpl$ddiv) for __aeabi_ddiv
    beta1.o(.text) refers to dmul.o(x$fpl$dmul) for __aeabi_dmul
    beta1.o(.text) refers to daddsub_clz.o(x$fpl$dadd) for __aeabi_dadd
    beta1.o(.text) refers to sqrt.o(i.sqrt) for sqrt
    beta1.o(.text) refers to atan2.o(i.atan2) for atan2
    beta1.o(.text) refers to cos.o(i.cos) for cos
    beta1.o(.text) refers to sin.o(i.sin) for sin
    beta1.o(.text) refers to beta1.o(i._ZN4mbed8AnalogIncvfEv) for mbed::AnalogIn::operator float()
[...]
    _ttywrch                                 0x00003ba5   Thumb Code    14  sys_wrch.o(.text)
    __rt_eh_globals_addr                     0x00003bb5   Thumb Code    12  rt_eh_globals_addr.o(.text)
    __rt_SIGABRT                             0x00003bc1   Thumb Code    14  defsig_abrt_outer.o(.text)
    __ARM_exceptions_buffer_init             0x00003bcf   Thumb Code    18  arm_exceptions_mem.o(.text)
    __ARM_exceptions_buffer_allocate         0x00003be1   Thumb Code    22  arm_exceptions_mem.o(.text)
    __ARM_exceptions_buffer_free             0x00003bf7   Thumb Code    20  arm_exceptions_mem.o(.text)
    __rt_fp_status_addr                      0x00003c0d   Thumb Code    12  rt_fp_status_addr.o(.text)
    __rt_SIGABRT_inner                       0x00003c19   Thumb Code    14  defsig_abrt_inner.o(.text)
    _btod_d2e                                0x00003c49   Thumb Code    62  btod.o(CL$$btod_d2e)
    _d2e_denorm_low                          0x00003c87   Thumb Code    70  btod.o(CL$$btod_d2e_denorm_low)
    _d2e_norm_op1                            0x00003ccd   Thumb Code    96  btod.o(CL$$btod_d2e_norm_op1)
    __btod_div_common                        0x00003d2d   Thumb Code   696  btod.o(CL$$btod_div_common)
    _e2e                                     0x00004065   Thumb Code   198  btod.o(CL$$btod_e2e)
    _btod_ediv                               0x0000412b   Thumb Code    40  btod.o(CL$$btod_ediv)
    _btod_emul                               0x00004153   Thumb Code    40  btod.o(CL$$btod_emul)
    __btod_mult_common                       0x0000417b   Thumb Code   580  btod.o(CL$$btod_mult_common)
    main                                     0x000043bf   Thumb Code    14  retarget.o(i.$Sub$$main)
    NVIC_SetVector                           0x000043d5   Thumb Code    42  cmsis_nvic.o(i.NVIC_SetVector)
    SystemInit                               0x00004405   Thumb Code   146  system_LPC17xx.o(i.SystemInit)
    m3pi::~m3pi()                            0x000044c1   Thumb Code    36  m3pi.o(i._ZN4m3piD1Ev)
    m3pi::~m3pi__sub_object()                0x000044c1   Thumb Code     0  m3pi.o(i._ZN4m3piD1Ev)
    mbed::DigitalOut::DigitalOut(PinName)    0x000044e9   Thumb Code    14  BusOut.o(i._ZN4mbed10DigitalOutC1E7PinName)
    mbed::DigitalOut::DigitalOut__sub_object(PinName) 0x000044e9   Thumb Code     0  BusOut.o(i._ZN4mbed10DigitalOutC1E7PinName)
    mbed::DigitalOut::operator =(int)        0x000044f7   Thumb Code    26  mrf24j40.o(i._ZN4mbed10DigitalOutaSEi)
    mbed::FileHandle::flen()                 0x00004511   Thumb Code    58  retarget.o(i._ZN4mbed10FileHandle4flenEv)
    mbed::FileHandle::~FileHandle()          0x0000454d   Thumb Code     0  retarget.o(i._ZN4mbed10FileHandleD2Ev)
    mbed::FileHandle::~FileHandle__sub_object() 0x0000454d   Thumb Code    32  retarget.o(i._ZN4mbed10FileHandleD2Ev)
    mbed::SerialBase::_base_getc()           0x00004575   Thumb Code     4  SerialBase.o(i._ZN4mbed10SerialBase10_base_getcEv)
    mbed::SerialBase::_base_putc(int)        0x00004579   Thumb Code    12  SerialBase.o(i._ZN4mbed10SerialBase10_base_putcEi)
    mbed::SerialBase::_irq_handler(unsigned, SerialIrq) 0x00004585   Thumb Code    14  SerialBase.o(i._ZN4mbed10SerialBase12_irq_handlerEj9SerialIrq)
    mbed::SerialBase::baud(int)              0x00004593   Thumb Code    14  SerialBase.o(i._ZN4mbed10SerialBase4baudEi)
    mbed::SerialBase::SerialBase(PinName, PinName) 0x000045a1   Thumb Code    52  SerialBase.o(i._ZN4mbed10SerialBaseC1E7PinNameS1_)
    mbed::SerialBase::SerialBase__sub_object(PinName, PinName) 0x000045a1   Thumb Code     0  SerialBase.o(i._ZN4mbed10SerialBaseC1E7PinNameS1_)
    mbed::FunctionPointer::call()            0x000045dd   Thumb Code    24  FunctionPointer.o(i._ZN4mbed15FunctionPointer4callEv)
    mbed::FunctionPointer::FunctionPointer(void(*)()) 0x000045f5   Thumb Code     8  FunctionPointer.o(i._ZN4mbed15FunctionPointerC1EPFvvE)
    mbed::FunctionPointer::FunctionPointer__sub_object(void(*)()) 0x000045f5   Thumb Code     0  FunctionPointer.o(i._ZN4mbed15FunctionPointerC1EPFvvE)
    mbed::I2C::read(int, char*, int, bool)   0x000045fd   Thumb Code    50  I2C.o(i._ZN4mbed3I2C4readEiPcib)
    mbed::I2C::write(int, const char*, int, bool) 0x0000462f   Thumb Code    50  I2C.o(i._ZN4mbed3I2C5writeEiPKcib)
    mbed::I2C::aquire()                      0x00004661   Thumb Code    24  I2C.o(i._ZN4mbed3I2C6aquireEv)
    mbed::I2C::I2C(PinName, PinName)         0x0000467d   Thumb Code    20  I2C.o(i._ZN4mbed3I2CC1E7PinNameS1_)
    mbed::I2C::I2C__sub_object(PinName, PinName) 0x0000467d   Thumb Code     0  I2C.o(i._ZN4mbed3I2CC1E7PinNameS1_)
    mbed::SPI::write(int)                    0x00004699   Thumb Code    22  SPI.o(i._ZN4mbed3SPI5writeEi)
    mbed::SPI::aquire()                      0x000046b1   Thumb Code    36  SPI.o(i._ZN4mbed3SPI6aquireEv)
    mbed::SPI::format(int, int)              0x000046d9   Thumb Code    14  SPI.o(i._ZN4mbed3SPI6formatEii)
    mbed::SPI::frequency(int)                0x000046ed   Thumb Code    12  SPI.o(i._ZN4mbed3SPI9frequencyEi)
    mbed::SPI::SPI(PinName, PinName, PinName, PinName) 0x000046fd   Thumb Code    52  SPI.o(i._ZN4mbed3SPIC1E7PinNameS1_S1_S1_)
    mbed::SPI::SPI__sub_object(PinName, PinName, PinName, PinName) 0x000046fd   Thumb Code     0  SPI.o(i._ZN4mbed3SPIC1E7PinNameS1_S1_S1_)
    mbed::BusOut::write(int)                 0x00004739   Thumb Code    40  BusOut.o(i._ZN4mbed6BusOut5writeEi)
    mbed::BusOut::BusOut(PinName, PinName, PinName, PinName, PinName, PinName, PinName, PinName, PinName, PinName, PinName, PinName, PinName, PinName, PinName, PinName) 0x00004761   Thumb Code   120  BusOut.o(i._ZN4mbed6BusOutC1E7PinNameS1_S1_S1_S1_S1_S1_S1_S1_S1_S1_S1_S1_S1_S1_S1_)
    mbed::BusOut::BusOut__sub_object(PinName, PinName, PinName, PinName, PinName, PinName, PinName, PinName, PinName, PinName, PinName, PinName, PinName, PinName, PinName, PinName) 0x00004761   Thumb Code     0  BusOut.o(i._ZN4mbed6BusOutC1E7PinNameS1_S1_S1_S1_S1_S1_S1_S1_S1_S1_S1_S1_S1_S1_S1_)
    mbed::BusOut::~BusOut()                  0x000047dd   Thumb Code    32  BusOut.o(i._ZN4mbed6BusOutD1Ev)
    mbed::BusOut::~BusOut__sub_object()      0x000047dd   Thumb Code     0  BusOut.o(i._ZN4mbed6BusOutD1Ev)
    mbed::BusOut::operator =(int)            0x00004801   Thumb Code    12  BusOut.o(i._ZN4mbed6BusOutaSEi)
    mbed::Serial::_getc()                    0x0000480d   Thumb Code     6  Serial.o(i._ZN4mbed6Serial5_getcEv)
    mbed::Serial::_putc(int)                 0x00004813   Thumb Code     6  Serial.o(i._ZN4mbed6Serial5_putcEi)
    mbed::Serial::Serial(PinName, PinName, const char*) 0x00004819   Thumb Code    28  Serial.o(i._ZN4mbed6SerialC1E7PinNameS1_PKc)
    mbed::Serial::Serial__sub_object(PinName, PinName, const char*) 0x00004819   Thumb Code     0  Serial.o(i._ZN4mbed6SerialC1E7PinNameS1_PKc)
    mbed::Serial::~Serial()                  0x00004839   Thumb Code     4  Serial.o(i._ZN4mbed6SerialD1Ev)
    mbed::Serial::~Serial__sub_object()      0x00004839   Thumb Code     0  Serial.o(i._ZN4mbed6SerialD1Ev)
    mbed::Stream::flen()                     0x0000483d   Thumb Code     4  Stream.o(i._ZN4mbed6Stream4flenEv)
    mbed::Stream::getc()                     0x00004841   Thumb Code    20  Stream.o(i._ZN4mbed6Stream4getcEv)
    mbed::Stream::putc(int)                  0x00004855   Thumb Code    24  Stream.o(i._ZN4mbed6Stream4putcEi)
    mbed::Stream::read(void*, unsigned)      0x0000486d   Thumb Code    40  Stream.o(i._ZN4mbed6Stream4readEPvj)
    mbed::Stream::close()                    0x00004895   Thumb Code     4  Stream.o(i._ZN4mbed6Stream5closeEv)
    mbed::Stream::lseek(long, int)           0x00004899   Thumb Code     4  Stream.o(i._ZN4mbed6Stream5lseekEli)
    mbed::Stream::write(const void*, unsigned) 0x0000489d   Thumb Code    40  Stream.o(i._ZN4mbed6Stream5writeEPKvj)
    mbed::Stream::isatty()                   0x000048c5   Thumb Code     4  Stream.o(i._ZN4mbed6Stream6isattyEv)
    mbed::Stream::printf(const char*, ...)   0x000048c9   Thumb Code    30  Stream.o(i._ZN4mbed6Stream6printfEPKcz)
    mbed::Stream::Stream__sub_object(const char*) 0x000048e9   Thumb Code    46  Stream.o(i._ZN4mbed6StreamC2EPKc)
    mbed::Stream::~Stream()                  0x00004925   Thumb Code     0  Stream.o(i._ZN4mbed6StreamD2Ev)
    mbed::Stream::~Stream__sub_object()      0x00004925   Thumb Code    28  Stream.o(i._ZN4mbed6StreamD2Ev)
    mbed::AnalogIn::AnalogIn(PinName)        0x00004945   Thumb Code    18  beta1.o(i._ZN4mbed8AnalogInC1E7PinName)
    mbed::AnalogIn::AnalogIn__sub_object(PinName) 0x00004945   Thumb Code     0  beta1.o(i._ZN4mbed8AnalogInC1E7PinName)
    mbed::AnalogIn::operator float()         0x00004957   Thumb Code    14  beta1.o(i._ZN4mbed8AnalogIncvfEv)
    mbed::FileBase::getPathType()            0x00004965   Thumb Code     4  FileBase.o(i._ZN4mbed8FileBase11getPathTypeEv)
    mbed::FileBase::lookup(const char*, unsigned) 0x00004969   Thumb Code    50  FileBase.o(i._ZN4mbed8FileBase6lookupEPKcj)
    mbed::FileBase::FileBase(const char*, mbed::PathType) 0x000049a1   Thumb Code    26  FileBase.o(i._ZN4mbed8FileBaseC1EPKcNS_8PathTypeE)
    mbed::FileBase::FileBase__sub_object(const char*, mbed::PathType) 0x000049a1   Thumb Code     0  FileBase.o(i._ZN4mbed8FileBaseC1EPKcNS_8PathTypeE)
    mbed::FileBase::~FileBase()              0x000049c5   Thumb Code    38  FileBase.o(i._ZN4mbed8FileBaseD1Ev)
    mbed::FileBase::~FileBase__sub_object()  0x000049c5   Thumb Code     0  FileBase.o(i._ZN4mbed8FileBaseD1Ev)
    mbed::FileLike::FileLike__sub_object(const char*) 0x000049f5   Thumb Code    24  FileLike.o(i._ZN4mbed8FileLikeC2EPKc)
    mbed::FileLike::~FileLike()              0x00004a15   Thumb Code     0  FileLike.o(i._ZN4mbed8FileLikeD2Ev)
    mbed::FileLike::~FileLike__sub_object()  0x00004a15   Thumb Code    18  FileLike.o(i._ZN4mbed8FileLikeD2Ev)
    mbed::FilePath::fileSystem()             0x00004a27   Thumb Code    16  FilePath.o(i._ZN4mbed8FilePath10fileSystemEv)
    mbed::FilePath::isFileSystem()           0x00004a37   Thumb Code    20  FilePath.o(i._ZN4mbed8FilePath12isFileSystemEv)
    mbed::FilePath::file()                   0x00004a4b   Thumb Code    22  FilePath.o(i._ZN4mbed8FilePath4fileEv)
    mbed::FilePath::exists()                 0x00004a61   Thumb Code    10  FilePath.o(i._ZN4mbed8FilePath6existsEv)
    mbed::FilePath::isFile()                 0x00004a6b   Thumb Code    22  FilePath.o(i._ZN4mbed8FilePath6isFileEv)
    mbed::FilePath::fileName()               0x00004a81   Thumb Code     4  FilePath.o(i._ZN4mbed8FilePath8fileNameEv)
    mbed::FilePath::FilePath(const char*)    0x00004a85   Thumb Code    62  FilePath.o(i._ZN4mbed8FilePathC1EPKc)
    mbed::FilePath::FilePath__sub_object(const char*) 0x00004a85   Thumb Code     0  FilePath.o(i._ZN4mbed8FilePathC1EPKc)
    operator delete (void*)                  0x00004ac3   Thumb Code     8  delete.o(i._ZdlPv)
    operator new(unsigned)                   0x00004acd   Thumb Code    34  new.o(i._Znwj)
    __ARM_fpclassify                         0x00004af5   Thumb Code    40  fpclassify.o(i.__ARM_fpclassify)
    __aeabi_atexit                           0x00004b1d   Thumb Code    48  aeabi_atexit.o(i.__aeabi_atexit)
    __aeabi_vec_ctor_nocookie_nodtor         0x00004b4d   Thumb Code    34  aeabi_vec_ctor_nocookie_nodtor.o(i.__aeabi_vec_ctor_nocookie_nodtor)
    __cxa_finalize                           0x00004b6f   Thumb Code    66  cxa_finalize.o(i.__cxa_finalize)
    __cxa_pure_virtual                       0x00004bb1   Thumb Code     6  pure_virt.o(i.__cxa_pure_virtual)
    __ieee754_rem_pio2                       0x00004bb9   Thumb Code   832  rred.o(i.__ieee754_rem_pio2)
    __kernel_cos                             0x00004f41   Thumb Code   230  cos_i.o(i.__kernel_cos)
    __kernel_poly                            0x0000503d   Thumb Code   170  poly.o(i.__kernel_poly)
    __kernel_sin                             0x000050e9   Thumb Code   226  sin_i.o(i.__kernel_sin)
    __mathlib_dbl_underflow                  0x000051d9   Thumb Code    10  dunder.o(i.__mathlib_dbl_underflow)
    __user_setup_stackheap                   0x000051e9   Thumb Code    10  sys.o(i.__user_setup_stackheap)
    _sys_close                               0x000051f9   Thumb Code    36  retarget.o(i._sys_close)
    _sys_flen                                0x00005221   Thumb Code    32  retarget.o(i._sys_flen)
    _sys_istty                               0x00005245   Thumb Code    32  retarget.o(i._sys_istty)
    _sys_open                                0x00005269   Thumb Code   232  retarget.o(i._sys_open)
    _sys_read                                0x0000535d   Thumb Code    52  retarget.o(i._sys_read)
    _sys_seek                                0x00005399   Thumb Code    34  retarget.o(i._sys_seek)
    _sys_write                               0x000053c1   Thumb Code    72  retarget.o(i._sys_write)
    analogin_init                            0x00005485   Thumb Code   106  analogin_api.o(i.analogin_init)
    analogin_read                            0x00005521   Thumb Code    20  analogin_api.o(i.analogin_read)
    atan                                     0x00005539   Thumb Code   480  atan.o(i.atan)
    atan2                                    0x0000575d   Thumb Code   346  atan2.o(i.atan2)
    cos                                      0x000058dd   Thumb Code   164  cos.o(i.cos)
    exit                                     0x00005989   Thumb Code    20  exit.o(i.exit)
    fgetc                                    0x0000599d   Thumb Code    24  fgetc.o(i.fgetc)
    floor                                    0x000059b5   Thumb Code   204  floor.o(i.floor)
    fputc                                    0x00005a91   Thumb Code    26  fputc.o(i.fputc)
    gpio_dir                                 0x00005aab   Thumb Code    28  gpio_api.o(i.gpio_dir)
    gpio_init                                0x00005ac7   Thumb Code    74  gpio_api.o(i.gpio_init)
    gpio_set                                 0x00005b11   Thumb Code    20  gpio_api.o(i.gpio_set)
    i2c_frequency                            0x00005bc1   Thumb Code    22  i2c_api.o(i.i2c_frequency)
    i2c_init                                 0x00005bdd   Thumb Code   160  i2c_api.o(i.i2c_init)
    i2c_read                                 0x00005ca9   Thumb Code   158  i2c_api.o(i.i2c_read)
    i2c_start                                0x00005d47   Thumb Code    62  i2c_api.o(i.i2c_start)
    i2c_stop                                 0x00005d85   Thumb Code    50  i2c_api.o(i.i2c_stop)
    i2c_write                                0x00005de1   Thumb Code   114  i2c_api.o(i.i2c_write)
    mbed_die                                 0x00005e55   Thumb Code   126  board.o(i.mbed_die)
    mbed_interface_connected                 0x00005ed9   Thumb Code     4  mbed_interface.o(i.mbed_interface_connected)
    mbed_main                                0x00005edd   Thumb Code     2  retarget.o(i.mbed_main)
    pin_function                             0x00005eed   Thumb Code    42  pinmap.o(i.pin_function)
    pin_mode                                 0x00005f21   Thumb Code    76  pinmap.o(i.pin_mode)
    pinmap_merge                             0x00005f75   Thumb Code    32  pinmap_common.o(i.pinmap_merge)
    pinmap_peripheral                        0x00005fad   Thumb Code    40  pinmap_common.o(i.pinmap_peripheral)
    pinmap_pinout                            0x00005ff9   Thumb Code    58  pinmap_common.o(i.pinmap_pinout)
    pwmout_init                              0x0000604d   Thumb Code   130  pwmout_api.o(i.pwmout_init)
    pwmout_period_ms                         0x00006109   Thumb Code    10  pwmout_api.o(i.pwmout_period_ms)
    pwmout_period_us                         0x00006115   Thumb Code    46  pwmout_api.o(i.pwmout_period_us)
    pwmout_write                             0x0000614d   Thumb Code    70  pwmout_api.o(i.pwmout_write)
    semihost_connected                       0x00006199   Thumb Code    10  semihost_api.o(i.semihost_connected)
    semihost_exit                            0x000061a9   Thumb Code    12  semihost_api.o(i.semihost_exit)
    serial_baud                              0x000061b5   Thumb Code   352  serial_api.o(i.serial_baud)
    serial_format                            0x00006331   Thumb Code   110  serial_api.o(i.serial_format)
    serial_getc                              0x00006421   Thumb Code    14  serial_api.o(i.serial_getc)
    serial_init                              0x00006431   Thumb Code   268  serial_api.o(i.serial_init)
    serial_irq_handler                       0x00006575   Thumb Code    14  serial_api.o(i.serial_irq_handler)
    serial_putc                              0x0000658d   Thumb Code    28  serial_api.o(i.serial_putc)
    serial_writable                          0x000065a9   Thumb Code    28  serial_api.o(i.serial_writable)
    sin                                      0x000065c5   Thumb Code   166  sin.o(i.sin)
    spi_format                               0x00006675   Thumb Code   116  spi_api.o(i.spi_format)
    spi_frequency                            0x00006701   Thumb Code   188  spi_api.o(i.spi_frequency)
    spi_init                                 0x000067f9   Thumb Code   230  spi_api.o(i.spi_init)
    spi_master_write                         0x00006911   Thumb Code    26  spi_api.o(i.spi_master_write)
    sqrt                                     0x0000692b   Thumb Code    74  sqrt.o(i.sqrt)
    us_ticker_clear_interrupt                0x00006975   Thumb Code     8  us_ticker.o(i.us_ticker_clear_interrupt)
    us_ticker_disable_interrupt              0x00006981   Thumb Code    12  us_ticker.o(i.us_ticker_disable_interrupt)
    us_ticker_init                           0x00006991   Thumb Code    72  us_ticker.o(i.us_ticker_init)
    us_ticker_irq_handler                    0x000069f1   Thumb Code    60  us_ticker_api.o(i.us_ticker_irq_handler)
    us_ticker_read                           0x00006a31   Thumb Code    18  us_ticker.o(i.us_ticker_read)
    us_ticker_set_interrupt                  0x00006a4d   Thumb Code    14  us_ticker.o(i.us_ticker_set_interrupt)
    wait                                     0x00006a61   Thumb Code    20  wait_api.o(i.wait)
    wait_ms                                  0x00006a79   Thumb Code    10  wait_api.o(i.wait_ms)
    wait_us                                  0x00006a83   Thumb Code    22  wait_api.o(i.wait_us)
    _get_lc_numeric                          0x00006a99   Thumb Code    44  lc_numeric_c.o(locale$$code)
    _get_lc_ctype                            0x00006ac5   Thumb Code    44  lc_ctype_c.o(locale$$code)
    __aeabi_d2f                              0x00006af1   Thumb Code     0  d2f.o(x$fpl$d2f)
    _d2f                                     0x00006af1   Thumb Code    98  d2f.o(x$fpl$d2f)
    __aeabi_dadd                             0x00006b55   Thumb Code     0  daddsub_clz.o(x$fpl$dadd)
    _dadd                                    0x00006b55   Thumb Code   328  daddsub_clz.o(x$fpl$dadd)
    __fpl_dcheck_NaN1                        0x00006ca1   Thumb Code    10  dcheck1.o(x$fpl$dcheck1)
    __fpl_dcmp_Inf                           0x00006cb1   Thumb Code    24  dcmpi.o(x$fpl$dcmpinf)
    __aeabi_ddiv                             0x00006cc9   Thumb Code     0  ddiv.o(x$fpl$ddiv)
    _ddiv                                    0x00006cc9   Thumb Code   552  ddiv.o(x$fpl$ddiv)
    __aeabi_d2iz                             0x00006f79   Thumb Code     0  dfix.o(x$fpl$dfix)
    _dfix                                    0x00006f79   Thumb Code    94  dfix.o(x$fpl$dfix)
    __aeabi_i2d                              0x00006fd7   Thumb Code     0  dflt_clz.o(x$fpl$dflt)
    _dflt                                    0x00006fd7   Thumb Code    46  dflt_clz.o(x$fpl$dflt)
    __aeabi_ui2d                             0x00007005   Thumb Code     0  dflt_clz.o(x$fpl$dfltu)
    _dfltu                                   0x00007005   Thumb Code    38  dflt_clz.o(x$fpl$dfltu)
    __aeabi_cdcmple                          0x0000702d   Thumb Code     0  dleqf.o(x$fpl$dleqf)
    _dcmple                                  0x0000702d   Thumb Code   120  dleqf.o(x$fpl$dleqf)
    __fpl_dcmple_InfNaN                      0x0000708f   Thumb Code     0  dleqf.o(x$fpl$dleqf)
    __aeabi_dmul                             0x000070a5   Thumb Code     0  dmul.o(x$fpl$dmul)
    _dmul                                    0x000070a5   Thumb Code   332  dmul.o(x$fpl$dmul)
    __fpl_dnaninf                            0x000071f9   Thumb Code   156  dnaninf.o(x$fpl$dnaninf)
    __fpl_dretinf                            0x00007295   Thumb Code    12  dretinf.o(x$fpl$dretinf)
    __aeabi_cdrcmple                         0x000072a1   Thumb Code     0  drleqf.o(x$fpl$drleqf)
    _drcmple                                 0x000072a1   Thumb Code   108  drleqf.o(x$fpl$drleqf)
    __aeabi_drsub                            0x0000730d   Thumb Code     0  daddsub_clz.o(x$fpl$drsb)
    _drsb                                    0x0000730d   Thumb Code    22  daddsub_clz.o(x$fpl$drsb)
    _dsqrt                                   0x00007325   Thumb Code   456  dsqrt_noumaal.o(x$fpl$dsqrt)
    __aeabi_dsub                             0x000074f1   Thumb Code     0  daddsub_clz.o(x$fpl$dsub)
    _dsub                                    0x000074f1   Thumb Code   464  daddsub_clz.o(x$fpl$dsub)
    __aeabi_f2d                              0x000076c5   Thumb Code     0  f2d.o(x$fpl$f2d)
    _f2d                                     0x000076c5   Thumb Code    86  f2d.o(x$fpl$f2d)
    __aeabi_fadd                             0x0000771d   Thumb Code     0  faddsub_clz.o(x$fpl$fadd)
    _fadd                                    0x0000771d   Thumb Code   196  faddsub_clz.o(x$fpl$fadd)
    __aeabi_fdiv                             0x000077e1   Thumb Code     0  fdiv.o(x$fpl$fdiv)
    _fdiv                                    0x000077e1   Thumb Code   384  fdiv.o(x$fpl$fdiv)
    __aeabi_f2iz                             0x00007965   Thumb Code     0  ffix.o(x$fpl$ffix)
    _ffix                                    0x00007965   Thumb Code    54  ffix.o(x$fpl$ffix)
    __aeabi_f2uiz                            0x0000799d   Thumb Code     0  ffixu.o(x$fpl$ffixu)
    _ffixu                                   0x0000799d   Thumb Code    62  ffixu.o(x$fpl$ffixu)
    __aeabi_i2f                              0x000079dd   Thumb Code     0  fflt_clz.o(x$fpl$fflt)
    _fflt                                    0x000079dd   Thumb Code    48  fflt_clz.o(x$fpl$fflt)
    __aeabi_ui2f                             0x00007a0d   Thumb Code     0  fflt_clz.o(x$fpl$ffltu)
    _ffltu                                   0x00007a0d   Thumb Code    38  fflt_clz.o(x$fpl$ffltu)
    __aeabi_fmul                             0x00007a35   Thumb Code     0  fmul.o(x$fpl$fmul)
    _fmul                                    0x00007a35   Thumb Code   258  fmul.o(x$fpl$fmul)
    __fpl_fnaninf                            0x00007b37   Thumb Code   140  fnaninf.o(x$fpl$fnaninf)
    _fp_init                                 0x00007bc3   Thumb Code    14  fpinit.o(x$fpl$fpinit)
    __fplib_config_pureend_doubles           0x00007bcf   Thumb Code     0  fpinit.o(x$fpl$fpinit)
    __fpl_fretinf                            0x00007bd1   Thumb Code    10  fretinf.o(x$fpl$fretinf)
    __aeabi_fsub                             0x00007bdd   Thumb Code     0  faddsub_clz.o(x$fpl$fsub)
    _fsub                                    0x00007bdd   Thumb Code   234  faddsub_clz.o(x$fpl$fsub)
    _printf_fp_dec                           0x00007cc7   Thumb Code     4  printf1.o(x$fpl$printf1)
    __fpl_return_NaN                         0x00007ccb   Thumb Code   100  retnan.o(x$fpl$retnan)
    __ARM_scalbn                             0x00007d2f   Thumb Code     0  scalbn.o(x$fpl$scalbn)
    scalbn                                   0x00007d2f   Thumb Code    96  scalbn.o(x$fpl$scalbn)
    __fpl_inf_scalbn                         0x00007d8d   Thumb Code     0  scalbn.o(x$fpl$scalbn)
    __fpl_cmpreturn                          0x00007d8f   Thumb Code    48  trapv.o(x$fpl$trapveneer)
    __I$use$fp                               0x00007dbf   Thumb Code     0  usenofp.o(x$fpl$usenofp)
    __stdin_name                             0x00007dbe   Data           7  retarget.o(.constdata)
    __stdout_name                            0x00007dc5   Data           8  retarget.o(.constdata)
    __stderr_name                            0x00007dcd   Data           8  retarget.o(.constdata)
    __mathlib_zero                           0x00008268   Data           8  qnan.o(.constdata)
    vtable for m3pi                          0x000083f4   Data          68  m3pi.o(.constdata__ZTV4m3pi)
    vtable for mbed::FileHandle              0x00008438   Data          44  retarget.o(.constdata__ZTVN4mbed10FileHandleE)
    vtable for mbed::SPI                     0x00008464   Data          12  SPI.o(.constdata__ZTVN4mbed3SPIE)
    vtable for mbed::BusOut                  0x00008470   Data          16  BusOut.o(.constdata__ZTVN4mbed6BusOutE)
    vtable for mbed::Serial                  0x00008480   Data          68  Serial.o(.constdata__ZTVN4mbed6SerialE)
    vtable for mbed::Stream                  0x000084c4   Data          68  Stream.o(.constdata__ZTVN4mbed6StreamE)
    vtable for mbed::FileBase                0x00008508   Data          16  FileBase.o(.constdata__ZTVN4mbed8FileBaseE)
    vtable for mbed::FileLike                0x00008518   Data          60  FileLike.o(.constdata__ZTVN4mbed8FileLikeE)
    Region$$Table$$Base                      0x00008554   Number         0  anon$$obj.o(Region$$Table)
    Region$$Table$$Limit                     0x00008574   Number         0  anon$$obj.o(Region$$Table)
    __ctype                                  0x0000859d   Data           0  lc_ctype_c.o(locale$$data)
    SHT$$INIT_ARRAY$$Base                    0x000086a0   Number         0  beta1.o(.init_array)
    SHT$$INIT_ARRAY$$Limit                   0x000086a4   Number         0  beta1.o(.init_array)
    life                                     0x100000c8   Data           4  beta1.o(.data)
    cnt                                      0x100000cc   Data           4  beta1.o(.data)
    rotate                                   0x100000d0   Data           4  beta1.o(.data)
    active                                   0x100000d4   Data           4  beta1.o(.data)
    status                                   0x100000d8   Data           4  beta1.o(.data)
    okx0                                     0x100000dc   Data           4  beta1.o(.data)
    okt0                                     0x100000e0   Data           4  beta1.o(.data)
    oky0                                     0x100000e4   Data           4  beta1.o(.data)
    okx1                                     0x100000e8   Data           4  beta1.o(.data)
    okt1                                     0x100000ec   Data           4  beta1.o(.data)
    oky1                                     0x100000f0   Data           4  beta1.o(.data)
    okt2                                     0x100000f4   Data           4  beta1.o(.data)
    okx2                                     0x100000f8   Data           4  beta1.o(.data)
    okx3                                     0x100000fc   Data           4  beta1.o(.data)
    okt3                                     0x10000100   Data           4  beta1.o(.data)
    oky2                                     0x10000104   Data           4  beta1.o(.data)
    okt4                                     0x10000108   Data           4  beta1.o(.data)
    ok5                                      0x1000010c   Data           4  beta1.o(.data)
    AinLight1                                0x10000114   Data           1  beta1.o(.data)
    AinLight2                                0x10000115   Data           1  beta1.o(.data)
    AinLight3                                0x10000116   Data           1  beta1.o(.data)
    AinLight4                                0x10000117   Data           1  beta1.o(.data)
    ADCLight1                                0x10000118   Data           4  beta1.o(.data)
    ADCLight2                                0x1000011c   Data           4  beta1.o(.data)
    ADCLight3                                0x10000120   Data           4  beta1.o(.data)
    ADCLight4                                0x10000124   Data           4  beta1.o(.data)
    rxLen                                    0x10000128   Data           4  beta1.o(.data)
    servo                                    0x1000012c   Data           8  beta1.o(.data)
    i2c                                      0x10000134   Data           8  beta1.o(.data)
    SystemCoreClock                          0x1000013c   Data           4  system_LPC17xx.o(.data)
    PWM_MATCH                                0x10000144   Data          28  pwmout_api.o(.data)
    stdio_uart_inited                        0x10000160   Data           4  serial_api.o(.data)
    mbed::I2C::_owner                        0x10000168   Data           4  I2C.o(.data)
    mbed::SPI::_owner                        0x1000016c   Data           4  SPI.o(.data)
    us_ticker_inited                         0x10000170   Data           4  us_ticker.o(.data)
    mbed::FileBase::_head                    0x10000174   Data           4  FileBase.o(.data)
    __aeabi_stdin                            0x10000180   Data           4  stdio_streams.o(.data)
    __aeabi_stdout                           0x10000184   Data           4  stdio_streams.o(.data)
    __aeabi_stderr                           0x10000188   Data           4  stdio_streams.o(.data)
    myled                                    0x10000190   Data          24  beta1.o(.bss)
    Life1                                    0x100001a8   Data          24  beta1.o(.bss)
    Life2                                    0x100001c0   Data          24  beta1.o(.bss)
    mrf                                      0x100001d8   Data          68  beta1.o(.bss)
    txBuffer                                 0x1000021c   Data         128  beta1.o(.bss)
    rxBuffer                                 0x1000029c   Data         128  beta1.o(.bss)
    tank                                     0x1000031c   Data         144  beta1.o(.bss)
    Fire                                     0x100003ac   Data          24  beta1.o(.bss)
    pc                                       0x100003c4   Data          96  beta1.o(.bss)
    stdio_uart                               0x10000474   Data          12  serial_api.o(.bss)
    __stdin                                  0x10000480   Data          80  stdio_streams.o(.bss)
    __stdout                                 0x100004d0   Data          80  stdio_streams.o(.bss)
    __stderr                                 0x10000520   Data          80  stdio_streams.o(.bss)
    Image$$RW_IRAM1$$ZI$$Limit               0x1000059c   Number         0  rt_fp_status_addr.o(.bss)



==============================================================================

Memory Map of the image

  Image Entry point : 0x000000c5

  Load Region LR_IROM1 (Base: 0x00000000, Size: 0x0000876c, Max: 0x00080000, ABSOLUTE)

    Execution Region ER_IROM1 (Base: 0x00000000, Size: 0x000086a4, Max: 0x00080000, ABSOLUTE)

    Base Addr    Size         Type   Attr      Idx    E Section Name        Object

    0x00000000   0x000000c4   Data   RO          452    RESET               startup_LPC17xx.o
    0x000000c4   0x00000008   Code   RO         1411  * !!!main             c_w.l(__main.o)(c_w.l)
    0x000000cc   0x00000034   Code   RO         2231    !!!scatter          c_w.l(__scatter.o)(c_w.l)
    0x00000100   0x0000001a   Code   RO         2233    !!handler_copy      c_w.l(__scatter_copy.o)(c_w.l)
    0x0000011a   0x00000002   PAD
    0x0000011c   0x0000001c   Code   RO         2235    !!handler_zi        c_w.l(__scatter_zi.o)(c_w.l)
    0x00000138   0x00000000   Code   RO         1357    .ARM.Collect$$_printf_percent$$00000000  c_w.l(_printf_percent.o)(c_w.l)
    0x00000138   0x00000006   Code   RO         1706    .ARM.Collect$$_printf_percent$$00000001  c_w.l(_printf_n.o)(c_w.l)
    0x0000013e   0x00000006   Code   RO         1355    .ARM.Collect$$_printf_percent$$00000002  c_w.l(_printf_p.o)(c_w.l)
    0x00000144   0x00000006   Code   RO         1711    .ARM.Collect$$_printf_percent$$00000003  c_w.l(_printf_f.o)(c_w.l)
    0x0000014a   0x00000006   Code   RO         1712    .ARM.Collect$$_printf_percent$$00000004  c_w.l(_printf_e.o)(c_w.l)
    0x00000150   0x00000006   Code   RO         1713    .ARM.Collect$$_printf_percent$$00000005  c_w.l(_printf_g.o)(c_w.l)
    0x00000156   0x00000006   Code   RO         1714    .ARM.Collect$$_printf_percent$$00000006  c_w.l(_printf_a.o)(c_w.l)
    0x0000015c   0x0000000a   Code   RO         1719    .ARM.Collect$$_printf_percent$$00000007  c_w.l(_printf_ll.o)(c_w.l)
    0x00000166   0x00000006   Code   RO         1709    .ARM.Collect$$_printf_percent$$00000008  c_w.l(_printf_i.o)(c_w.l)
    0x0000016c   0x00000006   Code   RO         1356    .ARM.Collect$$_printf_percent$$00000009  c_w.l(_printf_d.o)(c_w.l)
    0x00000172   0x00000006   Code   RO         1710    .ARM.Collect$$_printf_percent$$0000000A  c_w.l(_printf_u.o)(c_w.l)
    0x00000178   0x00000006   Code   RO         1708    .ARM.Collect$$_printf_percent$$0000000B  c_w.l(_printf_o.o)(c_w.l)
    0x0000017e   0x00000006   Code   RO         1707    .ARM.Collect$$_printf_percent$$0000000C  c_w.l(_printf_x.o)(c_w.l)
    0x00000184   0x00000006   Code   RO         1716    .ARM.Collect$$_printf_percent$$0000000D  c_w.l(_printf_lli.o)(c_w.l)
    0x0000018a   0x00000006   Code   RO         1717    .ARM.Collect$$_printf_percent$$0000000E  c_w.l(_printf_lld.o)(c_w.l)
    0x00000190   0x00000006   Code   RO         1718    .ARM.Collect$$_printf_percent$$0000000F  c_w.l(_printf_llu.o)(c_w.l)
    0x00000196   0x00000006   Code   RO         1723    .ARM.Collect$$_printf_percent$$00000010  c_w.l(_printf_llo.o)(c_w.l)
    0x0000019c   0x00000006   Code   RO         1724    .ARM.Collect$$_printf_percent$$00000011  c_w.l(_printf_llx.o)(c_w.l)
    0x000001a2   0x0000000a   Code   RO         1720    .ARM.Collect$$_printf_percent$$00000012  c_w.l(_printf_l.o)(c_w.l)
    0x000001ac   0x00000006   Code   RO         1705    .ARM.Collect$$_printf_percent$$00000013  c_w.l(_printf_c.o)(c_w.l)
    0x000001b2   0x00000006   Code   RO         1354    .ARM.Collect$$_printf_percent$$00000014  c_w.l(_printf_s.o)(c_w.l)
    0x000001b8   0x00000006   Code   RO         1721    .ARM.Collect$$_printf_percent$$00000015  c_w.l(_printf_lc.o)(c_w.l)
    0x000001be   0x00000006   Code   RO         1722    .ARM.Collect$$_printf_percent$$00000016  c_w.l(_printf_ls.o)(c_w.l)
    0x000001c4   0x00000004   Code   RO         1715    .ARM.Collect$$_printf_percent$$00000017  c_w.l(_printf_percent_end.o)(c_w.l)
    0x000001c8   0x00000006   Code   RO         2128    .ARM.Collect$$libinit$$00000000  c_w.l(libinit.o)(c_w.l)
    0x000001ce   0x00000008   Code   RO         1778    .ARM.Collect$$libinit$$00000001  c_w.l(libinit2.o)(c_w.l)
    0x000001d6   0x00000000   Code   RO         1780    .ARM.Collect$$libinit$$00000006  c_w.l(libinit2.o)(c_w.l)
    0x000001d6   0x00000000   Code   RO         1782    .ARM.Collect$$libinit$$00000008  c_w.l(libinit2.o)(c_w.l)
    0x000001d6   0x00000000   Code   RO         1784    .ARM.Collect$$libinit$$0000000A  c_w.l(libinit2.o)(c_w.l)
    0x000001d6   0x00000006   Code   RO         1785    .ARM.Collect$$libinit$$0000000B  c_w.l(libinit2.o)(c_w.l)
    0x000001dc   0x00000000   Code   RO         1787    .ARM.Collect$$libinit$$0000000D  c_w.l(libinit2.o)(c_w.l)
    0x000001dc   0x0000000c   Code   RO         1788    .ARM.Collect$$libinit$$0000000E  c_w.l(libinit2.o)(c_w.l)
    0x000001e8   0x00000000   Code   RO         1789    .ARM.Collect$$libinit$$0000000F  c_w.l(libinit2.o)(c_w.l)
    0x000001e8   0x00000000   Code   RO         1791    .ARM.Collect$$libinit$$00000011  c_w.l(libinit2.o)(c_w.l)
    0x000001e8   0x0000000a   Code   RO         1792    .ARM.Collect$$libinit$$00000012  c_w.l(libinit2.o)(c_w.l)
    0x000001f2   0x00000000   Code   RO         1793    .ARM.Collect$$libinit$$00000013  c_w.l(libinit2.o)(c_w.l)
    0x000001f2   0x00000000   Code   RO         1795    .ARM.Collect$$libinit$$00000015  c_w.l(libinit2.o)(c_w.l)
    0x000001f2   0x00000000   Code   RO         1797    .ARM.Collect$$libinit$$00000017  c_w.l(libinit2.o)(c_w.l)
    0x000001f2   0x00000000   Code   RO         1799    .ARM.Collect$$libinit$$00000019  c_w.l(libinit2.o)(c_w.l)
    0x000001f2   0x00000000   Code   RO         1801    .ARM.Collect$$libinit$$0000001B  c_w.l(libinit2.o)(c_w.l)
    0x000001f2   0x00000000   Code   RO         1803    .ARM.Collect$$libinit$$0000001D  c_w.l(libinit2.o)(c_w.l)
    0x000001f2   0x00000000   Code   RO         1805    .ARM.Collect$$libinit$$0000001F  c_w.l(libinit2.o)(c_w.l)
    0x000001f2   0x00000004   Code   RO         1806    .ARM.Collect$$libinit$$00000020  c_w.l(libinit2.o)(c_w.l)
    0x000001f6   0x00000000   Code   RO         1807    .ARM.Collect$$libinit$$00000021  c_w.l(libinit2.o)(c_w.l)
    0x000001f6   0x00000000   Code   RO         1811    .ARM.Collect$$libinit$$00000028  c_w.l(libinit2.o)(c_w.l)
    0x000001f6   0x00000000   Code   RO         1813    .ARM.Collect$$libinit$$0000002A  c_w.l(libinit2.o)(c_w.l)
    0x000001f6   0x00000000   Code   RO         1815    .ARM.Collect$$libinit$$0000002C  c_w.l(libinit2.o)(c_w.l)
    0x000001f6   0x00000004   Code   RO         1816    .ARM.Collect$$libinit$$0000002D  c_w.l(libinit2.o)(c_w.l)
    0x000001fa   0x00000000   Code   RO         1817    .ARM.Collect$$libinit$$0000002E  c_w.l(libinit2.o)(c_w.l)
    0x000001fa   0x00000002   Code   RO         1818    .ARM.Collect$$libinit$$0000002F  c_w.l(libinit2.o)(c_w.l)
    0x000001fc   0x00000006   Code   RO         1819    .ARM.Collect$$libshutdown$$00000001  c_w.l(libshutdown2.o)(c_w.l)
    0x00000202   0x00000000   Code   RO         1821    .ARM.Collect$$libshutdown$$00000003  c_w.l(libshutdown2.o)(c_w.l)
    0x00000202   0x00000000   Code   RO         1635    .ARM.Collect$$rtentry$$00000000  c_w.l(rtentry.o)(c_w.l)
    0x00000202   0x00000000   Code   RO         1926    .ARM.Collect$$rtentry$$00000002  c_w.l(rtentry2.o)(c_w.l)
    0x00000202   0x00000006   Code   RO         1941    .ARM.Collect$$rtentry$$00000004  c_w.l(rtentry4.o)(c_w.l)
    0x00000208   0x00000000   Code   RO         1928    .ARM.Collect$$rtentry$$00000009  c_w.l(rtentry2.o)(c_w.l)
    0x00000208   0x00000004   Code   RO         1929    .ARM.Collect$$rtentry$$0000000A  c_w.l(rtentry2.o)(c_w.l)
    0x0000020c   0x00000000   Code   RO         1931    .ARM.Collect$$rtentry$$0000000C  c_w.l(rtentry2.o)(c_w.l)
    0x0000020c   0x00000008   Code   RO         1932    .ARM.Collect$$rtentry$$0000000D  c_w.l(rtentry2.o)(c_w.l)
    0x00000214   0x00000000   Code   RO         1954    .emb_text           c_w.l(maybetermalloc1.o)(c_w.l)
    0x00000214   0x00000024   Code   RO          454    .text               startup_LPC17xx.o
    0x00000238   0x00000012   Code   RO         1229    .text               c_w.l(sys_system.o)(c_w.l)
    0x0000024a   0x00000064   Code   RO         1235    .text               c_w.l(h1_alloc.o)(c_w.l)
    0x000002ae   0x0000004e   Code   RO         1237    .text               c_w.l(h1_free.o)(c_w.l)
    0x000002fc   0x00000004   Code   RO          453    .ARM.__at_0x02FC    startup_LPC17xx.o
    0x00000300   0x0000039c   Code   RO            3    .text               mrf24j40.o
    0x0000069c   0x000004f4   Code   RO          280    .text               m3pi.o
    0x00000b90   0x00000e84   Code   RO          338    .text               beta1.o
    0x00001a14   0x0000000a   Code   RO         1295    .text               c_w.l(c89vfprintf.o)(c_w.l)
    0x00001a1e   0x00000002   PAD
    0x00001a20   0x00000018   Code   RO         1297    .text               c_w.l(__2printf.o)(c_w.l)
    0x00001a38   0x00000014   Code   RO         1299    .text               c_w.l(__2fprintf.o)(c_w.l)
    0x00001a4c   0x0000002c   Code   RO         1301    .text               c_w.l(__2sprintf.o)(c_w.l)
    0x00001a78   0x00000052   Code   RO         1311    .text               c_w.l(_printf_str.o)(c_w.l)
    0x00001aca   0x00000002   PAD
    0x00001acc   0x00000074   Code   RO         1313    .text               c_w.l(_printf_dec.o)(c_w.l)
    0x00001b40   0x0000009c   Code   RO         1333    .text               c_w.l(_printf_hex_int_ll_ptr.o)(c_w.l)
    0x00001bdc   0x0000019c   Code   RO         1351    .text               c_w.l(__printf_flags_ss_wp.o)(c_w.l)
    0x00001d78   0x0000003c   Code   RO         1360    .text               c_w.l(__0sscanf.o)(c_w.l)
    0x00001db4   0x0000014e   Code   RO         1362    .text               c_w.l(_scanf_int.o)(c_w.l)
    0x00001f02   0x00000002   PAD
    0x00001f04   0x00000064   Code   RO         1364    .text               c_w.l(fflush.o)(c_w.l)
    0x00001f68   0x000000e8   Code   RO         1378    .text               c_w.l(fopen.o)(c_w.l)
    0x00002050   0x00000010   Code   RO         1380    .text               c_w.l(setbuf.o)(c_w.l)
    0x00002060   0x0000004c   Code   RO         1388    .text               c_w.l(fclose.o)(c_w.l)
    0x000020ac   0x0000003e   Code   RO         1403    .text               c_w.l(strlen.o)(c_w.l)
    0x000020ea   0x0000008c   Code   RO         1405    .text               c_w.l(strncmp.o)(c_w.l)
    0x00002176   0x00000002   PAD
    0x00002178   0x00000080   Code   RO         1409    .text               c_w.l(strcmpv7m.o)(c_w.l)
    0x000021f8   0x00000024   Code   RO         1418    .text               c_w.l(init_aeabi.o)(c_w.l)
    0x0000221c   0x00000002   Code   RO         1631    .text               c_w.l(use_no_semi.o)(c_w.l)
    0x0000221e   0x00000002   PAD
    0x00002220   0x0000000c   Code   RO         1641    .text               c_w.l(rt_heap_descriptor.o)(c_w.l)
    0x0000222c   0x0000000c   Code   RO         1646    .text               c_w.l(rt_new_handler_addr.o)(c_w.l)
    0x00002238   0x0000000c   Code   RO         1651    .text               c_w.l(rt_ddtor_pointer_addr.o)(c_w.l)
    0x00002244   0x00000004   Code   RO         1656    .text               c_w.l(hguard.o)(c_w.l)
    0x00002248   0x0000008a   Code   RO         1658    .text               c_w.l(init_alloc.o)(c_w.l)
    0x000022d2   0x0000000e   Code   RO         1662    .text               c_w.l(h1_init.o)(c_w.l)
    0x000022e0   0x00000016   Code   RO         1676    .text               c_w.l(_rserrno.o)(c_w.l)
    0x000022f6   0x00000050   Code   RO         1678    .text               c_w.l(_printf_pad.o)(c_w.l)
    0x00002346   0x00000024   Code   RO         1680    .text               c_w.l(_printf_truncate.o)(c_w.l)
    0x0000236a   0x000000b4   Code   RO         1682    .text               c_w.l(_printf_intcommon.o)(c_w.l)
    0x0000241e   0x0000002a   Code   RO         1684    .text               c_w.l(_printf_charcount.o)(c_w.l)
    0x00002448   0x00000030   Code   RO         1686    .text               c_w.l(_printf_char_common.o)(c_w.l)
    0x00002478   0x0000000a   Code   RO         1688    .text               c_w.l(_sputc.o)(c_w.l)
    0x00002482   0x0000002c   Code   RO         1690    .text               c_w.l(_printf_char.o)(c_w.l)
    0x000024ae   0x00000002   PAD
    0x000024b0   0x00000024   Code   RO         1692    .text               c_w.l(_printf_char_file.o)(c_w.l)
    0x000024d4   0x000000bc   Code   RO         1694    .text               c_w.l(_printf_wctomb.o)(c_w.l)
    0x00002590   0x00000078   Code   RO         1697    .text               c_w.l(_printf_longlong_dec.o)(c_w.l)
    0x00002608   0x00000078   Code   RO         1703    .text               c_w.l(_printf_oct_int_ll.o)(c_w.l)
    0x00002680   0x00000020   Code   RO         1725    .text               c_w.l(_chval.o)(c_w.l)
    0x000026a0   0x00000030   Code   RO         1731    .text               c_w.l(scanf_char.o)(c_w.l)
    0x000026d0   0x00000040   Code   RO         1733    .text               c_w.l(_sgetc.o)(c_w.l)
    0x00002710   0x00000008   Code   RO         1743    .text               c_w.l(ferror.o)(c_w.l)
    0x00002718   0x00000228   Code   RO         1745    .text               c_w.l(filbuf.o)(c_w.l)
    0x00002940   0x000001ce   Code   RO         1747    .text               c_w.l(flsbuf.o)(c_w.l)
    0x00002b0e   0x00000002   PAD
    0x00002b10   0x000000f8   Code   RO         1749    .text               c_w.l(fseek.o)(c_w.l)
    0x00002c08   0x00000046   Code   RO         1751    .text               c_w.l(setvbuf.o)(c_w.l)
    0x00002c4e   0x00000002   PAD
    0x00002c50   0x000000f0   Code   RO         1753    .text               c_w.l(stdio.o)(c_w.l)
    0x00002d40   0x00000138   Code   RO         1756    .text               c_w.l(initio.o)(c_w.l)
    0x00002e78   0x0000000e   Code   RO         1764    .text               c_w.l(defsig_pvfn_outer.o)(c_w.l)
    0x00002e86   0x0000004e   Code   RO         1772    .text               c_w.l(rt_memclr_w.o)(c_w.l)
    0x00002ed4   0x00000010   Code   RO         1774    .text               c_w.l(rtudiv10.o)(c_w.l)
    0x00002ee4   0x00000004   Code   RO         1843    .text               cpprt_w.l(arm_newhandler_noexceptions.o)(cpprt_w.l)
    0x00002ee8   0x0000000c   Code   RO         1947    .text               c_w.l(rt_errno_addr.o)(c_w.l)
    0x00002ef4   0x00000032   Code   RO         1958    .text               c_w.l(h1_extend.o)(c_w.l)
    0x00002f26   0x0000008a   Code   RO         1962    .text               c_w.l(lludiv10.o)(c_w.l)
    0x00002fb0   0x00000012   Code   RO         1964    .text               c_w.l(isspace.o)(c_w.l)
    0x00002fc2   0x0000040e   Code   RO         1966    .text               c_w.l(_printf_fp_dec.o)(c_w.l)
    0x000033d0   0x0000002c   Code   RO         1972    .text               c_w.l(_printf_wchar.o)(c_w.l)
    0x000033fc   0x00000388   Code   RO         1974    .text               c_w.l(_scanf.o)(c_w.l)
    0x00003784   0x00000046   Code   RO         1984    .text               c_w.l(ftell.o)(c_w.l)
    0x000037ca   0x00000002   PAD
    0x000037cc   0x00000034   Code   RO         1992    .text               c_w.l(flushlinebuffered.o)(c_w.l)
    0x00003800   0x00000040   Code   RO         2010    .text               c_w.l(_wcrtomb.o)(c_w.l)
    0x00003840   0x0000000a   Code   RO         2012    .text               c_w.l(defsig_exit.o)(c_w.l)
    0x0000384a   0x0000000e   Code   RO         2014    .text               c_w.l(defsig_rtred_outer.o)(c_w.l)
    0x00003858   0x0000000e   Code   RO         2018    .text               c_w.l(defsig_rtmem_outer.o)(c_w.l)
    0x00003866   0x00000002   PAD
    0x00003868   0x00000030   Code   RO         2022    .text               c_w.l(defsig_pvfn_inner.o)(c_w.l)
    0x00003898   0x0000004c   Code   RO         2026    .text               c_w.l(heapauxa.o)(c_w.l)
    0x000038e4   0x0000001a   Code   RO         2035    .text               cpprt_w.l(arm_exceptions_terminate.o)(cpprt_w.l)
    0x000038fe   0x00000002   PAD
    0x00003900   0x0000000c   Code   RO         2059    .text               c_w.l(sys_exit.o)(c_w.l)
    0x0000390c   0x00000010   Code   RO         2061    .text               c_w.l(rt_ctype_table.o)(c_w.l)
    0x0000391c   0x0000000c   Code   RO         2063    .text               c_w.l(rt_locale.o)(c_w.l)
    0x00003928   0x0000007c   Code   RO         2070    .text               c_w.l(_printf_fp_infnan.o)(c_w.l)
    0x000039a4   0x000000ec   Code   RO         2072    .text               c_w.l(bigflt0.o)(c_w.l)
    0x00003a90   0x00000010   Code   RO         2102    .text               c_w.l(abort.o)(c_w.l)
    0x00003aa0   0x00000032   Code   RO         2106    .text               c_w.l(defsig_general.o)(c_w.l)
    0x00003ad2   0x00000002   PAD
    0x00003ad4   0x00000034   Code   RO         2112    .text               c_w.l(defsig_rtred_inner.o)(c_w.l)
    0x00003b08   0x0000004c   Code   RO         2114    .text               c_w.l(defsig_rtmem_inner.o)(c_w.l)
    0x00003b54   0x00000050   Code   RO         2135    .text               cpprt_w.l(arm_exceptions_globs.o)(cpprt_w.l)
    0x00003ba4   0x0000000e   Code   RO         2160    .text               c_w.l(sys_wrch.o)(c_w.l)
    0x00003bb2   0x00000002   PAD
    0x00003bb4   0x0000000c   Code   RO         2162    .text               c_w.l(rt_eh_globals_addr.o)(c_w.l)
    0x00003bc0   0x0000000e   Code   RO         2180    .text               c_w.l(defsig_abrt_outer.o)(c_w.l)
    0x00003bce   0x0000003c   Code   RO         2188    .text               cpprt_w.l(arm_exceptions_mem.o)(cpprt_w.l)
    0x00003c0a   0x00000002   PAD
    0x00003c0c   0x0000000c   Code   RO         2201    .text               c_w.l(rt_fp_status_addr.o)(c_w.l)
    0x00003c18   0x00000030   Code   RO         2208    .text               c_w.l(defsig_abrt_inner.o)(c_w.l)
    0x00003c48   0x0000003e   Code   RO         2075    CL$$btod_d2e        c_w.l(btod.o)(c_w.l)
    0x00003c86   0x00000046   Code   RO         2077    CL$$btod_d2e_denorm_low  c_w.l(btod.o)(c_w.l)
    0x00003ccc   0x00000060   Code   RO         2076    CL$$btod_d2e_norm_op1  c_w.l(btod.o)(c_w.l)
    0x00003d2c   0x00000338   Code   RO         2085    CL$$btod_div_common  c_w.l(btod.o)(c_w.l)
    0x00004064   0x000000c6   Code   RO         2082    CL$$btod_e2e        c_w.l(btod.o)(c_w.l)
    0x0000412a   0x00000028   Code   RO         2079    CL$$btod_ediv       c_w.l(btod.o)(c_w.l)
    0x00004152   0x00000028   Code   RO         2078    CL$$btod_emul       c_w.l(btod.o)(c_w.l)
    0x0000417a   0x00000244   Code   RO         2084    CL$$btod_mult_common  c_w.l(btod.o)(c_w.l)
    0x000043be   0x0000000e   Code   RO          458    i.$Sub$$main        retarget.o
    0x000043cc   0x00000006   Code   RO          856    i.<Func1>           mbed.ar(SerialBase.o)(mbed.ar)
    0x000043d2   0x00000002   PAD
    0x000043d4   0x00000030   Code   RO          438    i.NVIC_SetVector    cmsis_nvic.o
    0x00004404   0x0000009c   Code   RO          446    i.SystemInit        system_LPC17xx.o
    0x000044a0   0x00000020   Code   RO          459    i._Z11init_serialv  retarget.o
    0x000044c0   0x00000028   Code   RO          297    i._ZN4m3piD1Ev      m3pi.o
    0x000044e8   0x0000000e   Code   RO          701    i._ZN4mbed10DigitalOutC1E7PinName  mbed.ar(BusOut.o)(mbed.ar)
    0x000044f6   0x0000001a   Code   RO           19    i._ZN4mbed10DigitalOutaSEi  mrf24j40.o
    0x00004510   0x0000003a   Code   RO          555    i._ZN4mbed10FileHandle4flenEv  retarget.o
    0x0000454a   0x00000002   PAD
    0x0000454c   0x00000028   Code   RO          461    i._ZN4mbed10FileHandleD2Ev  retarget.o
    0x00004574   0x00000004   Code   RO          857    i._ZN4mbed10SerialBase10_base_getcEv  mbed.ar(SerialBase.o)(mbed.ar)
    0x00004578   0x0000000c   Code   RO          858    i._ZN4mbed10SerialBase10_base_putcEi  mbed.ar(SerialBase.o)(mbed.ar)
    0x00004584   0x0000000e   Code   RO          860    i._ZN4mbed10SerialBase12_irq_handlerEj9SerialIrq  mbed.ar(SerialBase.o)(mbed.ar)
    0x00004592   0x0000000e   Code   RO          861    i._ZN4mbed10SerialBase4baudEi  mbed.ar(SerialBase.o)(mbed.ar)
    0x000045a0   0x0000003c   Code   RO          866    i._ZN4mbed10SerialBaseC1E7PinNameS1_  mbed.ar(SerialBase.o)(mbed.ar)
    0x000045dc   0x00000018   Code   RO         1139    i._ZN4mbed15FunctionPointer4callEv  mbed.ar(FunctionPointer.o)(mbed.ar)
    0x000045f4   0x00000008   Code   RO         1141    i._ZN4mbed15FunctionPointerC1EPFvvE  mbed.ar(FunctionPointer.o)(mbed.ar)
    0x000045fc   0x00000032   Code   RO          794    i._ZN4mbed3I2C4readEiPcib  mbed.ar(I2C.o)(mbed.ar)
    0x0000462e   0x00000032   Code   RO          798    i._ZN4mbed3I2C5writeEiPKcib  mbed.ar(I2C.o)(mbed.ar)
    0x00004660   0x0000001c   Code   RO          799    i._ZN4mbed3I2C6aquireEv  mbed.ar(I2C.o)(mbed.ar)
    0x0000467c   0x0000001c   Code   RO          801    i._ZN4mbed3I2CC1E7PinNameS1_  mbed.ar(I2C.o)(mbed.ar)
    0x00004698   0x00000016   Code   RO          893    i._ZN4mbed3SPI5writeEi  mbed.ar(SPI.o)(mbed.ar)
    0x000046ae   0x00000002   PAD
    0x000046b0   0x00000028   Code   RO          894    i._ZN4mbed3SPI6aquireEv  mbed.ar(SPI.o)(mbed.ar)
    0x000046d8   0x00000014   Code   RO          895    i._ZN4mbed3SPI6formatEii  mbed.ar(SPI.o)(mbed.ar)
    0x000046ec   0x00000010   Code   RO          896    i._ZN4mbed3SPI9frequencyEi  mbed.ar(SPI.o)(mbed.ar)
    0x000046fc   0x0000003c   Code   RO          897    i._ZN4mbed3SPIC1E7PinNameS1_S1_S1_  mbed.ar(SPI.o)(mbed.ar)
    0x00004738   0x00000028   Code   RO          670    i._ZN4mbed6BusOut5writeEi  mbed.ar(BusOut.o)(mbed.ar)
    0x00004760   0x0000007c   Code   RO          671    i._ZN4mbed6BusOutC1E7PinNameS1_S1_S1_S1_S1_S1_S1_S1_S1_S1_S1_S1_S1_S1_S1_  mbed.ar(BusOut.o)(mbed.ar)
    0x000047dc   0x00000024   Code   RO          674    i._ZN4mbed6BusOutD1Ev  mbed.ar(BusOut.o)(mbed.ar)
    0x00004800   0x0000000c   Code   RO          676    i._ZN4mbed6BusOutaSEi  mbed.ar(BusOut.o)(mbed.ar)
    0x0000480c   0x00000006   Code   RO          825    i._ZN4mbed6Serial5_getcEv  mbed.ar(Serial.o)(mbed.ar)
    0x00004812   0x00000006   Code   RO          826    i._ZN4mbed6Serial5_putcEi  mbed.ar(Serial.o)(mbed.ar)
    0x00004818   0x00000020   Code   RO          827    i._ZN4mbed6SerialC1E7PinNameS1_PKc  mbed.ar(Serial.o)(mbed.ar)
    0x00004838   0x00000004   Code   RO          838    i._ZN4mbed6SerialD1Ev  mbed.ar(Serial.o)(mbed.ar)
    0x0000483c   0x00000004   Code   RO          917    i._ZN4mbed6Stream4flenEv  mbed.ar(Stream.o)(mbed.ar)
    0x00004840   0x00000014   Code   RO          918    i._ZN4mbed6Stream4getcEv  mbed.ar(Stream.o)(mbed.ar)
    0x00004854   0x00000018   Code   RO          920    i._ZN4mbed6Stream4putcEi  mbed.ar(Stream.o)(mbed.ar)
    0x0000486c   0x00000028   Code   RO          922    i._ZN4mbed6Stream4readEPvj  mbed.ar(Stream.o)(mbed.ar)
    0x00004894   0x00000004   Code   RO          923    i._ZN4mbed6Stream5closeEv  mbed.ar(Stream.o)(mbed.ar)
    0x00004898   0x00000004   Code   RO          925    i._ZN4mbed6Stream5lseekEli  mbed.ar(Stream.o)(mbed.ar)
    0x0000489c   0x00000028   Code   RO          927    i._ZN4mbed6Stream5writeEPKvj  mbed.ar(Stream.o)(mbed.ar)
    0x000048c4   0x00000004   Code   RO          928    i._ZN4mbed6Stream6isattyEv  mbed.ar(Stream.o)(mbed.ar)
    0x000048c8   0x0000001e   Code   RO          929    i._ZN4mbed6Stream6printfEPKcz  mbed.ar(Stream.o)(mbed.ar)
    0x000048e6   0x00000002   PAD
    0x000048e8   0x0000003c   Code   RO          930    i._ZN4mbed6StreamC2EPKc  mbed.ar(Stream.o)(mbed.ar)
    0x00004924   0x00000020   Code   RO          932    i._ZN4mbed6StreamD2Ev  mbed.ar(Stream.o)(mbed.ar)
    0x00004944   0x00000012   Code   RO          368    i._ZN4mbed8AnalogInC1E7PinName  beta1.o
    0x00004956   0x0000000e   Code   RO          359    i._ZN4mbed8AnalogIncvfEv  beta1.o
    0x00004964   0x00000004   Code   RO         1088    i._ZN4mbed8FileBase11getPathTypeEv  mbed.ar(FileBase.o)(mbed.ar)
    0x00004968   0x00000038   Code   RO         1090    i._ZN4mbed8FileBase6lookupEPKcj  mbed.ar(FileBase.o)(mbed.ar)
    0x000049a0   0x00000024   Code   RO         1092    i._ZN4mbed8FileBaseC1EPKcNS_8PathTypeE  mbed.ar(FileBase.o)(mbed.ar)
    0x000049c4   0x00000030   Code   RO         1094    i._ZN4mbed8FileBaseD1Ev  mbed.ar(FileBase.o)(mbed.ar)
    0x000049f4   0x00000020   Code   RO         1118    i._ZN4mbed8FileLikeC2EPKc  mbed.ar(FileLike.o)(mbed.ar)
    0x00004a14   0x00000012   Code   RO         1120    i._ZN4mbed8FileLikeD2Ev  mbed.ar(FileLike.o)(mbed.ar)
    0x00004a26   0x00000010   Code   RO          708    i._ZN4mbed8FilePath10fileSystemEv  mbed.ar(FilePath.o)(mbed.ar)
    0x00004a36   0x00000014   Code   RO          709    i._ZN4mbed8FilePath12isFileSystemEv  mbed.ar(FilePath.o)(mbed.ar)
    0x00004a4a   0x00000016   Code   RO          710    i._ZN4mbed8FilePath4fileEv  mbed.ar(FilePath.o)(mbed.ar)
    0x00004a60   0x0000000a   Code   RO          711    i._ZN4mbed8FilePath6existsEv  mbed.ar(FilePath.o)(mbed.ar)
    0x00004a6a   0x00000016   Code   RO          712    i._ZN4mbed8FilePath6isFileEv  mbed.ar(FilePath.o)(mbed.ar)
    0x00004a80   0x00000004   Code   RO          713    i._ZN4mbed8FilePath8fileNameEv  mbed.ar(FilePath.o)(mbed.ar)
    0x00004a84   0x0000003e   Code   RO          714    i._ZN4mbed8FilePathC1EPKc  mbed.ar(FilePath.o)(mbed.ar)
    0x00004ac2   0x00000008   Code   RO         1423    i._ZdlPv            cpprt_w.l(delete.o)(cpprt_w.l)
    0x00004aca   0x00000002   PAD
    0x00004acc   0x00000028   Code   RO         1426    i._Znwj             cpprt_w.l(new.o)(cpprt_w.l)
    0x00004af4   0x00000028   Code   RO         2055    i.__ARM_fpclassify  m_ws.l(fpclassify.o)(m_ws.l)
    0x00004b1c   0x00000030   Code   RO         1433    i.__aeabi_atexit    cpprt_w.l(aeabi_atexit.o)(cpprt_w.l)
    0x00004b4c   0x00000022   Code   RO         1436    i.__aeabi_vec_ctor_nocookie_nodtor  cpprt_w.l(aeabi_vec_ctor_nocookie_nodtor.o)(cpprt_w.l)
    0x00004b6e   0x00000042   Code   RO         1859    i.__cxa_finalize    cpprt_w.l(cxa_finalize.o)(cpprt_w.l)
    0x00004bb0   0x00000006   Code   RO         1430    i.__cxa_pure_virtual  cpprt_w.l(pure_virt.o)(cpprt_w.l)
    0x00004bb6   0x00000002   PAD
    0x00004bb8   0x00000388   Code   RO         1911    i.__ieee754_rem_pio2  m_ws.l(rred.o)(m_ws.l)
    0x00004f40   0x000000fc   Code   RO         1907    i.__kernel_cos      m_ws.l(cos_i.o)(m_ws.l)
    0x0000503c   0x000000aa   Code   RO         2057    i.__kernel_poly     m_ws.l(poly.o)(m_ws.l)
    0x000050e6   0x00000002   PAD
    0x000050e8   0x000000f0   Code   RO         1916    i.__kernel_sin      m_ws.l(sin_i.o)(m_ws.l)
    0x000051d8   0x00000010   Code   RO         2053    i.__mathlib_dbl_underflow  m_ws.l(dunder.o)(m_ws.l)
    0x000051e8   0x00000010   Code   RO          432    i.__user_setup_stackheap  sys.o
    0x000051f8   0x00000028   Code   RO          462    i._sys_close        retarget.o
    0x00005220   0x00000024   Code   RO          465    i._sys_flen         retarget.o
    0x00005244   0x00000024   Code   RO          466    i._sys_istty        retarget.o
    0x00005268   0x000000f4   Code   RO          467    i._sys_open         retarget.o
    0x0000535c   0x0000003c   Code   RO          468    i._sys_read         retarget.o
    0x00005398   0x00000028   Code   RO          469    i._sys_seek         retarget.o
    0x000053c0   0x00000054   Code   RO          470    i._sys_write        retarget.o
    0x00005414   0x00000038   Code   RO          563    i.adc_read          mbed.ar(analogin_api.o)(mbed.ar)
    0x0000544c   0x00000036   Code   RO          564    i.adc_read_u32      mbed.ar(analogin_api.o)(mbed.ar)
    0x00005482   0x00000002   PAD
    0x00005484   0x0000009c   Code   RO          565    i.analogin_init     mbed.ar(analogin_api.o)(mbed.ar)
    0x00005520   0x00000018   Code   RO          566    i.analogin_read     mbed.ar(analogin_api.o)(mbed.ar)
    0x00005538   0x00000224   Code   RO         1898    i.atan              m_ws.l(atan.o)(m_ws.l)
    0x0000575c   0x00000180   Code   RO         1596    i.atan2             m_ws.l(atan2.o)(m_ws.l)
    0x000058dc   0x000000ac   Code   RO         1604    i.cos               m_ws.l(cos.o)(m_ws.l)
    0x00005988   0x00000014   Code   RO         1072    i.exit              mbed.ar(exit.o)(mbed.ar)
    0x0000599c   0x00000018   Code   RO         1367    i.fgetc             c_w.l(fgetc.o)(c_w.l)
    0x000059b4   0x000000dc   Code   RO         1612    i.floor             m_ws.l(floor.o)(m_ws.l)
    0x00005a90   0x0000001a   Code   RO         1373    i.fputc             c_w.l(fputc.o)(c_w.l)
    0x00005aaa   0x0000001c   Code   RO          580    i.gpio_dir          mbed.ar(gpio_api.o)(mbed.ar)
    0x00005ac6   0x0000004a   Code   RO          581    i.gpio_init         mbed.ar(gpio_api.o)(mbed.ar)
    0x00005b10   0x00000014   Code   RO          583    i.gpio_set          mbed.ar(gpio_api.o)(mbed.ar)
    0x00005b24   0x0000000e   Code   RO         1150    i.gpio_write        mbed.ar(board.o)(mbed.ar)
    0x00005b32   0x00000010   Code   RO          983    i.i2c_clear_SI      mbed.ar(i2c_api.o)(mbed.ar)
    0x00005b42   0x00000018   Code   RO          984    i.i2c_conclr        mbed.ar(i2c_api.o)(mbed.ar)
    0x00005b5a   0x00000018   Code   RO          985    i.i2c_conset        mbed.ar(i2c_api.o)(mbed.ar)
    0x00005b72   0x00000032   Code   RO          986    i.i2c_do_read       mbed.ar(i2c_api.o)(mbed.ar)
    0x00005ba4   0x0000001a   Code   RO          987    i.i2c_do_write      mbed.ar(i2c_api.o)(mbed.ar)
    0x00005bbe   0x00000002   PAD
    0x00005bc0   0x0000001c   Code   RO          988    i.i2c_frequency     mbed.ar(i2c_api.o)(mbed.ar)
    0x00005bdc   0x000000cc   Code   RO          989    i.i2c_init          mbed.ar(i2c_api.o)(mbed.ar)
    0x00005ca8   0x0000009e   Code   RO          990    i.i2c_read          mbed.ar(i2c_api.o)(mbed.ar)
    0x00005d46   0x0000003e   Code   RO          997    i.i2c_start         mbed.ar(i2c_api.o)(mbed.ar)
    0x00005d84   0x00000038   Code   RO          998    i.i2c_stop          mbed.ar(i2c_api.o)(mbed.ar)
    0x00005dbc   0x00000024   Code   RO          999    i.i2c_wait_SI       mbed.ar(i2c_api.o)(mbed.ar)
    0x00005de0   0x00000072   Code   RO         1000    i.i2c_write         mbed.ar(i2c_api.o)(mbed.ar)
    0x00005e52   0x00000002   PAD
    0x00005e54   0x00000084   Code   RO         1151    i.mbed_die          mbed.ar(board.o)(mbed.ar)
    0x00005ed8   0x00000004   Code   RO         1158    i.mbed_interface_connected  mbed.ar(mbed_interface.o)(mbed.ar)
    0x00005edc   0x00000002   Code   RO          472    i.mbed_main         retarget.o
    0x00005ede   0x0000000e   Code   RO          568    i.order             mbed.ar(analogin_api.o)(mbed.ar)
    0x00005eec   0x00000034   Code   RO         1026    i.pin_function      mbed.ar(pinmap.o)(mbed.ar)
    0x00005f20   0x00000054   Code   RO         1027    i.pin_mode          mbed.ar(pinmap.o)(mbed.ar)
    0x00005f74   0x00000038   Code   RO         1078    i.pinmap_merge      mbed.ar(pinmap_common.o)(mbed.ar)
    0x00005fac   0x0000004c   Code   RO         1079    i.pinmap_peripheral  mbed.ar(pinmap_common.o)(mbed.ar)
    0x00005ff8   0x00000054   Code   RO         1080    i.pinmap_pinout     mbed.ar(pinmap_common.o)(mbed.ar)
    0x0000604c   0x000000bc   Code   RO          593    i.pwmout_init       mbed.ar(pwmout_api.o)(mbed.ar)
    0x00006108   0x0000000a   Code   RO          595    i.pwmout_period_ms  mbed.ar(pwmout_api.o)(mbed.ar)
    0x00006112   0x00000002   PAD
    0x00006114   0x00000038   Code   RO          596    i.pwmout_period_us  mbed.ar(pwmout_api.o)(mbed.ar)
    0x0000614c   0x0000004c   Code   RO          601    i.pwmout_write      mbed.ar(pwmout_api.o)(mbed.ar)
    0x00006198   0x00000010   Code   RO         1179    i.semihost_connected  mbed.ar(semihost_api.o)(mbed.ar)
    0x000061a8   0x0000000c   Code   RO         1182    i.semihost_exit     mbed.ar(semihost_api.o)(mbed.ar)
    0x000061b4   0x0000017c   Code   RO          618    i.serial_baud       mbed.ar(serial_api.o)(mbed.ar)
    0x00006330   0x000000f0   Code   RO          622    i.serial_format     mbed.ar(serial_api.o)(mbed.ar)
    0x00006420   0x0000000e   Code   RO          624    i.serial_getc       mbed.ar(serial_api.o)(mbed.ar)
    0x0000642e   0x00000002   PAD
    0x00006430   0x00000144   Code   RO          625    i.serial_init       mbed.ar(serial_api.o)(mbed.ar)
    0x00006574   0x00000018   Code   RO          626    i.serial_irq_handler  mbed.ar(serial_api.o)(mbed.ar)
    0x0000658c   0x0000001c   Code   RO          629    i.serial_putc       mbed.ar(serial_api.o)(mbed.ar)
    0x000065a8   0x0000001c   Code   RO          631    i.serial_writable   mbed.ar(serial_api.o)(mbed.ar)
    0x000065c4   0x000000b0   Code   RO         1616    i.sin               m_ws.l(sin.o)(m_ws.l)
    0x00006674   0x0000008c   Code   RO         1035    i.spi_format        mbed.ar(spi_api.o)(mbed.ar)
    0x00006700   0x000000f8   Code   RO         1037    i.spi_frequency     mbed.ar(spi_api.o)(mbed.ar)
    0x000067f8   0x00000118   Code   RO         1038    i.spi_init          mbed.ar(spi_api.o)(mbed.ar)
    0x00006910   0x0000001a   Code   RO         1039    i.spi_master_write  mbed.ar(spi_api.o)(mbed.ar)
    0x0000692a   0x0000004a   Code   RO         1624    i.sqrt              m_ws.l(sqrt.o)(m_ws.l)
    0x00006974   0x0000000c   Code   RO         1057    i.us_ticker_clear_interrupt  mbed.ar(us_ticker.o)(mbed.ar)
    0x00006980   0x00000010   Code   RO         1058    i.us_ticker_disable_interrupt  mbed.ar(us_ticker.o)(mbed.ar)
    0x00006990   0x00000060   Code   RO         1059    i.us_ticker_init    mbed.ar(us_ticker.o)(mbed.ar)
    0x000069f0   0x00000040   Code   RO         1217    i.us_ticker_irq_handler  mbed.ar(us_ticker_api.o)(mbed.ar)
    0x00006a30   0x0000001c   Code   RO         1060    i.us_ticker_read    mbed.ar(us_ticker.o)(mbed.ar)
    0x00006a4c   0x00000014   Code   RO         1061    i.us_ticker_set_interrupt  mbed.ar(us_ticker.o)(mbed.ar)
    0x00006a60   0x00000018   Code   RO          661    i.wait              mbed.ar(wait_api.o)(mbed.ar)
    0x00006a78   0x0000000a   Code   RO          662    i.wait_ms           mbed.ar(wait_api.o)(mbed.ar)
    0x00006a82   0x00000016   Code   RO          663    i.wait_us           mbed.ar(wait_api.o)(mbed.ar)
    0x00006a98   0x0000002c   Code   RO         2100    locale$$code        c_w.l(lc_numeric_c.o)(c_w.l)
    0x00006ac4   0x0000002c   Code   RO         2176    locale$$code        c_w.l(lc_ctype_c.o)(c_w.l)
    0x00006af0   0x00000062   Code   RO         1539    x$fpl$d2f           fz_ws.l(d2f.o)(fz_ws.l)
    0x00006b52   0x00000002   PAD
    0x00006b54   0x0000014c   Code   RO         1541    x$fpl$dadd          fz_ws.l(daddsub_clz.o)(fz_ws.l)
    0x00006ca0   0x00000010   Code   RO         2051    x$fpl$dcheck1       fz_ws.l(dcheck1.o)(fz_ws.l)
    0x00006cb0   0x00000018   Code   RO         1872    x$fpl$dcmpinf       fz_ws.l(dcmpi.o)(fz_ws.l)
    0x00006cc8   0x000002b0   Code   RO         1548    x$fpl$ddiv          fz_ws.l(ddiv.o)(fz_ws.l)
    0x00006f78   0x0000005e   Code   RO         1551    x$fpl$dfix          fz_ws.l(dfix.o)(fz_ws.l)
    0x00006fd6   0x0000002e   Code   RO         1556    x$fpl$dflt          fz_ws.l(dflt_clz.o)(fz_ws.l)
    0x00007004   0x00000026   Code   RO         1555    x$fpl$dfltu         fz_ws.l(dflt_clz.o)(fz_ws.l)
    0x0000702a   0x00000002   PAD
    0x0000702c   0x00000078   Code   RO         1561    x$fpl$dleqf         fz_ws.l(dleqf.o)(fz_ws.l)
    0x000070a4   0x00000154   Code   RO         1563    x$fpl$dmul          fz_ws.l(dmul.o)(fz_ws.l)
    0x000071f8   0x0000009c   Code   RO         1874    x$fpl$dnaninf       fz_ws.l(dnaninf.o)(fz_ws.l)
    0x00007294   0x0000000c   Code   RO         1876    x$fpl$dretinf       fz_ws.l(dretinf.o)(fz_ws.l)
    0x000072a0   0x0000006c   Code   RO         1565    x$fpl$drleqf        fz_ws.l(drleqf.o)(fz_ws.l)
    0x0000730c   0x00000016   Code   RO         1542    x$fpl$drsb          fz_ws.l(daddsub_clz.o)(fz_ws.l)
    0x00007322   0x00000002   PAD
    0x00007324   0x000001cc   Code   RO         1878    x$fpl$dsqrt         fz_ws.l(dsqrt_noumaal.o)(fz_ws.l)
    0x000074f0   0x000001d4   Code   RO         1543    x$fpl$dsub          fz_ws.l(daddsub_clz.o)(fz_ws.l)
    0x000076c4   0x00000056   Code   RO         1567    x$fpl$f2d           fz_ws.l(f2d.o)(fz_ws.l)
    0x0000771a   0x00000002   PAD
    0x0000771c   0x000000c4   Code   RO         1569    x$fpl$fadd          fz_ws.l(faddsub_clz.o)(fz_ws.l)
    0x000077e0   0x00000184   Code   RO         1576    x$fpl$fdiv          fz_ws.l(fdiv.o)(fz_ws.l)
    0x00007964   0x00000036   Code   RO         1579    x$fpl$ffix          fz_ws.l(ffix.o)(fz_ws.l)
    0x0000799a   0x00000002   PAD
    0x0000799c   0x0000003e   Code   RO         1583    x$fpl$ffixu         fz_ws.l(ffixu.o)(fz_ws.l)
    0x000079da   0x00000002   PAD
    0x000079dc   0x00000030   Code   RO         1588    x$fpl$fflt          fz_ws.l(fflt_clz.o)(fz_ws.l)
    0x00007a0c   0x00000026   Code   RO         1587    x$fpl$ffltu         fz_ws.l(fflt_clz.o)(fz_ws.l)
    0x00007a32   0x00000002   PAD
    0x00007a34   0x00000102   Code   RO         1593    x$fpl$fmul          fz_ws.l(fmul.o)(fz_ws.l)
    0x00007b36   0x0000008c   Code   RO         1880    x$fpl$fnaninf       fz_ws.l(fnaninf.o)(fz_ws.l)
    0x00007bc2   0x0000000e   Code   RO         2193    x$fpl$fpinit        fz_ws.l(fpinit.o)(fz_ws.l)
    0x00007bd0   0x0000000a   Code   RO         1882    x$fpl$fretinf       fz_ws.l(fretinf.o)(fz_ws.l)
    0x00007bda   0x00000002   PAD
    0x00007bdc   0x000000ea   Code   RO         1571    x$fpl$fsub          fz_ws.l(faddsub_clz.o)(fz_ws.l)
    0x00007cc6   0x00000004   Code   RO         1884    x$fpl$printf1       fz_ws.l(printf1.o)(fz_ws.l)
    0x00007cca   0x00000064   Code   RO         2146    x$fpl$retnan        fz_ws.l(retnan.o)(fz_ws.l)
    0x00007d2e   0x00000060   Code   RO         1889    x$fpl$scalbn        fz_ws.l(scalbn.o)(fz_ws.l)
    0x00007d8e   0x00000030   Code   RO         2195    x$fpl$trapveneer    fz_ws.l(trapv.o)(fz_ws.l)
    0x00007dbe   0x00000000   Code   RO         1896    x$fpl$usenofp       fz_ws.l(usenofp.o)(fz_ws.l)
    0x00007dbe   0x00000017   Data   RO          509    .constdata          retarget.o
    0x00007dd5   0x00000003   PAD
    0x00007dd8   0x0000006c   Data   RO          569    .constdata          mbed.ar(analogin_api.o)(mbed.ar)
    0x00007e44   0x000000b4   Data   RO          602    .constdata          mbed.ar(pwmout_api.o)(mbed.ar)
    0x00007ef8   0x000000d8   Data   RO          638    .constdata          mbed.ar(serial_api.o)(mbed.ar)
    0x00007fd0   0x00000098   Data   RO         1001    .constdata          mbed.ar(i2c_api.o)(mbed.ar)
    0x00008068   0x000000f0   Data   RO         1043    .constdata          mbed.ar(spi_api.o)(mbed.ar)
    0x00008158   0x00000028   Data   RO         1334    .constdata          c_w.l(_printf_hex_int_ll_ptr.o)(c_w.l)
    0x00008180   0x00000011   Data   RO         1352    .constdata          c_w.l(__printf_flags_ss_wp.o)(c_w.l)
    0x00008191   0x00000003   PAD
    0x00008194   0x00000008   Data   RO         1695    .constdata          c_w.l(_printf_wctomb.o)(c_w.l)
    0x0000819c   0x00000004   PAD
    0x000081a0   0x00000098   Data   RO         1899    .constdata          m_ws.l(atan.o)(m_ws.l)
    0x00008238   0x00000030   Data   RO         1908    .constdata          m_ws.l(cos_i.o)(m_ws.l)
    0x00008268   0x00000008   Data   RO         1910    .constdata          m_ws.l(qnan.o)(m_ws.l)
    0x00008270   0x000000c8   Data   RO         1913    .constdata          m_ws.l(rred.o)(m_ws.l)
    0x00008338   0x00000028   Data   RO         1917    .constdata          m_ws.l(sin_i.o)(m_ws.l)
    0x00008360   0x00000094   Data   RO         2073    .constdata          c_w.l(bigflt0.o)(c_w.l)
    0x000083f4   0x00000044   Data   RO          296    .constdata__ZTV4m3pi  m3pi.o
    0x00008438   0x0000002c   Data   RO          554    .constdata__ZTVN4mbed10FileHandleE  retarget.o
    0x00008464   0x0000000c   Data   RO          912    .constdata__ZTVN4mbed3SPIE  mbed.ar(SPI.o)(mbed.ar)
    0x00008470   0x00000010   Data   RO          699    .constdata__ZTVN4mbed6BusOutE  mbed.ar(BusOut.o)(mbed.ar)
    0x00008480   0x00000044   Data   RO          837    .constdata__ZTVN4mbed6SerialE  mbed.ar(Serial.o)(mbed.ar)
    0x000084c4   0x00000044   Data   RO          976    .constdata__ZTVN4mbed6StreamE  mbed.ar(Stream.o)(mbed.ar)
    0x00008508   0x00000010   Data   RO         1113    .constdata__ZTVN4mbed8FileBaseE  mbed.ar(FileBase.o)(mbed.ar)
    0x00008518   0x0000003c   Data   RO         1136    .constdata__ZTVN4mbed8FileLikeE  mbed.ar(FileLike.o)(mbed.ar)
    0x00008554   0x00000020   Data   RO         2230    Region$$Table       anon$$obj.o
    0x00008574   0x0000001c   Data   RO         2099    locale$$data        c_w.l(lc_numeric_c.o)(c_w.l)
    0x00008590   0x00000110   Data   RO         2175    locale$$data        c_w.l(lc_ctype_c.o)(c_w.l)
    0x000086a0   0x00000004   Data   RO          342    .init_array         beta1.o


    Execution Region RW_IRAM1 (Base: 0x100000c8, Size: 0x000004d4, Max: 0x00007f38, ABSOLUTE)

    Base Addr    Size         Type   Attr      Idx    E Section Name        Object

    0x100000c8   0x00000074   Data   RW          341    .data               beta1.o
    0x1000013c   0x00000004   Data   RW          447    .data               system_LPC17xx.o
    0x10000140   0x00000020   Data   RW          603    .data               mbed.ar(pwmout_api.o)(mbed.ar)
    0x10000160   0x00000008   Data   RW          639    .data               mbed.ar(serial_api.o)(mbed.ar)
    0x10000168   0x00000004   Data   RW          811    .data               mbed.ar(I2C.o)(mbed.ar)
    0x1000016c   0x00000004   Data   RW          903    .data               mbed.ar(SPI.o)(mbed.ar)
    0x10000170   0x00000004   Data   RW         1062    .data               mbed.ar(us_ticker.o)(mbed.ar)
    0x10000174   0x00000004   Data   RW         1102    .data               mbed.ar(FileBase.o)(mbed.ar)
    0x10000178   0x00000008   Data   RW         1220    .data               mbed.ar(us_ticker_api.o)(mbed.ar)
    0x10000180   0x00000004   Data   RW         1385    .data               c_w.l(stdio_streams.o)(c_w.l)
    0x10000184   0x00000004   Data   RW         1386    .data               c_w.l(stdio_streams.o)(c_w.l)
    0x10000188   0x00000004   Data   RW         1387    .data               c_w.l(stdio_streams.o)(c_w.l)
    0x1000018c   0x00000004   Data   RW         2027    .data               c_w.l(heapauxa.o)(c_w.l)
    0x10000190   0x00000294   Zero   RW          340    .bss                beta1.o
    0x10000424   0x00000040   Zero   RW          508    .bss                retarget.o
    0x10000464   0x0000001c   Zero   RW          637    .bss                mbed.ar(serial_api.o)(mbed.ar)
    0x10000480   0x00000050   Zero   RW         1382    .bss                c_w.l(stdio_streams.o)(c_w.l)
    0x100004d0   0x00000050   Zero   RW         1383    .bss                c_w.l(stdio_streams.o)(c_w.l)
    0x10000520   0x00000050   Zero   RW         1384    .bss                c_w.l(stdio_streams.o)(c_w.l)
    0x10000570   0x00000004   Zero   RW         1642    .bss                c_w.l(rt_heap_descriptor.o)(c_w.l)
    0x10000574   0x00000004   Zero   RW         1647    .bss                c_w.l(rt_new_handler_addr.o)(c_w.l)
    0x10000578   0x00000004   Zero   RW         1652    .bss                c_w.l(rt_ddtor_pointer_addr.o)(c_w.l)
    0x1000057c   0x00000004   Zero   RW         1948    .bss                c_w.l(rt_errno_addr.o)(c_w.l)
    0x10000580   0x00000014   Zero   RW         2064    .bss                c_w.l(rt_locale.o)(c_w.l)
    0x10000594   0x00000004   Zero   RW         2163    .bss                c_w.l(rt_eh_globals_addr.o)(c_w.l)
    0x10000598   0x00000004   Zero   RW         2202    .bss                c_w.l(rt_fp_status_addr.o)(c_w.l)


    Execution Region RW_IRAM2 (Base: 0x2007c000, Size: 0x00000000, Max: 0xffffffff, ABSOLUTE)

    **** No section assigned to this execution region ****


    Execution Region RW_IRAM3 (Base: 0x20080000, Size: 0x00000000, Max: 0xffffffff, ABSOLUTE)

    **** No section assigned to this execution region ****


    Execution Region RW_IRAM4 (Base: 0x40038000, Size: 0x00000000, Max: 0xffffffff, ABSOLUTE)

    **** No section assigned to this execution region ****


==============================================================================

Image component sizes


      Code (inc. data)   RO Data    RW Data    ZI Data      Debug   Object Name

      3748        454          4        116        660          0   beta1.o
        48          6          0          0          0          0   cmsis_nvic.o
      1308         50         68          0          0          0   m3pi.o
       950          4          0          0          0          0   mrf24j40.o
       686         70         67          0         64          0   retarget.o
        40         12        196          0          0          0   startup_LPC17xx.o
        16          6          0          0          0          0   sys.o
       156         10          0          4          0          0   system_LPC17xx.o

    ----------------------------------------------------------------------
      6954        612        370        120        724          0   Object Totals
         0          0         32          0          0          0   (incl. Generated)
         2          0          3          0          0          0   (incl. Padding)

    ----------------------------------------------------------------------

      Code (inc. data)   RO Data    RW Data    ZI Data      Debug   Library Member Name

        60          8          0          0          0          0   __0sscanf.o
        20          0          0          0          0          0   __2fprintf.o
        24          4          0          0          0          0   __2printf.o
        44          6          0          0          0          0   __2sprintf.o
         8          0          0          0          0          0   __main.o
       412          6         17          0          0          0   __printf_flags_ss_wp.o
        52          8          0          0          0          0   __scatter.o
        26          0          0          0          0          0   __scatter_copy.o
        28          0          0          0          0          0   __scatter_zi.o
        32          0          0          0          0          0   _chval.o
         6          0          0          0          0          0   _printf_a.o
         6          0          0          0          0          0   _printf_c.o
        44          0          0          0          0          0   _printf_char.o
        48          6          0          0          0          0   _printf_char_common.o
        36          4          0          0          0          0   _printf_char_file.o
        42          0          0          0          0          0   _printf_charcount.o
         6          0          0          0          0          0   _printf_d.o
       116         18          0          0          0          0   _printf_dec.o
         6          0          0          0          0          0   _printf_e.o
         6          0          0          0          0          0   _printf_f.o
      1038          0          0          0          0          0   _printf_fp_dec.o
       124         16          0          0          0          0   _printf_fp_infnan.o
         6          0          0          0          0          0   _printf_g.o
       156          6         40          0          0          0   _printf_hex_int_ll_ptr.o
         6          0          0          0          0          0   _printf_i.o
       180          0          0          0          0          0   _printf_intcommon.o
        10          0          0          0          0          0   _printf_l.o
         6          0          0          0          0          0   _printf_lc.o
        10          0          0          0          0          0   _printf_ll.o
         6          0          0          0          0          0   _printf_lld.o
         6          0          0          0          0          0   _printf_lli.o
         6          0          0          0          0          0   _printf_llo.o
         6          0          0          0          0          0   _printf_llu.o
         6          0          0          0          0          0   _printf_llx.o
       120         16          0          0          0          0   _printf_longlong_dec.o
         6          0          0          0          0          0   _printf_ls.o
         6          0          0          0          0          0   _printf_n.o
         6          0          0          0          0          0   _printf_o.o
       120          8          0          0          0          0   _printf_oct_int_ll.o
         6          0          0          0          0          0   _printf_p.o
        80          0          0          0          0          0   _printf_pad.o
         0          0          0          0          0          0   _printf_percent.o
         4          0          0          0          0          0   _printf_percent_end.o
         6          0          0          0          0          0   _printf_s.o
        82          0          0          0          0          0   _printf_str.o
        36          0          0          0          0          0   _printf_truncate.o
         6          0          0          0          0          0   _printf_u.o
        44          0          0          0          0          0   _printf_wchar.o
       188          6          8          0          0          0   _printf_wctomb.o
         6          0          0          0          0          0   _printf_x.o
        22          0          0          0          0          0   _rserrno.o
       904          4          0          0          0          0   _scanf.o
       334          0          0          0          0          0   _scanf_int.o
        64          0          0          0          0          0   _sgetc.o
        10          0          0          0          0          0   _sputc.o
        64          0          0          0          0          0   _wcrtomb.o
        16          0          0          0          0          0   abort.o
       236          6        148          0          0          0   bigflt0.o
      1910        128          0          0          0          0   btod.o
        10          0          0          0          0          0   c89vfprintf.o
        48         34          0          0          0          0   defsig_abrt_inner.o
        14          0          0          0          0          0   defsig_abrt_outer.o
        10          0          0          0          0          0   defsig_exit.o
        50          0          0          0          0          0   defsig_general.o
        48         34          0          0          0          0   defsig_pvfn_inner.o
        14          0          0          0          0          0   defsig_pvfn_outer.o
        76         56          0          0          0          0   defsig_rtmem_inner.o
        14          0          0          0          0          0   defsig_rtmem_outer.o
        52         38          0          0          0          0   defsig_rtred_inner.o
        14          0          0          0          0          0   defsig_rtred_outer.o
        76          0          0          0          0          0   fclose.o
         8          0          0          0          0          0   ferror.o
       100          4          0          0          0          0   fflush.o
        24          0          0          0          0          0   fgetc.o
       552          0          0          0          0          0   filbuf.o
       462          0          0          0          0          0   flsbuf.o
        52          4          0          0          0          0   flushlinebuffered.o
       232          6          0          0          0          0   fopen.o
        26          0          0          0          0          0   fputc.o
       248          4          0          0          0          0   fseek.o
        70          0          0          0          0          0   ftell.o
       100          0          0          0          0          0   h1_alloc.o
        50          0          0          0          0          0   h1_extend.o
        78          0          0          0          0          0   h1_free.o
        14          0          0          0          0          0   h1_init.o
        76         10          0          4          0          0   heapauxa.o
         4          0          0          0          0          0   hguard.o
        36         10          0          0          0          0   init_aeabi.o
       138          0          0          0          0          0   init_alloc.o
       312         46          0          0          0          0   initio.o
        18          0          0          0          0          0   isspace.o
        44         10        272          0          0          0   lc_ctype_c.o
        44         10         28          0          0          0   lc_numeric_c.o
         6          0          0          0          0          0   libinit.o
        46          0          0          0          0          0   libinit2.o
         6          0          0          0          0          0   libshutdown2.o
       138          0          0          0          0          0   lludiv10.o
         0          0          0          0          0          0   maybetermalloc1.o
        16          4          0          0          0          0   rt_ctype_table.o
        12          4          0          0          4          0   rt_ddtor_pointer_addr.o
        12          4          0          0          4          0   rt_eh_globals_addr.o
        12          4          0          0          4          0   rt_errno_addr.o
        12          4          0          0          4          0   rt_fp_status_addr.o
        12          4          0          0          4          0   rt_heap_descriptor.o
        12          4          0          0         20          0   rt_locale.o
        78          0          0          0          0          0   rt_memclr_w.o
        12          4          0          0          4          0   rt_new_handler_addr.o
         0          0          0          0          0          0   rtentry.o
        12          0          0          0          0          0   rtentry2.o
         6          0          0          0          0          0   rtentry4.o
        16          0          0          0          0          0   rtudiv10.o
        48         10          0          0          0          0   scanf_char.o
        16          0          0          0          0          0   setbuf.o
        70          0          0          0          0          0   setvbuf.o
       240          6          0          0          0          0   stdio.o
         0          0          0         12        240          0   stdio_streams.o
       128          0          0          0          0          0   strcmpv7m.o
        62          0          0          0          0          0   strlen.o
       140          0          0          0          0          0   strncmp.o
        12          4          0          0          0          0   sys_exit.o
        18          0          0          0          0          0   sys_system.o
        14          0          0          0          0          0   sys_wrch.o
         2          0          0          0          0          0   use_no_semi.o
        48          0          0          0          0          0   aeabi_atexit.o
        34          0          0          0          0          0   aeabi_vec_ctor_nocookie_nodtor.o
        80         14          0          0          0          0   arm_exceptions_globs.o
        60          0          0          0          0          0   arm_exceptions_mem.o
        26          0          0          0          0          0   arm_exceptions_terminate.o
         4          0          0          0          0          0   arm_newhandler_noexceptions.o
        66          0          0          0          0          0   cxa_finalize.o
         8          0          0          0          0          0   delete.o
        40          6          0          0          0          0   new.o
         6          0          0          0          0          0   pure_virt.o
        98          4          0          0          0          0   d2f.o
       822         16          0          0          0          0   daddsub_clz.o
        16          4          0          0          0          0   dcheck1.o
        24          0          0          0          0          0   dcmpi.o
       688        140          0          0          0          0   ddiv.o
        94          4          0          0          0          0   dfix.o
        84          0          0          0          0          0   dflt_clz.o
       120          4          0          0          0          0   dleqf.o
       340         12          0          0          0          0   dmul.o
       156          4          0          0          0          0   dnaninf.o
        12          0          0          0          0          0   dretinf.o
       108          0          0          0          0          0   drleqf.o
       460         56          0          0          0          0   dsqrt_noumaal.o
        86          4          0          0          0          0   f2d.o
       430          8          0          0          0          0   faddsub_clz.o
       388         76          0          0          0          0   fdiv.o
        54          4          0          0          0          0   ffix.o
        62          4          0          0          0          0   ffixu.o
        86          0          0          0          0          0   fflt_clz.o
       258          4          0          0          0          0   fmul.o
       140          4          0          0          0          0   fnaninf.o
        14          0          0          0          0          0   fpinit.o
        10          0          0          0          0          0   fretinf.o
         4          0          0          0          0          0   printf1.o
       100          0          0          0          0          0   retnan.o
        96          0          0          0          0          0   scalbn.o
        48          0          0          0          0          0   trapv.o
         0          0          0          0          0          0   usenofp.o
       548         68        152          0          0          0   atan.o
       384         38          0          0          0          0   atan2.o
       172          8          0          0          0          0   cos.o
       252         22         48          0          0          0   cos_i.o
        16          6          0          0          0          0   dunder.o
       220         16          0          0          0          0   floor.o
        40          0          0          0          0          0   fpclassify.o
       170          0          0          0          0          0   poly.o
         0          0          8          0          0          0   qnan.o
       904         72        200          0          0          0   rred.o
       176         10          0          0          0          0   sin.o
       240         14         40          0          0          0   sin_i.o
        74          0          0          0          0          0   sqrt.o
       226          8         16          0          0          0   BusOut.o
       144         26         16          4          0          0   FileBase.o
        50          8         60          0          0          0   FileLike.o
       156          0          0          0          0          0   FilePath.o
        32          0          0          0          0          0   FunctionPointer.o
       156         12          0          4          0          0   I2C.o
       158         22         12          4          0          0   SPI.o
        48          4         68          0          0          0   Serial.o
       110          8          0          0          0          0   SerialBase.o
       262         18         68          0          0          0   Stream.o
       304         60        108          0          0          0   analogin_api.o
       146          6          0          0          0          0   board.o
        20          0          0          0          0          0   exit.o
       122          0          0          0          0          0   gpio_api.o
       798         62        152          0          0          0   i2c_api.o
         4          0          0          0          0          0   mbed_interface.o
       136         18          0          0          0          0   pinmap.o
       216         86          0          0          0          0   pinmap_common.o
       330         74        180         32          0          0   pwmout_api.o
        28          6          0          0          0          0   semihost_api.o
      1038        230        216          8         28          0   serial_api.o
       694        134        240          0          0          0   spi_api.o
       172         48          0          4          0          0   us_ticker.o
        64          4          0          8          0          0   us_ticker_api.o
        56          4          0          0          0          0   wait_api.o

    ----------------------------------------------------------------------
     25040       2028       2104         80        312          0   Library Totals
        68          0          7          0          0          0   (incl. Padding)

    ----------------------------------------------------------------------

      Code (inc. data)   RO Data    RW Data    ZI Data      Debug   Library Name

     11136        568        513         16        284       8344   c_w.l
       372         20          0          0          0        820   cpprt_w.l
      4798        348          0          0          0       2808   fz_ws.l
      3196        254        448          0          0       1308   m_ws.l
      5470        838       1136         64         28       8048   mbed.ar

    ----------------------------------------------------------------------
     25040       2028       2104         80        312          0   Library Totals

    ----------------------------------------------------------------------

==============================================================================


      Code (inc. data)   RO Data    RW Data    ZI Data      Debug   

     31994       2640       2474        200       1036      76740   Grand Totals
     31994       2640       2474        200       1036      76740   ELF Image Totals
     31994       2640       2474        200          0          0   ROM Totals

==============================================================================

    Total RO  Size (Code + RO Data)                34468 (  33.66kB)
    Total RW  Size (RW Data + ZI Data)              1236 (   1.21kB)
    Total ROM Size (Code + RO Data + RW Data)      34668 (  33.86kB)

==============================================================================

