ARM Linker, 4.1 [Build 481] [Standard]

==============================================================================

Section Cross References

    main.o(.text) refers to m3pi.o(.text) for m3pi::locate(int, int)
    main.o(.text) refers to wait_api.LPC1768.o(i.wait) for wait
    main.o(.text) refers to main.o(i._ZN4mbed9DigitalIncviEv) for mbed::DigitalIn::operator int()
    main.o(.text) refers to aeabi_atexit.o(i.__aeabi_atexit) for __aeabi_atexit
    main.o(.text) refers to Serial.LPC1768.o(i._ZN4mbed6SerialC1E7PinNameS1_PKc) for mbed::Serial::Serial(PinName, PinName, const char*)
    main.o(.text) refers to DigitalIn.LPC1768.o(i._ZN4mbed9DigitalInC1E7PinNamePKc) for mbed::DigitalIn::DigitalIn(PinName, const char*)
    main.o(.text) refers to main.o(.bss) for m3pi
    main.o(.text) refers to main.o(i._ZN4m3piD1Ev) for m3pi::~m3pi()
    main.o(.text) refers to Serial.LPC1768.o(i._ZN4mbed6SerialD1Ev) for mbed::Serial::~Serial()
    main.o(.text) refers to DigitalIn.LPC1768.o(i._ZN4mbed9DigitalInD1Ev) for mbed::DigitalIn::~DigitalIn()
    main.o(.ARM.exidx) refers to main.o(.text) for .text
    main.o(.init_array) refers to main.o(.text) for __sti___8_main_cpp
    main.o(.init_array) refers to init_aeabi.o(.text) for __cpp_initialize__aeabi_
    m3pi.o(.text) refers to m3pi.o(i._ZN4mbed10DigitalOutaSEi) for mbed::DigitalOut::operator =(int)
    m3pi.o(.text) refers to wait_api.LPC1768.o(i.wait) for wait
    m3pi.o(.text) refers to Stream.LPC1768.o(i._ZN4mbed6StreamC2EPKc) for mbed::Stream::Stream__sub_object(const char*)
    m3pi.o(.text) refers to DigitalOut.LPC1768.o(i._ZN4mbed10DigitalOutC1E7PinNamePKc) for mbed::DigitalOut::DigitalOut(PinName, const char*)
    m3pi.o(.text) refers to Serial.LPC1768.o(i._ZN4mbed6SerialC1E7PinNameS1_PKc) for mbed::Serial::Serial(PinName, PinName, const char*)
    m3pi.o(.text) refers to Serial.LPC1768.o(i._ZN4mbed6Serial4baudEi) for mbed::Serial::baud(int)
    m3pi.o(.text) refers to f2d.o(x$fpl$f2d) for __aeabi_f2d
    m3pi.o(.text) refers to drleqf.o(x$fpl$drleqf) for __aeabi_cdrcmple
    m3pi.o(.text) refers to fmul.o(x$fpl$fmul) for __aeabi_fmul
    m3pi.o(.text) refers to ffixu.o(x$fpl$ffixu) for __aeabi_f2uiz
    m3pi.o(.text) refers to Stream.LPC1768.o(i._ZN4mbed6Stream4putcEi) for mbed::Stream::putc(int)
    m3pi.o(.text) refers to dmul.o(x$fpl$dmul) for __aeabi_dmul
    m3pi.o(.text) refers to d2f.o(x$fpl$d2f) for __aeabi_d2f
    m3pi.o(.text) refers to Stream.LPC1768.o(i._ZN4mbed6Stream4getcEv) for mbed::Stream::getc()
    m3pi.o(.text) refers to fflt_clz.o(x$fpl$fflt) for __aeabi_i2f
    m3pi.o(.text) refers to dflt_clz.o(x$fpl$dflt) for __aeabi_i2d
    m3pi.o(.text) refers to ddiv.o(x$fpl$ddiv) for __aeabi_ddiv
    m3pi.o(.text) refers to daddsub_clz.o(x$fpl$dsub) for __aeabi_dsub
    m3pi.o(.text) refers to BusOut.LPC1768.o(i._ZN4mbed6BusOutC1E7PinNameS1_S1_S1_S1_S1_S1_S1_S1_S1_S1_S1_S1_S1_S1_S1_PKc) for mbed::BusOut::BusOut(PinName, PinName, PinName, PinName, PinName, PinName, PinName, PinName, PinName, PinName, PinName, PinName, PinName, PinName, PinName, PinName, const char*)
    m3pi.o(.text) refers to BusOut.LPC1768.o(i._ZN4mbed6BusOutaSEi) for mbed::BusOut::operator =(int)
    m3pi.o(.text) refers to BusOut.LPC1768.o(i._ZN4mbed6BusOutD1Ev) for mbed::BusOut::~BusOut()
    m3pi.o(.text) refers to m3pi.o(.constdata__ZTV4m3pi) for vtable for m3pi
    m3pi.o(.text) refers to m3pi.o(.constdata) for rpc_methods
    m3pi.o(.ARM.exidx) refers to m3pi.o(.text) for .text
    m3pi.o(.constdata) refers to m3pi.o(.text) for m3pi::forward(float)
    m3pi.o(.constdata) refers to m3pi.o(.conststring) for .conststring
    m3pi.o(.constdata) refers to m3pi.o(t._ZN4mbed17rpc_method_callerI4m3pifXadL_ZNS1_7forwardEfEEEEvPNS_4BaseEPKcPc) for mbed::rpc_method_caller<m3pi, float, (&m3pi::forward)>(mbed::Base*, const char*, char*)
    m3pi.o(.constdata) refers to m3pi.o(t._ZN4mbed17rpc_method_callerI4m3pifXadL_ZNS1_8backwardEfEEEEvPNS_4BaseEPKcPc) for mbed::rpc_method_caller<m3pi, float, (&m3pi::backward)>(mbed::Base*, const char*, char*)
    m3pi.o(.constdata) refers to m3pi.o(t._ZN4mbed17rpc_method_callerI4m3pifXadL_ZNS1_4leftEfEEEEvPNS_4BaseEPKcPc) for mbed::rpc_method_caller<m3pi, float, (&m3pi::left)>(mbed::Base*, const char*, char*)
    m3pi.o(.constdata) refers to m3pi.o(t._ZN4mbed17rpc_method_callerI4m3pifXadL_ZNS1_5rightEfEEEEvPNS_4BaseEPKcPc) for mbed::rpc_method_caller<m3pi, float, (&m3pi::right)>(mbed::Base*, const char*, char*)
    m3pi.o(.constdata) refers to m3pi.o(t._ZN4mbed17rpc_method_callerI4m3piXadL_ZNS1_4stopEvEEEEvPNS_4BaseEPKcPc) for mbed::rpc_method_caller<m3pi, (&m3pi::stop)>(mbed::Base*, const char*, char*)
    m3pi.o(.constdata) refers to m3pi.o(t._ZN4mbed17rpc_method_callerI4m3pifXadL_ZNS1_10left_motorEfEEEEvPNS_4BaseEPKcPc) for mbed::rpc_method_caller<m3pi, float, (&m3pi::left_motor)>(mbed::Base*, const char*, char*)
[...]
    mbed::Serial::baud(int)                  0x00004dcf   Thumb Code     6  Serial.LPC1768.o(i._ZN4mbed6Serial4baudEi)
    mbed::Serial::_getc()                    0x00004dd5   Thumb Code     6  Serial.LPC1768.o(i._ZN4mbed6Serial5_getcEv)
    mbed::Serial::_putc(int)                 0x00004ddb   Thumb Code    14  Serial.LPC1768.o(i._ZN4mbed6Serial5_putcEi)
    mbed::Serial::Serial(PinName, PinName, const char*) 0x00004de9   Thumb Code   134  Serial.LPC1768.o(i._ZN4mbed6SerialC1E7PinNameS1_PKc)
    mbed::Serial::Serial__sub_object(PinName, PinName, const char*) 0x00004de9   Thumb Code     0  Serial.LPC1768.o(i._ZN4mbed6SerialC1E7PinNameS1_PKc)
    mbed::Serial::~Serial__deallocating()    0x00004e79   Thumb Code    14  Serial.LPC1768.o(i._ZN4mbed6SerialD0Ev)
    mbed::Serial::~Serial()                  0x00004e87   Thumb Code     4  Serial.LPC1768.o(i._ZN4mbed6SerialD1Ev)
    mbed::Serial::~Serial__sub_object()      0x00004e87   Thumb Code     0  Serial.LPC1768.o(i._ZN4mbed6SerialD1Ev)
    mbed::Stream::getc()                     0x00004e8b   Thumb Code    20  Stream.LPC1768.o(i._ZN4mbed6Stream4getcEv)
    mbed::Stream::putc(int)                  0x00004e9f   Thumb Code    24  Stream.LPC1768.o(i._ZN4mbed6Stream4putcEi)
    mbed::Stream::Stream__sub_object(const char*) 0x00004eb9   Thumb Code    50  Stream.LPC1768.o(i._ZN4mbed6StreamC2EPKc)
    mbed::Stream::~Stream__deallocating()    0x00004ef9   Thumb Code    32  Stream.LPC1768.o(i._ZN4mbed6StreamD0Ev)
    mbed::Stream::~Stream()                  0x00004f1d   Thumb Code     0  Stream.LPC1768.o(i._ZN4mbed6StreamD2Ev)
    mbed::Stream::~Stream__sub_object()      0x00004f1d   Thumb Code    28  Stream.LPC1768.o(i._ZN4mbed6StreamD2Ev)
    mbed::FileLike::~FileLike__deallocating() 0x00004f3d   Thumb Code    50  stdio.LPC1768.o(i._ZN4mbed8FileLikeD0Ev)
    mbed::FileLike::~FileLike()              0x00004f79   Thumb Code     0  stdio.LPC1768.o(i._ZN4mbed8FileLikeD2Ev)
    mbed::FileLike::~FileLike__sub_object()  0x00004f79   Thumb Code    44  stdio.LPC1768.o(i._ZN4mbed8FileLikeD2Ev)
    mbed::next_arg(const char*)              0x00004fad   Thumb Code    36  m3pi.o(i._ZN4mbed8next_argEPKc)
    mbed::DigitalIn::DigitalIn(PinName, const char*) 0x00004fd1   Thumb Code    56  DigitalIn.LPC1768.o(i._ZN4mbed9DigitalInC1E7PinNamePKc)
    mbed::DigitalIn::DigitalIn__sub_object(PinName, const char*) 0x00004fd1   Thumb Code     0  DigitalIn.LPC1768.o(i._ZN4mbed9DigitalInC1E7PinNamePKc)
    mbed::DigitalIn::~DigitalIn__deallocating() 0x0000500d   Thumb Code    14  DigitalIn.LPC1768.o(i._ZN4mbed9DigitalInD0Ev)
    mbed::DigitalIn::~DigitalIn()            0x0000501b   Thumb Code     4  DigitalIn.LPC1768.o(i._ZN4mbed9DigitalInD1Ev)
    mbed::DigitalIn::~DigitalIn__sub_object() 0x0000501b   Thumb Code     0  DigitalIn.LPC1768.o(i._ZN4mbed9DigitalInD1Ev)
    mbed::DigitalIn::operator int()          0x0000501f   Thumb Code    22  main.o(i._ZN4mbed9DigitalIncviEv)
    mbed::parse_arg<float>(const char*, const char**) 0x00005035   Thumb Code    16  m3pi.o(i._ZN4mbed9parse_argIfEET_PKcPS3_)
    std::type_info::operator ==(const std::type_info&) const 0x00005045   Thumb Code    32  type_info_eq.o(i._ZNKSt9type_infoeqERKS_)
    thunk{-16} to mbed::Stream::flen()       0x00005065   Thumb Code     4  Stream.LPC1768.o(i._ZThn16_N4mbed6Stream4flenEv)
    thunk{-16} to mbed::Stream::read(void*, unsigned) 0x00005069   Thumb Code    44  Stream.LPC1768.o(i._ZThn16_N4mbed6Stream4readEPvj)
    thunk{-16} to mbed::Stream::close()      0x00005095   Thumb Code     4  Stream.LPC1768.o(i._ZThn16_N4mbed6Stream5closeEv)
    thunk{-16} to mbed::Stream::lseek(long, int) 0x00005099   Thumb Code     4  Stream.LPC1768.o(i._ZThn16_N4mbed6Stream5lseekEli)
    thunk{-16} to mbed::Stream::write(const void*, unsigned) 0x0000509d   Thumb Code    44  Stream.LPC1768.o(i._ZThn16_N4mbed6Stream5writeEPKvj)
    thunk{-16} to mbed::Stream::isatty()     0x000050c9   Thumb Code     4  Stream.LPC1768.o(i._ZThn16_N4mbed6Stream6isattyEv)
    operator delete[] (void*)                0x000050cd   Thumb Code     8  array_del.o(i._ZdaPv)
    operator delete (void*)                  0x000050d5   Thumb Code     8  delete.o(i._ZdlPv)
    operator new(unsigned)                   0x000050dd   Thumb Code    34  new.o(i._Znwj)
    __ARM_common_get_typeid                  0x00005105   Thumb Code    32  rtti.o(i.__ARM_common_get_typeid)
    __ARM_fpclassify                         0x00005125   Thumb Code    40  fpclassify.o(i.__ARM_fpclassify)
    __aeabi_atexit                           0x0000514d   Thumb Code    48  aeabi_atexit.o(i.__aeabi_atexit)
    __aeabi_vec_ctor_nocookie_nodtor         0x0000517d   Thumb Code    34  aeabi_vec_ctor_nocookie_nodtor.o(i.__aeabi_vec_ctor_nocookie_nodtor)
    __cxa_finalize                           0x0000519f   Thumb Code    66  cxa_finalize.o(i.__cxa_finalize)
    __cxa_pure_virtual                       0x000051e1   Thumb Code     6  pure_virt.o(i.__cxa_pure_virtual)
    __derived_to_base_conversion             0x000051e9   Thumb Code   104  rtti.o(i.__derived_to_base_conversion)
    __dynamic_cast                           0x00005255   Thumb Code   152  rtti.o(i.__dynamic_cast)
    __mathlib_dbl_underflow                  0x000052f5   Thumb Code    10  dunder.o(i.__mathlib_dbl_underflow)
    __mathlib_narrow                         0x00005305   Thumb Code    16  narrow.o(i.__mathlib_narrow)
    __mathlib_tofloat                        0x00005315   Thumb Code   132  narrow.o(i.__mathlib_tofloat)
    __support_ldexp                          0x0000539d   Thumb Code    22  ldexp.o(i.__support_ldexp)
    __user_setup_stackheap                   0x000053b5   Thumb Code     8  stackheap.o(i.__user_setup_stackheap)
    _sys_close                               0x000053c1   Thumb Code    40  stdio.LPC1768.o(i._sys_close)
    _sys_flen                                0x000053ed   Thumb Code    34  stdio.LPC1768.o(i._sys_flen)
    _sys_istty                               0x00005415   Thumb Code    34  stdio.LPC1768.o(i._sys_istty)
    _sys_open                                0x0000543d   Thumb Code   348  stdio.LPC1768.o(i._sys_open)
    _sys_read                                0x000055c1   Thumb Code    56  stdio.LPC1768.o(i._sys_read)
    _sys_seek                                0x00005601   Thumb Code    40  stdio.LPC1768.o(i._sys_seek)
    _sys_write                               0x0000562d   Thumb Code    76  stdio.LPC1768.o(i._sys_write)
    exit                                     0x00005681   Thumb Code    22  exit.LPC1768.o(i.exit)
    fgetc                                    0x00005697   Thumb Code    24  fgetc.o(i.fgetc)
    fputc                                    0x000056af   Thumb Code    26  fputc.o(i.fputc)
    frexp                                    0x000056c9   Thumb Code    80  frexp.o(i.frexp)
    gpio_input                               0x00005721   Thumb Code    48  gpio_api.LPC1768.o(i.gpio_input)
    gpio_output                              0x00005751   Thumb Code    48  gpio_api.LPC1768.o(i.gpio_output)
    gpio_write                               0x00005781   Thumb Code    24  gpio_api.LPC1768.o(i.gpio_write)
    ldexp                                    0x00005799   Thumb Code   126  ldexp.o(i.ldexp)
    mbed_die                                 0x00005819   Thumb Code   114  utils_api.LPC1768.o(i.mbed_die)
    pin_function                             0x00005891   Thumb Code    52  pinmap.LPC1768.o(i.pin_function)
    pin_mode                                 0x000058c9   Thumb Code   100  pinmap.LPC1768.o(i.pin_mode)
    pinmap_merge                             0x00005931   Thumb Code    36  pinmap.LPC1768.o(i.pinmap_merge)
    pinmap_peripheral                        0x0000596d   Thumb Code    50  pinmap.LPC1768.o(i.pinmap_peripheral)
    pinmap_pinout                            0x000059c5   Thumb Code   176  pinmap.LPC1768.o(i.pinmap_pinout)
    semihost_exit                            0x00005a91   Thumb Code    12  semihost_api.LPC1768.o(i.semihost_exit)
    serial_baud                              0x00005a9d   Thumb Code   422  serial_api.LPC1768.o(i.serial_baud)
    serial_format                            0x00005c65   Thumb Code   132  serial_api.LPC1768.o(i.serial_format)
    serial_getc                              0x00005cf9   Thumb Code    12  serial_api.LPC1768.o(i.serial_getc)
    serial_init                              0x00005d05   Thumb Code   178  serial_api.LPC1768.o(i.serial_init)
    serial_putc                              0x00005de9   Thumb Code    12  serial_api.LPC1768.o(i.serial_putc)
    strtof                                   0x00005df5   Thumb Code    36  strtof.o(i.strtof)
    timer_frequency                          0x00005e19   Thumb Code    16  timer_api.LPC1768.o(i.timer_frequency)
    timer_init                               0x00005e2d   Thumb Code    98  timer_api.LPC1768.o(i.timer_init)
    timer_read                               0x00005e9d   Thumb Code     4  timer_api.LPC1768.o(i.timer_read)
    timer_start                              0x00005ea1   Thumb Code    12  timer_api.LPC1768.o(i.timer_start)
    us_ticker_read                           0x00005ead   Thumb Code    44  us_ticker_api.LPC1768.o(i.us_ticker_read)
    wait                                     0x00005ee5   Thumb Code    40  wait_api.LPC1768.o(i.wait)
    wait_ms                                  0x00005f15   Thumb Code    28  wait_api.LPC1768.o(i.wait_ms)
    _get_lc_ctype                            0x00005f31   Thumb Code    44  lc_ctype_c.o(locale$$code)
    _get_lc_numeric                          0x00005f5d   Thumb Code    44  lc_numeric_c.o(locale$$code)
    mbed::rpc_method_caller<m3pi, (&m3pi::stop)>(mbed::Base*, const char*, char*) 0x00005f89   Thumb Code    80  m3pi.o(t._ZN4mbed17rpc_method_callerI4m3piXadL_ZNS1_4stopEvEEEEvPNS_4BaseEPKcPc)
    mbed::rpc_method_caller<m3pi, float, (&m3pi::left_motor)>(mbed::Base*, const char*, char*) 0x00005fdd   Thumb Code   104  m3pi.o(t._ZN4mbed17rpc_method_callerI4m3pifXadL_ZNS1_10left_motorEfEEEEvPNS_4BaseEPKcPc)
    mbed::rpc_method_caller<m3pi, float, (&m3pi::right_motor)>(mbed::Base*, const char*, char*) 0x00006049   Thumb Code   104  m3pi.o(t._ZN4mbed17rpc_method_callerI4m3pifXadL_ZNS1_11right_motorEfEEEEvPNS_4BaseEPKcPc)
    mbed::rpc_method_caller<m3pi, float, (&m3pi::left)>(mbed::Base*, const char*, char*) 0x000060b5   Thumb Code   104  m3pi.o(t._ZN4mbed17rpc_method_callerI4m3pifXadL_ZNS1_4leftEfEEEEvPNS_4BaseEPKcPc)
    mbed::rpc_method_caller<m3pi, float, (&m3pi::right)>(mbed::Base*, const char*, char*) 0x00006121   Thumb Code   104  m3pi.o(t._ZN4mbed17rpc_method_callerI4m3pifXadL_ZNS1_5rightEfEEEEvPNS_4BaseEPKcPc)
    mbed::rpc_method_caller<m3pi, float, (&m3pi::forward)>(mbed::Base*, const char*, char*) 0x0000618d   Thumb Code   104  m3pi.o(t._ZN4mbed17rpc_method_callerI4m3pifXadL_ZNS1_7forwardEfEEEEvPNS_4BaseEPKcPc)
    mbed::rpc_method_caller<m3pi, float, (&m3pi::backward)>(mbed::Base*, const char*, char*) 0x000061f9   Thumb Code   104  m3pi.o(t._ZN4mbed17rpc_method_callerI4m3pifXadL_ZNS1_8backwardEfEEEEvPNS_4BaseEPKcPc)
    mbed::rpc_method_caller<mbed::Base, (&mbed::Base::delete_self)>(mbed::Base*, const char*, char*) 0x00006265   Thumb Code    36  Base.LPC1768.o(t._ZN4mbed17rpc_method_callerINS_4BaseEXadL_ZNS1_11delete_selfEvEEEEvPS1_PKcPc)
    mbed::rpc_method_caller<char, m3pi, (&m3pi::sensor_auto_calibrate)>(mbed::Base*, const char*, char*) 0x0000628d   Thumb Code    94  m3pi.o(t._ZN4mbed17rpc_method_callerIc4m3piXadL_ZNS1_21sensor_auto_calibrateEvEEEEvPNS_4BaseEPKcPc)
    mbed::rpc_method_caller<float, m3pi, (&m3pi::line_position)>(mbed::Base*, const char*, char*) 0x000062f1   Thumb Code    86  m3pi.o(t._ZN4mbed17rpc_method_callerIf4m3piXadL_ZNS1_13line_positionEvEEEEvPNS_4BaseEPKcPc)
    mbed::rpc_method_caller<float, m3pi, (&m3pi::battery)>(mbed::Base*, const char*, char*) 0x0000634d   Thumb Code    86  m3pi.o(t._ZN4mbed17rpc_method_callerIf4m3piXadL_ZNS1_7batteryEvEEEEvPNS_4BaseEPKcPc)
    mbed::rpc_super<mbed::Base>(mbed::Base*) 0x000063a9   Thumb Code     4  DigitalOut.LPC1768.o(t._ZN4mbed9rpc_superINS_4BaseEEEPKNS_10rpc_methodEPS1_)
    __aeabi_d2f                              0x000063ad   Thumb Code     0  d2f.o(x$fpl$d2f)
    _d2f                                     0x000063ad   Thumb Code    98  d2f.o(x$fpl$d2f)
    __aeabi_dadd                             0x00006411   Thumb Code     0  daddsub_clz.o(x$fpl$dadd)
    _dadd                                    0x00006411   Thumb Code   328  daddsub_clz.o(x$fpl$dadd)
    __fpl_dcheck_NaN1                        0x0000655d   Thumb Code    10  dcheck1.o(x$fpl$dcheck1)
    __fpl_dcmp_Inf                           0x0000656d   Thumb Code    24  dcmpi.o(x$fpl$dcmpinf)
    __aeabi_ddiv                             0x00006585   Thumb Code     0  ddiv.o(x$fpl$ddiv)
    _ddiv                                    0x00006585   Thumb Code   552  ddiv.o(x$fpl$ddiv)
    __aeabi_cdcmpeq                          0x00006835   Thumb Code     0  deqf.o(x$fpl$deqf)
    _dcmpeq                                  0x00006835   Thumb Code   120  deqf.o(x$fpl$deqf)
    __aeabi_d2iz                             0x000068ad   Thumb Code     0  dfix.o(x$fpl$dfix)
    _dfix                                    0x000068ad   Thumb Code    94  dfix.o(x$fpl$dfix)
    __aeabi_i2d                              0x0000690b   Thumb Code     0  dflt_clz.o(x$fpl$dflt)
    _dflt                                    0x0000690b   Thumb Code    46  dflt_clz.o(x$fpl$dflt)
    __aeabi_ui2d                             0x00006939   Thumb Code     0  dflt_clz.o(x$fpl$dfltu)
    _dfltu                                   0x00006939   Thumb Code    38  dflt_clz.o(x$fpl$dfltu)
    __aeabi_cdcmple                          0x00006961   Thumb Code     0  dleqf.o(x$fpl$dleqf)
    _dcmple                                  0x00006961   Thumb Code   120  dleqf.o(x$fpl$dleqf)
    __fpl_dcmple_InfNaN                      0x000069c3   Thumb Code     0  dleqf.o(x$fpl$dleqf)
    __aeabi_dmul                             0x000069d9   Thumb Code     0  dmul.o(x$fpl$dmul)
    _dmul                                    0x000069d9   Thumb Code   332  dmul.o(x$fpl$dmul)
    __fpl_dnaninf                            0x00006b2d   Thumb Code   156  dnaninf.o(x$fpl$dnaninf)
    __fpl_dretinf                            0x00006bc9   Thumb Code    12  dretinf.o(x$fpl$dretinf)
    __aeabi_cdrcmple                         0x00006bd5   Thumb Code     0  drleqf.o(x$fpl$drleqf)
    _drcmple                                 0x00006bd5   Thumb Code   108  drleqf.o(x$fpl$drleqf)
    __aeabi_dsub                             0x00006c41   Thumb Code     0  daddsub_clz.o(x$fpl$dsub)
    _dsub                                    0x00006c41   Thumb Code   464  daddsub_clz.o(x$fpl$dsub)
    __aeabi_f2d                              0x00006e15   Thumb Code     0  f2d.o(x$fpl$f2d)
    _f2d                                     0x00006e15   Thumb Code    86  f2d.o(x$fpl$f2d)
    __aeabi_fadd                             0x00006e6d   Thumb Code     0  faddsub_clz.o(x$fpl$fadd)
    _fadd                                    0x00006e6d   Thumb Code   196  faddsub_clz.o(x$fpl$fadd)
    __fpl_fcmp_Inf                           0x00006f31   Thumb Code    24  fcmpi.o(x$fpl$fcmpinf)
    __aeabi_fdiv                             0x00006f49   Thumb Code     0  fdiv.o(x$fpl$fdiv)
    _fdiv                                    0x00006f49   Thumb Code   384  fdiv.o(x$fpl$fdiv)
    __aeabi_f2uiz                            0x000070cd   Thumb Code     0  ffixu.o(x$fpl$ffixu)
    _ffixu                                   0x000070cd   Thumb Code    62  ffixu.o(x$fpl$ffixu)
    __aeabi_i2f                              0x0000710d   Thumb Code     0  fflt_clz.o(x$fpl$fflt)
    _fflt                                    0x0000710d   Thumb Code    48  fflt_clz.o(x$fpl$fflt)
    __aeabi_ui2f                             0x0000713d   Thumb Code     0  fflt_clz.o(x$fpl$ffltu)
    _ffltu                                   0x0000713d   Thumb Code    38  fflt_clz.o(x$fpl$ffltu)
    __aeabi_cfcmple                          0x00007165   Thumb Code     0  fleqf.o(x$fpl$fleqf)
    _fcmple                                  0x00007165   Thumb Code   104  fleqf.o(x$fpl$fleqf)
    __fpl_fcmple_InfNaN                      0x000071b7   Thumb Code     0  fleqf.o(x$fpl$fleqf)
    __aeabi_fmul                             0x000071cd   Thumb Code     0  fmul.o(x$fpl$fmul)
    _fmul                                    0x000071cd   Thumb Code   258  fmul.o(x$fpl$fmul)
    __fpl_fnaninf                            0x000072cf   Thumb Code   140  fnaninf.o(x$fpl$fnaninf)
    _fp_init                                 0x0000735b   Thumb Code    14  fpinit.o(x$fpl$fpinit)
    __fplib_config_pureend_doubles           0x00007367   Thumb Code     0  fpinit.o(x$fpl$fpinit)
    __fpl_fretinf                            0x00007369   Thumb Code    10  fretinf.o(x$fpl$fretinf)
    __aeabi_fsub                             0x00007375   Thumb Code     0  faddsub_clz.o(x$fpl$fsub)
    _fsub                                    0x00007375   Thumb Code   234  faddsub_clz.o(x$fpl$fsub)
    _printf_fp_dec                           0x0000745f   Thumb Code     4  printf1.o(x$fpl$printf1)
    _printf_fp_hex                           0x00007463   Thumb Code     4  printf2.o(x$fpl$printf2)
    __fpl_return_NaN                         0x00007467   Thumb Code   100  retnan.o(x$fpl$retnan)
    __ARM_scalbn                             0x000074cb   Thumb Code     0  scalbn.o(x$fpl$scalbn)
    scalbn                                   0x000074cb   Thumb Code    96  scalbn.o(x$fpl$scalbn)
    __fpl_inf_scalbn                         0x00007529   Thumb Code     0  scalbn.o(x$fpl$scalbn)
    _scanf_real                              0x0000752b   Thumb Code     4  scanf1.o(x$fpl$scanf1)
    _scanf_hex_real                          0x0000752f   Thumb Code     4  scanf2.o(x$fpl$scanf2)
    _scanf_infnan                            0x00007533   Thumb Code     4  scanf2.o(x$fpl$scanf2)
    __fpl_cmpreturn                          0x00007537   Thumb Code    48  trapv.o(x$fpl$trapveneer)
    __I$use$fp                               0x00007567   Thumb Code     0  usenofp.o(x$fpl$usenofp)
    mbed::Base::_base_funcs                  0x00007630   Data          24  Base.LPC1768.o(.constdata)
    __stdin_name                             0x0000779c   Data           7  stdio.LPC1768.o(.constdata)
    __stdout_name                            0x000077a3   Data           8  stdio.LPC1768.o(.constdata)
    __stderr_name                            0x000077ab   Data           8  stdio.LPC1768.o(.constdata)
    typeinfo for m3pi                        0x000078b0   Data          12  m3pi.o(.constdata__ZTI4m3pi)
    typeinfo for __cxxabiv1::__class_type_info 0x000078bc   Data          12  lib_rtti_impl.o(.constdata__ZTIN10__cxxabiv117__class_type_infoE)
    typeinfo for __cxxabiv1::__si_class_type_info 0x000078c8   Data          12  lib_rtti_impl.o(.constdata__ZTIN10__cxxabiv120__si_class_type_infoE)
    typeinfo for __cxxabiv1::__vmi_class_type_info 0x000078d4   Data          12  lib_rtti_impl.o(.constdata__ZTIN10__cxxabiv121__vmi_class_type_infoE)
    typeinfo for mbed::DigitalOut            0x000078e0   Data          12  DigitalOut.LPC1768.o(.constdata__ZTIN4mbed10DigitalOutE)
    typeinfo for mbed::FileHandle            0x000078ec   Data           8  stdio.LPC1768.o(.constdata__ZTIN4mbed10FileHandleE)
    typeinfo for mbed::FileSystemLike        0x000078f4   Data          12  Base.LPC1768.o(.constdata__ZTIN4mbed14FileSystemLikeE)
    typeinfo for mbed::Base                  0x00007900   Data           8  Base.LPC1768.o(.constdata__ZTIN4mbed4BaseE)
    typeinfo for mbed::BusOut                0x00007908   Data          12  BusOut.LPC1768.o(.constdata__ZTIN4mbed6BusOutE)
    typeinfo for mbed::Serial                0x00007914   Data          12  Serial.LPC1768.o(.constdata__ZTIN4mbed6SerialE)
    typeinfo for mbed::Stream                0x00007920   Data          12  Stream.LPC1768.o(.constdata__ZTIN4mbed6StreamE)
    typeinfo for mbed::FileLike              0x0000792c   Data          32  stdio.LPC1768.o(.constdata__ZTIN4mbed8FileLikeE)
    typeinfo for mbed::DigitalIn             0x0000794c   Data          12  DigitalIn.LPC1768.o(.constdata__ZTIN4mbed9DigitalInE)
    typeinfo for std::type_info              0x00007958   Data           8  type_info_dtor.o(.constdata__ZTISt9type_info)
    typeinfo name for m3pi                   0x00007960   Data           6  m3pi.o(.constdata__ZTS4m3pi)
    typeinfo name for __cxxabiv1::__class_type_info 0x00007966   Data          34  lib_rtti_impl.o(.constdata__ZTSN10__cxxabiv117__class_type_infoE)
    typeinfo name for __cxxabiv1::__si_class_type_info 0x00007988   Data          37  lib_rtti_impl.o(.constdata__ZTSN10__cxxabiv120__si_class_type_infoE)
    typeinfo name for __cxxabiv1::__vmi_class_type_info 0x000079ad   Data          38  lib_rtti_impl.o(.constdata__ZTSN10__cxxabiv121__vmi_class_type_infoE)
    typeinfo name for mbed::DigitalOut       0x000079d3   Data          20  DigitalOut.LPC1768.o(.constdata__ZTSN4mbed10DigitalOutE)
    typeinfo name for mbed::FileHandle       0x000079e7   Data          20  stdio.LPC1768.o(.constdata__ZTSN4mbed10FileHandleE)
    typeinfo name for mbed::FileSystemLike   0x000079fb   Data          24  Base.LPC1768.o(.constdata__ZTSN4mbed14FileSystemLikeE)
    typeinfo name for mbed::Base             0x00007a13   Data          13  Base.LPC1768.o(.constdata__ZTSN4mbed4BaseE)
    typeinfo name for mbed::BusOut           0x00007a20   Data          15  BusOut.LPC1768.o(.constdata__ZTSN4mbed6BusOutE)
    typeinfo name for mbed::Serial           0x00007a2f   Data          15  Serial.LPC1768.o(.constdata__ZTSN4mbed6SerialE)
    typeinfo name for mbed::Stream           0x00007a3e   Data          15  Stream.LPC1768.o(.constdata__ZTSN4mbed6StreamE)
    typeinfo name for mbed::FileLike         0x00007a4d   Data          17  stdio.LPC1768.o(.constdata__ZTSN4mbed8FileLikeE)
    typeinfo name for mbed::DigitalIn        0x00007a5e   Data          18  DigitalIn.LPC1768.o(.constdata__ZTSN4mbed9DigitalInE)
    typeinfo name for std::type_info         0x00007a70   Data          13  type_info_dtor.o(.constdata__ZTSSt9type_info)
    vtable for m3pi                          0x00007a80   Data          96  m3pi.o(.constdata__ZTV4m3pi)
    vtable for __cxxabiv1::__class_type_info 0x00007ae0   Data          16  lib_rtti_impl.o(.constdata__ZTVN10__cxxabiv117__class_type_infoE)
    vtable for __cxxabiv1::__si_class_type_info 0x00007af0   Data          16  lib_rtti_impl.o(.constdata__ZTVN10__cxxabiv120__si_class_type_infoE)
    vtable for __cxxabiv1::__vmi_class_type_info 0x00007b00   Data          16  lib_rtti_impl.o(.constdata__ZTVN10__cxxabiv121__vmi_class_type_infoE)
    vtable for mbed::DigitalOut              0x00007b10   Data          24  DigitalOut.LPC1768.o(.constdata__ZTVN4mbed10DigitalOutE)
    vtable for mbed::Base                    0x00007b28   Data          24  Base.LPC1768.o(.constdata__ZTVN4mbed4BaseE)
    vtable for mbed::BusOut                  0x00007b40   Data          24  BusOut.LPC1768.o(.constdata__ZTVN4mbed6BusOutE)
    vtable for mbed::Serial                  0x00007b58   Data          96  Serial.LPC1768.o(.constdata__ZTVN4mbed6SerialE)
    vtable for mbed::Stream                  0x00007bb8   Data          96  Stream.LPC1768.o(.constdata__ZTVN4mbed6StreamE)
    vtable for mbed::FileLike                0x00007c18   Data          60  stdio.LPC1768.o(.constdata__ZTVN4mbed8FileLikeE)
    vtable for mbed::DigitalIn               0x00007c54   Data          24  DigitalIn.LPC1768.o(.constdata__ZTVN4mbed9DigitalInE)
    Region$$Table$$Base                      0x00007cec   Number         0  anon$$obj.o(Region$$Table)
    Region$$Table$$Limit                     0x00007d0c   Number         0  anon$$obj.o(Region$$Table)
    __aeabi_HUGE_VAL                         0x00007d0c   Data           0  fpconst.o(c$$dinf)
    __aeabi_HUGE_VALL                        0x00007d0c   Data           0  fpconst.o(c$$dinf)
    __aeabi_INFINITY                         0x00007d0c   Data           0  fpconst.o(c$$dinf)
    __dInf                                   0x00007d0c   Data           0  fpconst.o(c$$dinf)
    __huge_val                               0x00007d0c   Data           0  fpconst.o(c$$dinf)
    __ctype                                  0x00007d21   Data           0  lc_ctype_c.o(locale$$data)
    SHT$$INIT_ARRAY$$Base                    0x00007e40   Number         0  main.o(.init_array)
    SHT$$INIT_ARRAY$$Limit                   0x00007e44   Number         0  main.o(.init_array)
    SystemCoreClock                          0x100000c4   Data           4  system_LPC17xx.o(.data)
    mbed::Base::_head                        0x100000c8   Data           4  Base.LPC1768.o(.data)
    mbed::Base::_classes                     0x100000cc   Data           4  Base.LPC1768.o(.data)
    mbed::Base::_base_class                  0x100000d0   Data          12  Base.LPC1768.o(.data)
    __aeabi_stdin                            0x100000e0   Data           4  stdio_streams.o(.data)
    __aeabi_stdout                           0x100000e4   Data           4  stdio_streams.o(.data)
    __aeabi_stderr                           0x100000e8   Data           4  stdio_streams.o(.data)
    m3pi                                     0x100000f0   Data         140  main.o(.bss)
    pc                                       0x1000017c   Data          88  main.o(.bss)
    AoutF                                    0x100001d4   Data          28  main.o(.bss)
    AoutB                                    0x100001f0   Data          28  main.o(.bss)
    AoutL                                    0x1000020c   Data          28  main.o(.bss)
    AoutR                                    0x10000228   Data          28  main.o(.bss)
    __stdin                                  0x10000284   Data          80  stdio_streams.o(.bss)
    __stdout                                 0x100002d4   Data          80  stdio_streams.o(.bss)
    __stderr                                 0x10000324   Data          80  stdio_streams.o(.bss)
    Image$$RW_IRAM1$$ZI$$Limit               0x100003a0   Number         0  rt_fp_status_addr.o(.bss)



==============================================================================

Memory Map of the image

  Image Entry point : 0x000000c5

  Load Region LR_IROM1 (Base: 0x00000000, Size: 0x00007f34, Max: 0x00080000, ABSOLUTE)

    Execution Region ER_IROM1 (Base: 0x00000000, Size: 0x00007e44, Max: 0x00080000, ABSOLUTE)

    Base Addr    Size         Type   Attr      Idx    E Section Name        Object

    0x00000000   0x000000c4   Data   RO          479    RESET               startup_LPC17xx.o
    0x000000c4   0x00000008   Code   RO         1175  * !!!main             c_w.l(__main.o)(c_w.l)
    0x000000cc   0x00000034   Code   RO         2069    !!!scatter          c_w.l(__scatter.o)(c_w.l)
    0x00000100   0x0000001a   Code   RO         2071    !!handler_copy      c_w.l(__scatter_copy.o)(c_w.l)
    0x0000011a   0x00000002   PAD
    0x0000011c   0x0000001c   Code   RO         2073    !!handler_zi        c_w.l(__scatter_zi.o)(c_w.l)
    0x00000138   0x00000000   Code   RO         1114    .ARM.Collect$$_printf_percent$$00000000  c_w.l(_printf_percent.o)(c_w.l)
    0x00000138   0x00000006   Code   RO         1539    .ARM.Collect$$_printf_percent$$00000001  c_w.l(_printf_n.o)(c_w.l)
    0x0000013e   0x00000006   Code   RO         1541    .ARM.Collect$$_printf_percent$$00000002  c_w.l(_printf_p.o)(c_w.l)
    0x00000144   0x00000006   Code   RO         1546    .ARM.Collect$$_printf_percent$$00000003  c_w.l(_printf_f.o)(c_w.l)
    0x0000014a   0x00000006   Code   RO         1547    .ARM.Collect$$_printf_percent$$00000004  c_w.l(_printf_e.o)(c_w.l)
    0x00000150   0x00000006   Code   RO         1113    .ARM.Collect$$_printf_percent$$00000005  c_w.l(_printf_g.o)(c_w.l)
    0x00000156   0x00000006   Code   RO         1548    .ARM.Collect$$_printf_percent$$00000006  c_w.l(_printf_a.o)(c_w.l)
    0x0000015c   0x0000000a   Code   RO         1553    .ARM.Collect$$_printf_percent$$00000007  c_w.l(_printf_ll.o)(c_w.l)
    0x00000166   0x00000006   Code   RO         1543    .ARM.Collect$$_printf_percent$$00000008  c_w.l(_printf_i.o)(c_w.l)
    0x0000016c   0x00000006   Code   RO         1544    .ARM.Collect$$_printf_percent$$00000009  c_w.l(_printf_d.o)(c_w.l)
    0x00000172   0x00000006   Code   RO         1545    .ARM.Collect$$_printf_percent$$0000000A  c_w.l(_printf_u.o)(c_w.l)
    0x00000178   0x00000006   Code   RO         1542    .ARM.Collect$$_printf_percent$$0000000B  c_w.l(_printf_o.o)(c_w.l)
    0x0000017e   0x00000006   Code   RO         1540    .ARM.Collect$$_printf_percent$$0000000C  c_w.l(_printf_x.o)(c_w.l)
    0x00000184   0x00000006   Code   RO         1550    .ARM.Collect$$_printf_percent$$0000000D  c_w.l(_printf_lli.o)(c_w.l)
    0x0000018a   0x00000006   Code   RO         1551    .ARM.Collect$$_printf_percent$$0000000E  c_w.l(_printf_lld.o)(c_w.l)
    0x00000190   0x00000006   Code   RO         1552    .ARM.Collect$$_printf_percent$$0000000F  c_w.l(_printf_llu.o)(c_w.l)
    0x00000196   0x00000006   Code   RO         1557    .ARM.Collect$$_printf_percent$$00000010  c_w.l(_printf_llo.o)(c_w.l)
    0x0000019c   0x00000006   Code   RO         1558    .ARM.Collect$$_printf_percent$$00000011  c_w.l(_printf_llx.o)(c_w.l)
    0x000001a2   0x0000000a   Code   RO         1554    .ARM.Collect$$_printf_percent$$00000012  c_w.l(_printf_l.o)(c_w.l)
    0x000001ac   0x00000006   Code   RO         1537    .ARM.Collect$$_printf_percent$$00000013  c_w.l(_printf_c.o)(c_w.l)
    0x000001b2   0x00000006   Code   RO         1538    .ARM.Collect$$_printf_percent$$00000014  c_w.l(_printf_s.o)(c_w.l)
    0x000001b8   0x00000006   Code   RO         1555    .ARM.Collect$$_printf_percent$$00000015  c_w.l(_printf_lc.o)(c_w.l)
    0x000001be   0x00000006   Code   RO         1556    .ARM.Collect$$_printf_percent$$00000016  c_w.l(_printf_ls.o)(c_w.l)
    0x000001c4   0x00000004   Code   RO         1549    .ARM.Collect$$_printf_percent$$00000017  c_w.l(_printf_percent_end.o)(c_w.l)
    0x000001c8   0x00000006   Code   RO         1972    .ARM.Collect$$libinit$$00000000  c_w.l(libinit.o)(c_w.l)
    0x000001ce   0x00000008   Code   RO         1610    .ARM.Collect$$libinit$$00000001  c_w.l(libinit2.o)(c_w.l)
    0x000001d6   0x00000000   Code   RO         1612    .ARM.Collect$$libinit$$00000006  c_w.l(libinit2.o)(c_w.l)
    0x000001d6   0x00000000   Code   RO         1614    .ARM.Collect$$libinit$$00000008  c_w.l(libinit2.o)(c_w.l)
    0x000001d6   0x00000000   Code   RO         1616    .ARM.Collect$$libinit$$0000000A  c_w.l(libinit2.o)(c_w.l)
    0x000001d6   0x00000006   Code   RO         1617    .ARM.Collect$$libinit$$0000000B  c_w.l(libinit2.o)(c_w.l)
    0x000001dc   0x00000000   Code   RO         1619    .ARM.Collect$$libinit$$0000000D  c_w.l(libinit2.o)(c_w.l)
    0x000001dc   0x0000000c   Code   RO         1620    .ARM.Collect$$libinit$$0000000E  c_w.l(libinit2.o)(c_w.l)
    0x000001e8   0x00000000   Code   RO         1621    .ARM.Collect$$libinit$$0000000F  c_w.l(libinit2.o)(c_w.l)
    0x000001e8   0x00000000   Code   RO         1623    .ARM.Collect$$libinit$$00000011  c_w.l(libinit2.o)(c_w.l)
    0x000001e8   0x0000000a   Code   RO         1624    .ARM.Collect$$libinit$$00000012  c_w.l(libinit2.o)(c_w.l)
    0x000001f2   0x00000000   Code   RO         1625    .ARM.Collect$$libinit$$00000013  c_w.l(libinit2.o)(c_w.l)
    0x000001f2   0x00000000   Code   RO         1627    .ARM.Collect$$libinit$$00000015  c_w.l(libinit2.o)(c_w.l)
    0x000001f2   0x00000000   Code   RO         1629    .ARM.Collect$$libinit$$00000017  c_w.l(libinit2.o)(c_w.l)
    0x000001f2   0x00000000   Code   RO         1631    .ARM.Collect$$libinit$$00000019  c_w.l(libinit2.o)(c_w.l)
    0x000001f2   0x00000000   Code   RO         1633    .ARM.Collect$$libinit$$0000001B  c_w.l(libinit2.o)(c_w.l)
    0x000001f2   0x00000000   Code   RO         1635    .ARM.Collect$$libinit$$0000001D  c_w.l(libinit2.o)(c_w.l)
    0x000001f2   0x00000000   Code   RO         1637    .ARM.Collect$$libinit$$0000001F  c_w.l(libinit2.o)(c_w.l)
    0x000001f2   0x00000004   Code   RO         1638    .ARM.Collect$$libinit$$00000020  c_w.l(libinit2.o)(c_w.l)
    0x000001f6   0x00000000   Code   RO         1639    .ARM.Collect$$libinit$$00000021  c_w.l(libinit2.o)(c_w.l)
    0x000001f6   0x00000000   Code   RO         1643    .ARM.Collect$$libinit$$00000028  c_w.l(libinit2.o)(c_w.l)
    0x000001f6   0x00000000   Code   RO         1645    .ARM.Collect$$libinit$$0000002A  c_w.l(libinit2.o)(c_w.l)
    0x000001f6   0x00000000   Code   RO         1647    .ARM.Collect$$libinit$$0000002C  c_w.l(libinit2.o)(c_w.l)
    0x000001f6   0x00000004   Code   RO         1648    .ARM.Collect$$libinit$$0000002D  c_w.l(libinit2.o)(c_w.l)
    0x000001fa   0x00000000   Code   RO         1649    .ARM.Collect$$libinit$$0000002E  c_w.l(libinit2.o)(c_w.l)
    0x000001fa   0x00000002   Code   RO         1650    .ARM.Collect$$libinit$$0000002F  c_w.l(libinit2.o)(c_w.l)
    0x000001fc   0x00000006   Code   RO         1651    .ARM.Collect$$libshutdown$$00000001  c_w.l(libshutdown2.o)(c_w.l)
    0x00000202   0x00000000   Code   RO         1653    .ARM.Collect$$libshutdown$$00000003  c_w.l(libshutdown2.o)(c_w.l)
    0x00000202   0x00000000   Code   RO         1406    .ARM.Collect$$rtentry$$00000000  c_w.l(rtentry.o)(c_w.l)
    0x00000202   0x00000000   Code   RO         1741    .ARM.Collect$$rtentry$$00000002  c_w.l(rtentry2.o)(c_w.l)
    0x00000202   0x00000006   Code   RO         1756    .ARM.Collect$$rtentry$$00000004  c_w.l(rtentry4.o)(c_w.l)
    0x00000208   0x00000000   Code   RO         1743    .ARM.Collect$$rtentry$$00000009  c_w.l(rtentry2.o)(c_w.l)
    0x00000208   0x00000004   Code   RO         1744    .ARM.Collect$$rtentry$$0000000A  c_w.l(rtentry2.o)(c_w.l)
    0x0000020c   0x00000000   Code   RO         1746    .ARM.Collect$$rtentry$$0000000C  c_w.l(rtentry2.o)(c_w.l)
    0x0000020c   0x00000008   Code   RO         1747    .ARM.Collect$$rtentry$$0000000D  c_w.l(rtentry2.o)(c_w.l)
    0x00000214   0x00000000   Code   RO         1935    .emb_text           c_w.l(maybetermalloc1.o)(c_w.l)
    0x00000214   0x00000024   Code   RO          481    .text               startup_LPC17xx.o
    0x00000238   0x00000014   Code   RO         1083    .text               c_w.l(fprintf.o)(c_w.l)
    0x0000024c   0x0000002c   Code   RO         1087    .text               c_w.l(sprintf.o)(c_w.l)
    0x00000278   0x0000002c   Code   RO         1089    .text               c_w.l(__2sprintf.o)(c_w.l)
    0x000002a4   0x0000003c   Code   RO         1115    .text               c_w.l(sscanf.o)(c_w.l)
    0x000002e0   0x00000010   Code   RO         1135    .text               c_w.l(setbuf.o)(c_w.l)
    0x000002f0   0x0000000c   Code   RO         1410    .text               c_w.l(rt_new_handler_addr.o)(c_w.l)
    0x000002fc   0x00000004   Code   RO          480    .ARM.__at_0x02FC    startup_LPC17xx.o
    0x00000300   0x00000118   Code   RO            1    .text               main.o
    0x00000418   0x00000508   Code   RO          219    .text               m3pi.o
    0x00000920   0x0000019c   Code   RO         1110    .text               c_w.l(__printf_flags_ss_wp.o)(c_w.l)
    0x00000abc   0x00000064   Code   RO         1121    .text               c_w.l(fflush.o)(c_w.l)
    0x00000b20   0x00000022   Code   RO         1131    .text               c_w.l(fputs.o)(c_w.l)
    0x00000b42   0x00000002   PAD
    0x00000b44   0x000000e8   Code   RO         1133    .text               c_w.l(fopen.o)(c_w.l)
    0x00000c2c   0x0000004c   Code   RO         1143    .text               c_w.l(fclose.o)(c_w.l)
    0x00000c78   0x0000007c   Code   RO         1158    .text               c_w.l(assert.o)(c_w.l)
    0x00000cf4   0x0000003e   Code   RO         1162    .text               c_w.l(strlen.o)(c_w.l)
    0x00000d32   0x0000008c   Code   RO         1164    .text               c_w.l(strncmp.o)(c_w.l)
    0x00000dbe   0x00000002   PAD
    0x00000dc0   0x00000080   Code   RO         1172    .text               c_w.l(strcmpv7m.o)(c_w.l)
    0x00000e40   0x00000024   Code   RO         1182    .text               c_w.l(init_aeabi.o)(c_w.l)
    0x00000e64   0x00000010   Code   RO         1408    .text               c_w.l(rt_ctype_table.o)(c_w.l)
    0x00000e74   0x0000000c   Code   RO         1415    .text               c_w.l(rt_ddtor_pointer_addr.o)(c_w.l)
    0x00000e80   0x0000000c   Code   RO         1420    .text               c_w.l(rt_errno_addr.o)(c_w.l)
    0x00000e8c   0x00000064   Code   RO         1429    .text               c_w.l(h1_alloc.o)(c_w.l)
    0x00000ef0   0x0000004e   Code   RO         1431    .text               c_w.l(h1_free.o)(c_w.l)
    0x00000f3e   0x00000050   Code   RO         1487    .text               c_w.l(_printf_pad.o)(c_w.l)
    0x00000f8e   0x00000024   Code   RO         1489    .text               c_w.l(_printf_truncate.o)(c_w.l)
    0x00000fb2   0x00000052   Code   RO         1491    .text               c_w.l(_printf_str.o)(c_w.l)
    0x00001004   0x00000074   Code   RO         1493    .text               c_w.l(_printf_dec.o)(c_w.l)
    0x00001078   0x0000002a   Code   RO         1495    .text               c_w.l(_printf_charcount.o)(c_w.l)
    0x000010a2   0x0000040e   Code   RO         1497    .text               c_w.l(_printf_fp_dec.o)(c_w.l)
    0x000014b0   0x00000030   Code   RO         1499    .text               c_w.l(_printf_char_common.o)(c_w.l)
    0x000014e0   0x0000000a   Code   RO         1501    .text               c_w.l(_sputc.o)(c_w.l)
    0x000014ea   0x00000002   PAD
    0x000014ec   0x00000024   Code   RO         1503    .text               c_w.l(_printf_char_file.o)(c_w.l)
    0x00001510   0x000000bc   Code   RO         1505    .text               c_w.l(_printf_wctomb.o)(c_w.l)
    0x000015cc   0x00000078   Code   RO         1508    .text               c_w.l(_printf_longlong_dec.o)(c_w.l)
    0x00001644   0x00000078   Code   RO         1514    .text               c_w.l(_printf_oct_int_ll.o)(c_w.l)
    0x000016bc   0x0000009c   Code   RO         1534    .text               c_w.l(_printf_hex_int_ll_ptr.o)(c_w.l)
    0x00001758   0x00000166   Code   RO         1559    .text               c_w.l(_scanf_longlong.o)(c_w.l)
    0x000018be   0x0000014e   Code   RO         1561    .text               c_w.l(_scanf_int.o)(c_w.l)
    0x00001a0c   0x000000d8   Code   RO         1563    .text               c_w.l(_scanf_str.o)(c_w.l)
    0x00001ae4   0x00000030   Code   RO         1565    .text               c_w.l(scanf_char.o)(c_w.l)
    0x00001b14   0x00000040   Code   RO         1567    .text               c_w.l(_sgetc.o)(c_w.l)
    0x00001b54   0x000000a0   Code   RO         1573    .text               c_w.l(strtod.o)(c_w.l)
    0x00001bf4   0x0000011c   Code   RO         1575    .text               c_w.l(_scanf_mbtowc.o)(c_w.l)
    0x00001d10   0x000000e8   Code   RO         1577    .text               c_w.l(_scanf_wctomb.o)(c_w.l)
    0x00001df8   0x000000ca   Code   RO         1579    .text               c_w.l(_scanf_wstr.o)(c_w.l)
    0x00001ec2   0x00000228   Code   RO         1581    .text               c_w.l(filbuf.o)(c_w.l)
    0x000020ea   0x000001ce   Code   RO         1583    .text               c_w.l(flsbuf.o)(c_w.l)
    0x000022b8   0x000000f8   Code   RO         1585    .text               c_w.l(fseek.o)(c_w.l)
    0x000023b0   0x00000046   Code   RO         1587    .text               c_w.l(setvbuf.o)(c_w.l)
    0x000023f6   0x00000002   PAD
    0x000023f8   0x000000f0   Code   RO         1589    .text               c_w.l(stdio.o)(c_w.l)
    0x000024e8   0x00000138   Code   RO         1592    .text               c_w.l(initio.o)(c_w.l)
    0x00002620   0x00000010   Code   RO         1598    .text               c_w.l(abort.o)(c_w.l)
    0x00002630   0x0000000e   Code   RO         1600    .text               c_w.l(defsig_pvfn_outer.o)(c_w.l)
    0x0000263e   0x0000004e   Code   RO         1608    .text               c_w.l(rt_memclr_w.o)(c_w.l)
    0x0000268c   0x00000004   Code   RO         1672    .text               cpprt_w.l(arm_bad_typeid_noexceptions.o)(cpprt_w.l)
    0x00002690   0x00000004   Code   RO         1678    .text               cpprt_w.l(arm_newhandler_noexceptions.o)(cpprt_w.l)
    0x00002694   0x0000000e   Code   RO         1733    .text               c_w.l(sys_wrch.o)(c_w.l)
    0x000026a2   0x00000002   PAD
    0x000026a4   0x0000000c   Code   RO         1735    .text               c_w.l(sys_exit.o)(c_w.l)
    0x000026b0   0x0000000c   Code   RO         1760    .text               c_w.l(rt_heap_descriptor.o)(c_w.l)
    0x000026bc   0x0000000c   Code   RO         1765    .text               c_w.l(rt_locale.o)(c_w.l)
    0x000026c8   0x00000004   Code   RO         1770    .text               c_w.l(hguard.o)(c_w.l)
    0x000026cc   0x0000008a   Code   RO         1772    .text               c_w.l(init_alloc.o)(c_w.l)
    0x00002756   0x0000000e   Code   RO         1776    .text               c_w.l(h1_init.o)(c_w.l)
    0x00002764   0x0000008a   Code   RO         1790    .text               c_w.l(lludiv10.o)(c_w.l)
    0x000027ee   0x00000012   Code   RO         1792    .text               c_w.l(isspace.o)(c_w.l)
    0x00002800   0x000000b4   Code   RO         1794    .text               c_w.l(_printf_intcommon.o)(c_w.l)
    0x000028b4   0x000002f4   Code   RO         1796    .text               c_w.l(_printf_fp_hex.o)(c_w.l)
    0x00002ba8   0x0000007c   Code   RO         1799    .text               c_w.l(_printf_fp_infnan.o)(c_w.l)
    0x00002c24   0x0000002c   Code   RO         1803    .text               c_w.l(_printf_char.o)(c_w.l)
    0x00002c50   0x0000002c   Code   RO         1807    .text               c_w.l(_printf_wchar.o)(c_w.l)
    0x00002c7c   0x00000020   Code   RO         1809    .text               c_w.l(_chval.o)(c_w.l)
    0x00002c9c   0x00000388   Code   RO         1811    .text               c_w.l(_scanf.o)(c_w.l)
    0x00003024   0x000004a4   Code   RO         1813    .text               c_w.l(scanf_fp.o)(c_w.l)
    0x000034c8   0x0000001e   Code   RO         1817    .text               c_w.l(_scanf_wcharmap.o)(c_w.l)
    0x000034e6   0x00000002   PAD
    0x000034e8   0x000000ec   Code   RO         1819    .text               c_w.l(bigflt0.o)(c_w.l)
    0x000035d4   0x00000008   Code   RO         1846    .text               c_w.l(ferror.o)(c_w.l)
    0x000035dc   0x00000046   Code   RO         1848    .text               c_w.l(ftell.o)(c_w.l)
    0x00003622   0x00000002   PAD
    0x00003624   0x00000034   Code   RO         1856    .text               c_w.l(flushlinebuffered.o)(c_w.l)
    0x00003658   0x0000003c   Code   RO         1872    .text               c_w.l(_mbrtowc.o)(c_w.l)
    0x00003694   0x00000040   Code   RO         1874    .text               c_w.l(_wcrtomb.o)(c_w.l)
    0x000036d4   0x0000000a   Code   RO         1882    .text               c_w.l(defsig_exit.o)(c_w.l)
    0x000036de   0x0000000e   Code   RO         1884    .text               c_w.l(defsig_abrt_outer.o)(c_w.l)
    0x000036ec   0x0000000e   Code   RO         1888    .text               c_w.l(defsig_rtred_outer.o)(c_w.l)
    0x000036fa   0x00000002   PAD
    0x000036fc   0x00000030   Code   RO         1892    .text               c_w.l(defsig_pvfn_inner.o)(c_w.l)
    0x0000372c   0x00000018   Code   RO         1894    .text               c_w.l(assert_stdio.o)(c_w.l)
    0x00003744   0x00000010   Code   RO         1896    .text               c_w.l(rtudiv10.o)(c_w.l)
    0x00003754   0x0000001a   Code   RO         1904    .text               cpprt_w.l(arm_exceptions_terminate.o)(cpprt_w.l)
    0x0000376e   0x00000002   Code   RO         1931    .text               c_w.l(use_no_semi.o)(c_w.l)
    0x00003770   0x00000032   Code   RO         1939    .text               c_w.l(h1_extend.o)(c_w.l)
    0x000037a2   0x00000032   Code   RO         1947    .text               c_w.l(defsig_general.o)(c_w.l)
    0x000037d4   0x00000030   Code   RO         1949    .text               c_w.l(defsig_abrt_inner.o)(c_w.l)
    0x00003804   0x00000034   Code   RO         1951    .text               c_w.l(defsig_rtred_inner.o)(c_w.l)
    0x00003838   0x0000000e   Code   RO         1953    .text               c_w.l(defsig_rtmem_outer.o)(c_w.l)
    0x00003846   0x00000002   PAD
    0x00003848   0x0000004c   Code   RO         1957    .text               c_w.l(heapauxa.o)(c_w.l)
    0x00003894   0x00000050   Code   RO         1979    .text               cpprt_w.l(arm_exceptions_globs.o)(cpprt_w.l)
    0x000038e4   0x0000000c   Code   RO         2002    .text               c_w.l(rt_eh_globals_addr.o)(c_w.l)
    0x000038f0   0x00000016   Code   RO         2009    .text               c_w.l(_rserrno.o)(c_w.l)
    0x00003906   0x00000002   PAD
    0x00003908   0x0000030c   Code   RO         2011    .text               c_w.l(scanf_hexfp.o)(c_w.l)
    0x00003c14   0x0000013c   Code   RO         2013    .text               c_w.l(scanf_infnan.o)(c_w.l)
    0x00003d50   0x0000004c   Code   RO         2017    .text               c_w.l(defsig_rtmem_inner.o)(c_w.l)
    0x00003d9c   0x0000003c   Code   RO         2021    .text               cpprt_w.l(arm_exceptions_mem.o)(cpprt_w.l)
    0x00003dd8   0x0000000c   Code   RO         2032    .text               c_w.l(rt_fp_status_addr.o)(c_w.l)
    0x00003de4   0x00000026   Code   RO         2041    .text               c_w.l(llshl.o)(c_w.l)
    0x00003e0a   0x0000003e   Code   RO         1822    CL$$btod_d2e        c_w.l(btod.o)(c_w.l)
    0x00003e48   0x00000046   Code   RO         1824    CL$$btod_d2e_denorm_low  c_w.l(btod.o)(c_w.l)
    0x00003e8e   0x00000060   Code   RO         1823    CL$$btod_d2e_norm_op1  c_w.l(btod.o)(c_w.l)
    0x00003eee   0x00000338   Code   RO         1832    CL$$btod_div_common  c_w.l(btod.o)(c_w.l)
    0x00004226   0x00000002   PAD
    0x00004228   0x00000054   Code   RO         1830    CL$$btod_e2d        c_w.l(btod.o)(c_w.l)
    0x0000427c   0x000000c6   Code   RO         1829    CL$$btod_e2e        c_w.l(btod.o)(c_w.l)
    0x00004342   0x00000028   Code   RO         1826    CL$$btod_ediv       c_w.l(btod.o)(c_w.l)
    0x0000436a   0x00000028   Code   RO         1828    CL$$btod_edivd      c_w.l(btod.o)(c_w.l)
    0x00004392   0x00000028   Code   RO         1825    CL$$btod_emul       c_w.l(btod.o)(c_w.l)
    0x000043ba   0x00000028   Code   RO         1827    CL$$btod_emuld      c_w.l(btod.o)(c_w.l)
    0x000043e2   0x00000244   Code   RO         1831    CL$$btod_mult_common  c_w.l(btod.o)(c_w.l)
    0x00004626   0x00000006   Code   RO          673    i.<Func4>           mbed.ar(Serial.LPC1768.o)(mbed.ar)
    0x0000462c   0x00000078   Code   RO          471    i.SystemInit        system_LPC17xx.o
    0x000046a4   0x00000046   Code   RO         1204    i._Z12tbc_downcastPvPKSt9type_infoP28a_base_class_traversal_blockPN10__cxxabiv122__base_class_type_infoE  cpprt_w.l(rtti.o)(cpprt_w.l)
    0x000046ea   0x00000016   Code   RO         1205    i._Z17tbc_post_downcastPvPKSt9type_infoP28a_base_class_traversal_blockPN10__cxxabiv122__base_class_type_infoE  cpprt_w.l(rtti.o)(cpprt_w.l)
    0x00004700   0x000000a8   Code   RO         1206    i._Z21traverse_base_classesPvPKSt9type_infoP28a_base_class_traversal_blockPN10__cxxabiv122__base_class_type_infoE  cpprt_w.l(rtti.o)(cpprt_w.l)
    0x000047a8   0x000000c8   Code   RO         1207    i._Z23find_base_class_at_addrPvS_PKSt9type_infoS2_Pi  cpprt_w.l(rtti.o)(cpprt_w.l)
    0x00004870   0x000001ec   Code   RO         1208    i._Z28derived_to_base_conversion_rPvPS_PKSt9type_infoS3_jPiiPS3_P19a_result_virtualityS4_  cpprt_w.l(rtti.o)(cpprt_w.l)
    0x00004a5c   0x00000012   Code   RO          322    i._ZN4m3piD0Ev      m3pi.o
    0x00004a6e   0x00000002   PAD
    0x00004a70   0x00000034   Code   RO           25    i._ZN4m3piD1Ev      main.o
    0x00004aa4   0x0000003c   Code   RO          491    i._ZN4mbed10DigitalOutC1E7PinNamePKc  mbed.ar(DigitalOut.LPC1768.o)(mbed.ar)
    0x00004ae0   0x0000000e   Code   RO          529    i._ZN4mbed10DigitalOutD0Ev  mbed.ar(DigitalOut.LPC1768.o)(mbed.ar)
    0x00004aee   0x00000016   Code   RO          232    i._ZN4mbed10DigitalOutaSEi  m3pi.o
    0x00004b04   0x0000003a   Code   RO         1002    i._ZN4mbed10FileHandle4flenEv  mbed.ar(stdio.LPC1768.o)(mbed.ar)
    0x00004b3e   0x00000002   PAD
    0x00004b40   0x00000024   Code   RO          331    i._ZN4mbed12write_resultIfEEvT_Pc  m3pi.o
    0x00004b64   0x00000008   Code   RO         1012    i._ZN4mbed15FunctionPointerC1EPFvvE  mbed.ar(FunctionPointer.LPC1768.o)(mbed.ar)
    0x00004b6c   0x0000001e   Code   RO          537    i._ZN4mbed4Base11delete_selfEv  mbed.ar(Base.LPC1768.o)(mbed.ar)
    0x00004b8a   0x00000002   PAD
    0x00004b8c   0x00000008   Code   RO          538    i._ZN4mbed4Base15get_rpc_methodsEv  mbed.ar(Base.LPC1768.o)(mbed.ar)
    0x00004b94   0x00000030   Code   RO          543    i._ZN4mbed4Base5clearEPKcPc  mbed.ar(Base.LPC1768.o)(mbed.ar)
    0x00004bc4   0x00000038   Code   RO          544    i._ZN4mbed4Base6lookupEPKcj  mbed.ar(Base.LPC1768.o)(mbed.ar)
    0x00004bfc   0x00000040   Code   RO          547    i._ZN4mbed4Base9list_objsEPKcPc  mbed.ar(Base.LPC1768.o)(mbed.ar)
    0x00004c3c   0x00000024   Code   RO          548    i._ZN4mbed4BaseC1EPKc  mbed.ar(Base.LPC1768.o)(mbed.ar)
    0x00004c60   0x00000034   Code   RO          549    i._ZN4mbed4BaseD0Ev  mbed.ar(Base.LPC1768.o)(mbed.ar)
    0x00004c94   0x00000038   Code   RO          550    i._ZN4mbed4BaseD1Ev  mbed.ar(Base.LPC1768.o)(mbed.ar)
    0x00004ccc   0x00000074   Code   RO          625    i._ZN4mbed6BusOutC1E7PinNameS1_S1_S1_S1_S1_S1_S1_S1_S1_S1_S1_S1_S1_S1_S1_PKc  mbed.ar(BusOut.LPC1768.o)(mbed.ar)
    0x00004d40   0x00000034   Code   RO          627    i._ZN4mbed6BusOutD0Ev  mbed.ar(BusOut.LPC1768.o)(mbed.ar)
    0x00004d74   0x00000030   Code   RO          628    i._ZN4mbed6BusOutD1Ev  mbed.ar(BusOut.LPC1768.o)(mbed.ar)
    0x00004da4   0x0000002a   Code   RO          630    i._ZN4mbed6BusOutaSEi  mbed.ar(BusOut.LPC1768.o)(mbed.ar)
    0x00004dce   0x00000006   Code   RO          678    i._ZN4mbed6Serial4baudEi  mbed.ar(Serial.LPC1768.o)(mbed.ar)
    0x00004dd4   0x00000006   Code   RO          679    i._ZN4mbed6Serial5_getcEv  mbed.ar(Serial.LPC1768.o)(mbed.ar)
    0x00004dda   0x0000000e   Code   RO          680    i._ZN4mbed6Serial5_putcEi  mbed.ar(Serial.LPC1768.o)(mbed.ar)
    0x00004de8   0x00000090   Code   RO          685    i._ZN4mbed6SerialC1E7PinNameS1_PKc  mbed.ar(Serial.LPC1768.o)(mbed.ar)
    0x00004e78   0x0000000e   Code   RO          750    i._ZN4mbed6SerialD0Ev  mbed.ar(Serial.LPC1768.o)(mbed.ar)
    0x00004e86   0x00000004   Code   RO          732    i._ZN4mbed6SerialD1Ev  mbed.ar(Serial.LPC1768.o)(mbed.ar)
    0x00004e8a   0x00000014   Code   RO          841    i._ZN4mbed6Stream4getcEv  mbed.ar(Stream.LPC1768.o)(mbed.ar)
    0x00004e9e   0x00000018   Code   RO          835    i._ZN4mbed6Stream4putcEi  mbed.ar(Stream.LPC1768.o)(mbed.ar)
    0x00004eb6   0x00000002   PAD
    0x00004eb8   0x00000040   Code   RO          768    i._ZN4mbed6StreamC2EPKc  mbed.ar(Stream.LPC1768.o)(mbed.ar)
    0x00004ef8   0x00000024   Code   RO          769    i._ZN4mbed6StreamD0Ev  mbed.ar(Stream.LPC1768.o)(mbed.ar)
    0x00004f1c   0x00000020   Code   RO          770    i._ZN4mbed6StreamD2Ev  mbed.ar(Stream.LPC1768.o)(mbed.ar)
    0x00004f3c   0x0000003c   Code   RO          916    i._ZN4mbed8FileLikeD0Ev  mbed.ar(stdio.LPC1768.o)(mbed.ar)
    0x00004f78   0x00000034   Code   RO          917    i._ZN4mbed8FileLikeD2Ev  mbed.ar(stdio.LPC1768.o)(mbed.ar)
    0x00004fac   0x00000024   Code   RO          244    i._ZN4mbed8next_argEPKc  m3pi.o
    0x00004fd0   0x0000003c   Code   RO          849    i._ZN4mbed9DigitalInC1E7PinNamePKc  mbed.ar(DigitalIn.LPC1768.o)(mbed.ar)
    0x0000500c   0x0000000e   Code   RO          877    i._ZN4mbed9DigitalInD0Ev  mbed.ar(DigitalIn.LPC1768.o)(mbed.ar)
    0x0000501a   0x00000004   Code   RO          865    i._ZN4mbed9DigitalInD1Ev  mbed.ar(DigitalIn.LPC1768.o)(mbed.ar)
    0x0000501e   0x00000016   Code   RO           16    i._ZN4mbed9DigitalIncviEv  main.o
    0x00005034   0x00000010   Code   RO          325    i._ZN4mbed9parse_argIfEET_PKcPS3_  m3pi.o
    0x00005044   0x00000020   Code   RO         1707    i._ZNKSt9type_infoeqERKS_  cpprt_w.l(type_info_eq.o)(cpprt_w.l)
    0x00005064   0x00000004   Code   RO          771    i._ZThn16_N4mbed6Stream4flenEv  mbed.ar(Stream.LPC1768.o)(mbed.ar)
    0x00005068   0x0000002c   Code   RO          772    i._ZThn16_N4mbed6Stream4readEPvj  mbed.ar(Stream.LPC1768.o)(mbed.ar)
    0x00005094   0x00000004   Code   RO          773    i._ZThn16_N4mbed6Stream5closeEv  mbed.ar(Stream.LPC1768.o)(mbed.ar)
    0x00005098   0x00000004   Code   RO          775    i._ZThn16_N4mbed6Stream5lseekEli  mbed.ar(Stream.LPC1768.o)(mbed.ar)
    0x0000509c   0x0000002c   Code   RO          776    i._ZThn16_N4mbed6Stream5writeEPKvj  mbed.ar(Stream.LPC1768.o)(mbed.ar)
    0x000050c8   0x00000004   Code   RO          777    i._ZThn16_N4mbed6Stream6isattyEv  mbed.ar(Stream.LPC1768.o)(mbed.ar)
    0x000050cc   0x00000008   Code   RO         1187    i._ZdaPv            cpprt_w.l(array_del.o)(cpprt_w.l)
    0x000050d4   0x00000008   Code   RO         1194    i._ZdlPv            cpprt_w.l(delete.o)(cpprt_w.l)
    0x000050dc   0x00000028   Code   RO         1197    i._Znwj             cpprt_w.l(new.o)(cpprt_w.l)
    0x00005104   0x00000020   Code   RO         1229    i.__ARM_common_get_typeid  cpprt_w.l(rtti.o)(cpprt_w.l)
    0x00005124   0x00000028   Code   RO         1929    i.__ARM_fpclassify  m_ws.l(fpclassify.o)(m_ws.l)
    0x0000514c   0x00000030   Code   RO         1232    i.__aeabi_atexit    cpprt_w.l(aeabi_atexit.o)(cpprt_w.l)
    0x0000517c   0x00000022   Code   RO         1235    i.__aeabi_vec_ctor_nocookie_nodtor  cpprt_w.l(aeabi_vec_ctor_nocookie_nodtor.o)(cpprt_w.l)
    0x0000519e   0x00000042   Code   RO         1694    i.__cxa_finalize    cpprt_w.l(cxa_finalize.o)(cpprt_w.l)
    0x000051e0   0x00000006   Code   RO         1201    i.__cxa_pure_virtual  cpprt_w.l(pure_virt.o)(cpprt_w.l)
    0x000051e6   0x00000002   PAD
    0x000051e8   0x0000006c   Code   RO         1209    i.__derived_to_base_conversion  cpprt_w.l(rtti.o)(cpprt_w.l)
    0x00005254   0x000000a0   Code   RO         1210    i.__dynamic_cast    cpprt_w.l(rtti.o)(cpprt_w.l)
    0x000052f4   0x00000010   Code   RO         2065    i.__mathlib_dbl_underflow  m_ws.l(dunder.o)(m_ws.l)
    0x00005304   0x00000010   Code   RO         1996    i.__mathlib_narrow  m_ws.l(narrow.o)(m_ws.l)
    0x00005314   0x00000088   Code   RO         1997    i.__mathlib_tofloat  m_ws.l(narrow.o)(m_ws.l)
    0x0000539c   0x00000016   Code   RO         2054    i.__support_ldexp   m_ws.l(ldexp.o)(m_ws.l)
    0x000053b2   0x00000002   PAD
    0x000053b4   0x0000000c   Code   RO          477    i.__user_setup_stackheap  stackheap.o
    0x000053c0   0x0000002c   Code   RO          918    i._sys_close        mbed.ar(stdio.LPC1768.o)(mbed.ar)
    0x000053ec   0x00000028   Code   RO          921    i._sys_flen         mbed.ar(stdio.LPC1768.o)(mbed.ar)
    0x00005414   0x00000028   Code   RO          922    i._sys_istty        mbed.ar(stdio.LPC1768.o)(mbed.ar)
    0x0000543c   0x00000184   Code   RO          923    i._sys_open         mbed.ar(stdio.LPC1768.o)(mbed.ar)
    0x000055c0   0x00000040   Code   RO          924    i._sys_read         mbed.ar(stdio.LPC1768.o)(mbed.ar)
    0x00005600   0x0000002c   Code   RO          925    i._sys_seek         mbed.ar(stdio.LPC1768.o)(mbed.ar)
    0x0000562c   0x00000054   Code   RO          926    i._sys_write        mbed.ar(stdio.LPC1768.o)(mbed.ar)
    0x00005680   0x00000016   Code   RO         1033    i.exit              capi.ar(exit.LPC1768.o)(capi.ar)
    0x00005696   0x00000018   Code   RO         1124    i.fgetc             c_w.l(fgetc.o)(c_w.l)
    0x000056ae   0x0000001a   Code   RO         1128    i.fputc             c_w.l(fputc.o)(c_w.l)
    0x000056c8   0x00000058   Code   RO         2029    i.frexp             m_ws.l(frexp.o)(m_ws.l)
    0x00005720   0x00000030   Code   RO          903    i.gpio_input        capi.ar(gpio_api.LPC1768.o)(capi.ar)
    0x00005750   0x00000030   Code   RO          905    i.gpio_output       capi.ar(gpio_api.LPC1768.o)(capi.ar)
    0x00005780   0x00000018   Code   RO          907    i.gpio_write        capi.ar(gpio_api.LPC1768.o)(capi.ar)
    0x00005798   0x0000007e   Code   RO         2055    i.ldexp             m_ws.l(ldexp.o)(m_ws.l)
    0x00005816   0x00000002   PAD
    0x00005818   0x00000078   Code   RO         1072    i.mbed_die          capi.ar(utils_api.LPC1768.o)(capi.ar)
    0x00005890   0x00000038   Code   RO         1035    i.pin_function      capi.ar(pinmap.LPC1768.o)(capi.ar)
    0x000058c8   0x00000068   Code   RO         1036    i.pin_mode          capi.ar(pinmap.LPC1768.o)(capi.ar)
    0x00005930   0x0000003c   Code   RO         1037    i.pinmap_merge      capi.ar(pinmap.LPC1768.o)(capi.ar)
    0x0000596c   0x00000058   Code   RO         1038    i.pinmap_peripheral  capi.ar(pinmap.LPC1768.o)(capi.ar)
    0x000059c4   0x000000cc   Code   RO         1039    i.pinmap_pinout     capi.ar(pinmap.LPC1768.o)(capi.ar)
    0x00005a90   0x0000000c   Code   RO         1047    i.semihost_exit     capi.ar(semihost_api.LPC1768.o)(capi.ar)
    0x00005a9c   0x000001c8   Code   RO          882    i.serial_baud       capi.ar(serial_api.LPC1768.o)(capi.ar)
    0x00005c64   0x00000094   Code   RO          884    i.serial_format     capi.ar(serial_api.LPC1768.o)(capi.ar)
    0x00005cf8   0x0000000c   Code   RO          886    i.serial_getc       capi.ar(serial_api.LPC1768.o)(capi.ar)
    0x00005d04   0x000000e4   Code   RO          887    i.serial_init       capi.ar(serial_api.LPC1768.o)(capi.ar)
    0x00005de8   0x0000000c   Code   RO          889    i.serial_putc       capi.ar(serial_api.LPC1768.o)(capi.ar)
    0x00005df4   0x00000024   Code   RO         1401    i.strtof            m_ws.l(strtof.o)(m_ws.l)
    0x00005e18   0x00000014   Code   RO         1020    i.timer_frequency   capi.ar(timer_api.LPC1768.o)(capi.ar)
    0x00005e2c   0x00000070   Code   RO         1021    i.timer_init        capi.ar(timer_api.LPC1768.o)(capi.ar)
    0x00005e9c   0x00000004   Code   RO         1022    i.timer_read        capi.ar(timer_api.LPC1768.o)(capi.ar)
    0x00005ea0   0x0000000c   Code   RO         1023    i.timer_start       capi.ar(timer_api.LPC1768.o)(capi.ar)
    0x00005eac   0x00000038   Code   RO          913    i.us_ticker_read    capi.ar(us_ticker_api.LPC1768.o)(capi.ar)
    0x00005ee4   0x00000030   Code   RO          483    i.wait              capi.ar(wait_api.LPC1768.o)(capi.ar)
    0x00005f14   0x0000001c   Code   RO          484    i.wait_ms           capi.ar(wait_api.LPC1768.o)(capi.ar)
    0x00005f30   0x0000002c   Code   RO         1877    locale$$code        c_w.l(lc_ctype_c.o)(c_w.l)
    0x00005f5c   0x0000002c   Code   RO         1880    locale$$code        c_w.l(lc_numeric_c.o)(c_w.l)
    0x00005f88   0x00000054   Code   RO          274    t._ZN4mbed17rpc_method_callerI4m3piXadL_ZNS1_4stopEvEEEEvPNS_4BaseEPKcPc  m3pi.o
    0x00005fdc   0x0000006c   Code   RO          280    t._ZN4mbed17rpc_method_callerI4m3pifXadL_ZNS1_10left_motorEfEEEEvPNS_4BaseEPKcPc  m3pi.o
    0x00006048   0x0000006c   Code   RO          286    t._ZN4mbed17rpc_method_callerI4m3pifXadL_ZNS1_11right_motorEfEEEEvPNS_4BaseEPKcPc  m3pi.o
    0x000060b4   0x0000006c   Code   RO          262    t._ZN4mbed17rpc_method_callerI4m3pifXadL_ZNS1_4leftEfEEEEvPNS_4BaseEPKcPc  m3pi.o
    0x00006120   0x0000006c   Code   RO          268    t._ZN4mbed17rpc_method_callerI4m3pifXadL_ZNS1_5rightEfEEEEvPNS_4BaseEPKcPc  m3pi.o
    0x0000618c   0x0000006c   Code   RO          250    t._ZN4mbed17rpc_method_callerI4m3pifXadL_ZNS1_7forwardEfEEEEvPNS_4BaseEPKcPc  m3pi.o
    0x000061f8   0x0000006c   Code   RO          256    t._ZN4mbed17rpc_method_callerI4m3pifXadL_ZNS1_8backwardEfEEEEvPNS_4BaseEPKcPc  m3pi.o
    0x00006264   0x00000028   Code   RO          592    t._ZN4mbed17rpc_method_callerINS_4BaseEXadL_ZNS1_11delete_selfEvEEEEvPS1_PKcPc  mbed.ar(Base.LPC1768.o)(mbed.ar)
    0x0000628c   0x00000064   Code   RO          304    t._ZN4mbed17rpc_method_callerIc4m3piXadL_ZNS1_21sensor_auto_calibrateEvEEEEvPNS_4BaseEPKcPc  m3pi.o
    0x000062f0   0x0000005c   Code   RO          298    t._ZN4mbed17rpc_method_callerIf4m3piXadL_ZNS1_13line_positionEvEEEEvPNS_4BaseEPKcPc  m3pi.o
    0x0000634c   0x0000005c   Code   RO          292    t._ZN4mbed17rpc_method_callerIf4m3piXadL_ZNS1_7batteryEvEEEEvPNS_4BaseEPKcPc  m3pi.o
    0x000063a8   0x00000004   Code   RO          517    t._ZN4mbed9rpc_superINS_4BaseEEEPKNS_10rpc_methodEPS1_  mbed.ar(DigitalOut.LPC1768.o)(mbed.ar)
    0x000063ac   0x00000062   Code   RO         1338    x$fpl$d2f           fz_ws.l(d2f.o)(fz_ws.l)
    0x0000640e   0x00000002   PAD
    0x00006410   0x0000014c   Code   RO         1340    x$fpl$dadd          fz_ws.l(daddsub_clz.o)(fz_ws.l)
    0x0000655c   0x00000010   Code   RO         1710    x$fpl$dcheck1       fz_ws.l(dcheck1.o)(fz_ws.l)
    0x0000656c   0x00000018   Code   RO         1923    x$fpl$dcmpinf       fz_ws.l(dcmpi.o)(fz_ws.l)
    0x00006584   0x000002b0   Code   RO         1347    x$fpl$ddiv          fz_ws.l(ddiv.o)(fz_ws.l)
    0x00006834   0x00000078   Code   RO         2024    x$fpl$deqf          fz_ws.l(deqf.o)(fz_ws.l)
    0x000068ac   0x0000005e   Code   RO         1350    x$fpl$dfix          fz_ws.l(dfix.o)(fz_ws.l)
    0x0000690a   0x0000002e   Code   RO         1355    x$fpl$dflt          fz_ws.l(dflt_clz.o)(fz_ws.l)
    0x00006938   0x00000026   Code   RO         1354    x$fpl$dfltu         fz_ws.l(dflt_clz.o)(fz_ws.l)
    0x0000695e   0x00000002   PAD
    0x00006960   0x00000078   Code   RO         1712    x$fpl$dleqf         fz_ws.l(dleqf.o)(fz_ws.l)
    0x000069d8   0x00000154   Code   RO         1360    x$fpl$dmul          fz_ws.l(dmul.o)(fz_ws.l)
    0x00006b2c   0x0000009c   Code   RO         1714    x$fpl$dnaninf       fz_ws.l(dnaninf.o)(fz_ws.l)
    0x00006bc8   0x0000000c   Code   RO         1716    x$fpl$dretinf       fz_ws.l(dretinf.o)(fz_ws.l)
    0x00006bd4   0x0000006c   Code   RO         1362    x$fpl$drleqf        fz_ws.l(drleqf.o)(fz_ws.l)
    0x00006c40   0x000001d4   Code   RO         1342    x$fpl$dsub          fz_ws.l(daddsub_clz.o)(fz_ws.l)
    0x00006e14   0x00000056   Code   RO         1364    x$fpl$f2d           fz_ws.l(f2d.o)(fz_ws.l)
    0x00006e6a   0x00000002   PAD
    0x00006e6c   0x000000c4   Code   RO         1366    x$fpl$fadd          fz_ws.l(faddsub_clz.o)(fz_ws.l)
    0x00006f30   0x00000018   Code   RO         1718    x$fpl$fcmpinf       fz_ws.l(fcmpi.o)(fz_ws.l)
    0x00006f48   0x00000184   Code   RO         1373    x$fpl$fdiv          fz_ws.l(fdiv.o)(fz_ws.l)
    0x000070cc   0x0000003e   Code   RO         1376    x$fpl$ffixu         fz_ws.l(ffixu.o)(fz_ws.l)
    0x0000710a   0x00000002   PAD
    0x0000710c   0x00000030   Code   RO         1381    x$fpl$fflt          fz_ws.l(fflt_clz.o)(fz_ws.l)
    0x0000713c   0x00000026   Code   RO         1380    x$fpl$ffltu         fz_ws.l(fflt_clz.o)(fz_ws.l)
    0x00007162   0x00000002   PAD
    0x00007164   0x00000068   Code   RO         1386    x$fpl$fleqf         fz_ws.l(fleqf.o)(fz_ws.l)
    0x000071cc   0x00000102   Code   RO         1388    x$fpl$fmul          fz_ws.l(fmul.o)(fz_ws.l)
    0x000072ce   0x0000008c   Code   RO         1720    x$fpl$fnaninf       fz_ws.l(fnaninf.o)(fz_ws.l)
    0x0000735a   0x0000000e   Code   RO         2026    x$fpl$fpinit        fz_ws.l(fpinit.o)(fz_ws.l)
    0x00007368   0x0000000a   Code   RO         1722    x$fpl$fretinf       fz_ws.l(fretinf.o)(fz_ws.l)
    0x00007372   0x00000002   PAD
    0x00007374   0x000000ea   Code   RO         1368    x$fpl$fsub          fz_ws.l(faddsub_clz.o)(fz_ws.l)
    0x0000745e   0x00000004   Code   RO         1390    x$fpl$printf1       fz_ws.l(printf1.o)(fz_ws.l)
    0x00007462   0x00000004   Code   RO         1724    x$fpl$printf2       fz_ws.l(printf2.o)(fz_ws.l)
    0x00007466   0x00000064   Code   RO         1927    x$fpl$retnan        fz_ws.l(retnan.o)(fz_ws.l)
    0x000074ca   0x00000060   Code   RO         1395    x$fpl$scalbn        fz_ws.l(scalbn.o)(fz_ws.l)
    0x0000752a   0x00000004   Code   RO         1730    x$fpl$scanf1        fz_ws.l(scanf1.o)(fz_ws.l)
    0x0000752e   0x00000008   Code   RO         1988    x$fpl$scanf2        fz_ws.l(scanf2.o)(fz_ws.l)
    0x00007536   0x00000030   Code   RO         1994    x$fpl$trapveneer    fz_ws.l(trapv.o)(fz_ws.l)
    0x00007566   0x00000000   Code   RO         1732    x$fpl$usenofp       fz_ws.l(usenofp.o)(fz_ws.l)
    0x00007566   0x00000002   PAD
    0x00007568   0x000000ae   Data   RO          221    .constdata          m3pi.o
    0x00007616   0x00000002   PAD
    0x00007618   0x00000018   Data   RO          569    .constdata          mbed.ar(Base.LPC1768.o)(mbed.ar)
    0x00007630   0x00000018   Data   RO          570    .constdata          mbed.ar(Base.LPC1768.o)(mbed.ar)
    0x00007648   0x00000154   Data   RO          892    .constdata          capi.ar(serial_api.LPC1768.o)(capi.ar)
    0x0000779c   0x00000017   Data   RO          977    .constdata          mbed.ar(stdio.LPC1768.o)(mbed.ar)
    0x000077b3   0x00000011   Data   RO         1111    .constdata          c_w.l(__printf_flags_ss_wp.o)(c_w.l)
    0x000077c4   0x00000008   Data   RO         1506    .constdata          c_w.l(_printf_wctomb.o)(c_w.l)
    0x000077cc   0x00000028   Data   RO         1535    .constdata          c_w.l(_printf_hex_int_ll_ptr.o)(c_w.l)
    0x000077f4   0x00000026   Data   RO         1797    .constdata          c_w.l(_printf_fp_hex.o)(c_w.l)
    0x0000781a   0x00000002   PAD
    0x0000781c   0x00000094   Data   RO         1820    .constdata          c_w.l(bigflt0.o)(c_w.l)
    0x000078b0   0x0000000c   Data   RO          337    .constdata__ZTI4m3pi  m3pi.o
    0x000078bc   0x0000000c   Data   RO         1322    .constdata__ZTIN10__cxxabiv117__class_type_infoE  cpprt_w.l(lib_rtti_impl.o)(cpprt_w.l)
    0x000078c8   0x0000000c   Data   RO         1323    .constdata__ZTIN10__cxxabiv120__si_class_type_infoE  cpprt_w.l(lib_rtti_impl.o)(cpprt_w.l)
    0x000078d4   0x0000000c   Data   RO         1324    .constdata__ZTIN10__cxxabiv121__vmi_class_type_infoE  cpprt_w.l(lib_rtti_impl.o)(cpprt_w.l)
    0x000078e0   0x0000000c   Data   RO          535    .constdata__ZTIN4mbed10DigitalOutE  mbed.ar(DigitalOut.LPC1768.o)(mbed.ar)
    0x000078ec   0x00000008   Data   RO         1007    .constdata__ZTIN4mbed10FileHandleE  mbed.ar(stdio.LPC1768.o)(mbed.ar)
    0x000078f4   0x0000000c   Data   RO          618    .constdata__ZTIN4mbed14FileSystemLikeE  mbed.ar(Base.LPC1768.o)(mbed.ar)
    0x00007900   0x00000008   Data   RO          595    .constdata__ZTIN4mbed4BaseE  mbed.ar(Base.LPC1768.o)(mbed.ar)
    0x00007908   0x0000000c   Data   RO          671    .constdata__ZTIN4mbed6BusOutE  mbed.ar(BusOut.LPC1768.o)(mbed.ar)
    0x00007914   0x0000000c   Data   RO          756    .constdata__ZTIN4mbed6SerialE  mbed.ar(Serial.LPC1768.o)(mbed.ar)
    0x00007920   0x0000000c   Data   RO          844    .constdata__ZTIN4mbed6StreamE  mbed.ar(Stream.LPC1768.o)(mbed.ar)
    0x0000792c   0x00000020   Data   RO         1006    .constdata__ZTIN4mbed8FileLikeE  mbed.ar(stdio.LPC1768.o)(mbed.ar)
    0x0000794c   0x0000000c   Data   RO          880    .constdata__ZTIN4mbed9DigitalInE  mbed.ar(DigitalIn.LPC1768.o)(mbed.ar)
    0x00007958   0x00000008   Data   RO         1705    .constdata__ZTISt9type_info  cpprt_w.l(type_info_dtor.o)(cpprt_w.l)
    0x00007960   0x00000006   Data   RO          338    .constdata__ZTS4m3pi  m3pi.o
    0x00007966   0x00000022   Data   RO         1332    .constdata__ZTSN10__cxxabiv117__class_type_infoE  cpprt_w.l(lib_rtti_impl.o)(cpprt_w.l)
    0x00007988   0x00000025   Data   RO         1333    .constdata__ZTSN10__cxxabiv120__si_class_type_infoE  cpprt_w.l(lib_rtti_impl.o)(cpprt_w.l)
    0x000079ad   0x00000026   Data   RO         1334    .constdata__ZTSN10__cxxabiv121__vmi_class_type_infoE  cpprt_w.l(lib_rtti_impl.o)(cpprt_w.l)
    0x000079d3   0x00000014   Data   RO          536    .constdata__ZTSN4mbed10DigitalOutE  mbed.ar(DigitalOut.LPC1768.o)(mbed.ar)
    0x000079e7   0x00000014   Data   RO         1009    .constdata__ZTSN4mbed10FileHandleE  mbed.ar(stdio.LPC1768.o)(mbed.ar)
    0x000079fb   0x00000018   Data   RO          619    .constdata__ZTSN4mbed14FileSystemLikeE  mbed.ar(Base.LPC1768.o)(mbed.ar)
    0x00007a13   0x0000000d   Data   RO          599    .constdata__ZTSN4mbed4BaseE  mbed.ar(Base.LPC1768.o)(mbed.ar)
    0x00007a20   0x0000000f   Data   RO          672    .constdata__ZTSN4mbed6BusOutE  mbed.ar(BusOut.LPC1768.o)(mbed.ar)
    0x00007a2f   0x0000000f   Data   RO          757    .constdata__ZTSN4mbed6SerialE  mbed.ar(Serial.LPC1768.o)(mbed.ar)
    0x00007a3e   0x0000000f   Data   RO          845    .constdata__ZTSN4mbed6StreamE  mbed.ar(Stream.LPC1768.o)(mbed.ar)
    0x00007a4d   0x00000011   Data   RO         1008    .constdata__ZTSN4mbed8FileLikeE  mbed.ar(stdio.LPC1768.o)(mbed.ar)
    0x00007a5e   0x00000012   Data   RO          881    .constdata__ZTSN4mbed9DigitalInE  mbed.ar(DigitalIn.LPC1768.o)(mbed.ar)
    0x00007a70   0x0000000d   Data   RO         1706    .constdata__ZTSSt9type_info  cpprt_w.l(type_info_dtor.o)(cpprt_w.l)
    0x00007a7d   0x00000003   PAD
    0x00007a80   0x00000060   Data   RO          231    .constdata__ZTV4m3pi  m3pi.o
    0x00007ae0   0x00000010   Data   RO         1307    .constdata__ZTVN10__cxxabiv117__class_type_infoE  cpprt_w.l(lib_rtti_impl.o)(cpprt_w.l)
    0x00007af0   0x00000010   Data   RO         1309    .constdata__ZTVN10__cxxabiv120__si_class_type_infoE  cpprt_w.l(lib_rtti_impl.o)(cpprt_w.l)
    0x00007b00   0x00000010   Data   RO         1311    .constdata__ZTVN10__cxxabiv121__vmi_class_type_infoE  cpprt_w.l(lib_rtti_impl.o)(cpprt_w.l)
    0x00007b10   0x00000018   Data   RO          504    .constdata__ZTVN4mbed10DigitalOutE  mbed.ar(DigitalOut.LPC1768.o)(mbed.ar)
    0x00007b28   0x00000018   Data   RO          591    .constdata__ZTVN4mbed4BaseE  mbed.ar(Base.LPC1768.o)(mbed.ar)
    0x00007b40   0x00000018   Data   RO          664    .constdata__ZTVN4mbed6BusOutE  mbed.ar(BusOut.LPC1768.o)(mbed.ar)
    0x00007b58   0x00000060   Data   RO          731    .constdata__ZTVN4mbed6SerialE  mbed.ar(Serial.LPC1768.o)(mbed.ar)
    0x00007bb8   0x00000060   Data   RO          825    .constdata__ZTVN4mbed6StreamE  mbed.ar(Stream.LPC1768.o)(mbed.ar)
    0x00007c18   0x0000003c   Data   RO         1001    .constdata__ZTVN4mbed8FileLikeE  mbed.ar(stdio.LPC1768.o)(mbed.ar)
    0x00007c54   0x00000018   Data   RO          864    .constdata__ZTVN4mbed9DigitalInE  mbed.ar(DigitalIn.LPC1768.o)(mbed.ar)
    0x00007c6c   0x00000064   Data   RO          222    .conststring        m3pi.o
    0x00007cd0   0x00000007   Data   RO          571    .conststring        mbed.ar(Base.LPC1768.o)(mbed.ar)
    0x00007cd7   0x0000000e   Data   RO          572    .conststring        mbed.ar(Base.LPC1768.o)(mbed.ar)
    0x00007ce5   0x00000005   Data   RO          573    .conststring        mbed.ar(Base.LPC1768.o)(mbed.ar)
    0x00007cea   0x00000002   PAD
    0x00007cec   0x00000020   Data   RO         2068    Region$$Table       anon$$obj.o
    0x00007d0c   0x00000008   Data   RO         1985    c$$dinf             fz_ws.l(fpconst.o)(fz_ws.l)
    0x00007d14   0x00000110   Data   RO         1876    locale$$data        c_w.l(lc_ctype_c.o)(c_w.l)
    0x00007e24   0x0000001c   Data   RO         1879    locale$$data        c_w.l(lc_numeric_c.o)(c_w.l)
    0x00007e40   0x00000004   Data   RO            4    .init_array         main.o


    Execution Region RW_IRAM1 (Base: 0x10000000, Size: 0x000003a0, Max: 0x00008000, ABSOLUTE)

    Base Addr    Size         Type   Attr      Idx    E Section Name        Object

    0x10000000   0x000000c4   Data   RW          467    .ARM.__AT_0x10000000  cmsis_nvic.o
    0x100000c4   0x00000004   Data   RW          472    .data               system_LPC17xx.o
    0x100000c8   0x00000008   Data   RW          574    .data               mbed.ar(Base.LPC1768.o)(mbed.ar)
    0x100000d0   0x0000000c   Data   RW          575    .data               mbed.ar(Base.LPC1768.o)(mbed.ar)
    0x100000dc   0x00000004   Data   RW          914    .data               capi.ar(us_ticker_api.LPC1768.o)(capi.ar)
    0x100000e0   0x00000004   Data   RW         1140    .data               c_w.l(stdio_streams.o)(c_w.l)
    0x100000e4   0x00000004   Data   RW         1141    .data               c_w.l(stdio_streams.o)(c_w.l)
    0x100000e8   0x00000004   Data   RW         1142    .data               c_w.l(stdio_streams.o)(c_w.l)
    0x100000ec   0x00000004   Data   RW         1958    .data               c_w.l(heapauxa.o)(c_w.l)
    0x100000f0   0x00000154   Zero   RW            3    .bss                main.o
    0x10000244   0x00000040   Zero   RW          976    .bss                mbed.ar(stdio.LPC1768.o)(mbed.ar)
    0x10000284   0x00000050   Zero   RW         1137    .bss                c_w.l(stdio_streams.o)(c_w.l)
    0x100002d4   0x00000050   Zero   RW         1138    .bss                c_w.l(stdio_streams.o)(c_w.l)
    0x10000324   0x00000050   Zero   RW         1139    .bss                c_w.l(stdio_streams.o)(c_w.l)
    0x10000374   0x00000004   Zero   RW         1411    .bss                c_w.l(rt_new_handler_addr.o)(c_w.l)
    0x10000378   0x00000004   Zero   RW         1416    .bss                c_w.l(rt_ddtor_pointer_addr.o)(c_w.l)
    0x1000037c   0x00000004   Zero   RW         1421    .bss                c_w.l(rt_errno_addr.o)(c_w.l)
    0x10000380   0x00000004   Zero   RW         1761    .bss                c_w.l(rt_heap_descriptor.o)(c_w.l)
    0x10000384   0x00000014   Zero   RW         1766    .bss                c_w.l(rt_locale.o)(c_w.l)
    0x10000398   0x00000004   Zero   RW         2003    .bss                c_w.l(rt_eh_globals_addr.o)(c_w.l)
    0x1000039c   0x00000004   Zero   RW         2033    .bss                c_w.l(rt_fp_status_addr.o)(c_w.l)


    Execution Region RW_IRAM2 (Base: 0x2007c000, Size: 0x00000000, Max: 0xffffffff, ABSOLUTE)

    **** No section assigned to this execution region ****


    Execution Region RW_IRAM3 (Base: 0x20080000, Size: 0x00000000, Max: 0xffffffff, ABSOLUTE)

    **** No section assigned to this execution region ****


    Execution Region RW_IRAM4 (Base: 0x40038000, Size: 0x00000000, Max: 0xffffffff, ABSOLUTE)

    **** No section assigned to this execution region ****


==============================================================================

Image component sizes


      Code (inc. data)   RO Data    RW Data    ZI Data      Debug   Object Name

         0          0          0        196          0          0   cmsis_nvic.o
      2432        102        388          0          0          0   m3pi.o
       354         54          4          0        340          0   main.o
        12          4          0          0          0          0   stackheap.o
        40         12        196          0          0          0   startup_LPC17xx.o
       120         10          0          4          0          0   system_LPC17xx.o

    ----------------------------------------------------------------------
      2960        182        622        200        340          0   Object Totals
         0          0         32          0          0          0   (incl. Generated)
         2          0          2          0          0          0   (incl. Padding)

    ----------------------------------------------------------------------

      Code (inc. data)   RO Data    RW Data    ZI Data      Debug   Library Member Name

        44          6          0          0          0          0   __2sprintf.o
         8          0          0          0          0          0   __main.o
       412          6         17          0          0          0   __printf_flags_ss_wp.o
        52          8          0          0          0          0   __scatter.o
        26          0          0          0          0          0   __scatter_copy.o
        28          0          0          0          0          0   __scatter_zi.o
        32          0          0          0          0          0   _chval.o
        60          0          0          0          0          0   _mbrtowc.o
         6          0          0          0          0          0   _printf_a.o
         6          0          0          0          0          0   _printf_c.o
        44          0          0          0          0          0   _printf_char.o
        48          6          0          0          0          0   _printf_char_common.o
        36          4          0          0          0          0   _printf_char_file.o
        42          0          0          0          0          0   _printf_charcount.o
         6          0          0          0          0          0   _printf_d.o
       116         18          0          0          0          0   _printf_dec.o
         6          0          0          0          0          0   _printf_e.o
         6          0          0          0          0          0   _printf_f.o
      1038          0          0          0          0          0   _printf_fp_dec.o
       756          8         38          0          0          0   _printf_fp_hex.o
       124         16          0          0          0          0   _printf_fp_infnan.o
         6          0          0          0          0          0   _printf_g.o
       156          6         40          0          0          0   _printf_hex_int_ll_ptr.o
         6          0          0          0          0          0   _printf_i.o
       180          0          0          0          0          0   _printf_intcommon.o
        10          0          0          0          0          0   _printf_l.o
         6          0          0          0          0          0   _printf_lc.o
        10          0          0          0          0          0   _printf_ll.o
         6          0          0          0          0          0   _printf_lld.o
         6          0          0          0          0          0   _printf_lli.o
         6          0          0          0          0          0   _printf_llo.o
         6          0          0          0          0          0   _printf_llu.o
         6          0          0          0          0          0   _printf_llx.o
       120         16          0          0          0          0   _printf_longlong_dec.o
         6          0          0          0          0          0   _printf_ls.o
         6          0          0          0          0          0   _printf_n.o
         6          0          0          0          0          0   _printf_o.o
       120          8          0          0          0          0   _printf_oct_int_ll.o
         6          0          0          0          0          0   _printf_p.o
        80          0          0          0          0          0   _printf_pad.o
         0          0          0          0          0          0   _printf_percent.o
         4          0          0          0          0          0   _printf_percent_end.o
         6          0          0          0          0          0   _printf_s.o
        82          0          0          0          0          0   _printf_str.o
        36          0          0          0          0          0   _printf_truncate.o
         6          0          0          0          0          0   _printf_u.o
        44          0          0          0          0          0   _printf_wchar.o
       188          6          8          0          0          0   _printf_wctomb.o
         6          0          0          0          0          0   _printf_x.o
        22          0          0          0          0          0   _rserrno.o
       904          4          0          0          0          0   _scanf.o
       334          0          0          0          0          0   _scanf_int.o
       358          0          0          0          0          0   _scanf_longlong.o
       284          0          0          0          0          0   _scanf_mbtowc.o
       216          0          0          0          0          0   _scanf_str.o
        30          0          0          0          0          0   _scanf_wcharmap.o
       232          0          0          0          0          0   _scanf_wctomb.o
       202          0          0          0          0          0   _scanf_wstr.o
        64          0          0          0          0          0   _sgetc.o
        10          0          0          0          0          0   _sputc.o
        64          0          0          0          0          0   _wcrtomb.o
        16          0          0          0          0          0   abort.o
       124         40          0          0          0          0   assert.o
        24          6          0          0          0          0   assert_stdio.o
       236          6        148          0          0          0   bigflt0.o
      2074        132          0          0          0          0   btod.o
        48         34          0          0          0          0   defsig_abrt_inner.o
        14          0          0          0          0          0   defsig_abrt_outer.o
        10          0          0          0          0          0   defsig_exit.o
        50          0          0          0          0          0   defsig_general.o
        48         34          0          0          0          0   defsig_pvfn_inner.o
        14          0          0          0          0          0   defsig_pvfn_outer.o
        76         56          0          0          0          0   defsig_rtmem_inner.o
        14          0          0          0          0          0   defsig_rtmem_outer.o
        52         38          0          0          0          0   defsig_rtred_inner.o
        14          0          0          0          0          0   defsig_rtred_outer.o
        76          0          0          0          0          0   fclose.o
         8          0          0          0          0          0   ferror.o
       100          4          0          0          0          0   fflush.o
        24          0          0          0          0          0   fgetc.o
       552          0          0          0          0          0   filbuf.o
       462          0          0          0          0          0   flsbuf.o
        52          4          0          0          0          0   flushlinebuffered.o
       232          6          0          0          0          0   fopen.o
        20          0          0          0          0          0   fprintf.o
        26          0          0          0          0          0   fputc.o
        34          0          0          0          0          0   fputs.o
       248          4          0          0          0          0   fseek.o
        70          0          0          0          0          0   ftell.o
       100          0          0          0          0          0   h1_alloc.o
        50          0          0          0          0          0   h1_extend.o
        78          0          0          0          0          0   h1_free.o
        14          0          0          0          0          0   h1_init.o
        76         10          0          4          0          0   heapauxa.o
         4          0          0          0          0          0   hguard.o
        36         10          0          0          0          0   init_aeabi.o
       138          0          0          0          0          0   init_alloc.o
       312         46          0          0          0          0   initio.o
        18          0          0          0          0          0   isspace.o
        44         10        272          0          0          0   lc_ctype_c.o
        44         10         28          0          0          0   lc_numeric_c.o
         6          0          0          0          0          0   libinit.o
        46          0          0          0          0          0   libinit2.o
         6          0          0          0          0          0   libshutdown2.o
        38          0          0          0          0          0   llshl.o
       138          0          0          0          0          0   lludiv10.o
         0          0          0          0          0          0   maybetermalloc1.o
        16          4          0          0          0          0   rt_ctype_table.o
        12          4          0          0          4          0   rt_ddtor_pointer_addr.o
        12          4          0          0          4          0   rt_eh_globals_addr.o
        12          4          0          0          4          0   rt_errno_addr.o
        12          4          0          0          4          0   rt_fp_status_addr.o
        12          4          0          0          4          0   rt_heap_descriptor.o
        12          4          0          0         20          0   rt_locale.o
        78          0          0          0          0          0   rt_memclr_w.o
        12          4          0          0          4          0   rt_new_handler_addr.o
         0          0          0          0          0          0   rtentry.o
        12          0          0          0          0          0   rtentry2.o
         6          0          0          0          0          0   rtentry4.o
        16          0          0          0          0          0   rtudiv10.o
        48         10          0          0          0          0   scanf_char.o
      1188         10          0          0          0          0   scanf_fp.o
       780         14          0          0          0          0   scanf_hexfp.o
       316         18          0          0          0          0   scanf_infnan.o
        16          0          0          0          0          0   setbuf.o
        70          0          0          0          0          0   setvbuf.o
        44          6          0          0          0          0   sprintf.o
        60          8          0          0          0          0   sscanf.o
       240          6          0          0          0          0   stdio.o
         0          0          0         12        240          0   stdio_streams.o
       128          0          0          0          0          0   strcmpv7m.o
        62          0          0          0          0          0   strlen.o
       140          0          0          0          0          0   strncmp.o
       160         14          0          0          0          0   strtod.o
        12          4          0          0          0          0   sys_exit.o
        14          0          0          0          0          0   sys_wrch.o
         2          0          0          0          0          0   use_no_semi.o
        22          0          0          0          0          0   exit.LPC1768.o
       120          0          0          0          0          0   gpio_api.LPC1768.o
       512         98          0          0          0          0   pinmap.LPC1768.o
        12          0          0          0          0          0   semihost_api.LPC1768.o
       856        106        340          0          0          0   serial_api.LPC1768.o
       148         18          0          0          0          0   timer_api.LPC1768.o
        56         12          0          4          0          0   us_ticker_api.LPC1768.o
       120          6          0          0          0          0   utils_api.LPC1768.o
        76          8          0          0          0          0   wait_api.LPC1768.o
        48          0          0          0          0          0   aeabi_atexit.o
        34          0          0          0          0          0   aeabi_vec_ctor_nocookie_nodtor.o
         4          0          0          0          0          0   arm_bad_typeid_noexceptions.o
        80         14          0          0          0          0   arm_exceptions_globs.o
        60          0          0          0          0          0   arm_exceptions_mem.o
        26          0          0          0          0          0   arm_exceptions_terminate.o
         4          0          0          0          0          0   arm_newhandler_noexceptions.o
         8          0          0          0          0          0   array_del.o
        66          0          0          0          0          0   cxa_finalize.o
         8          0          0          0          0          0   delete.o
         0          0        193          0          0          0   lib_rtti_impl.o
        40          6          0          0          0          0   new.o
         6          0          0          0          0          0   pure_virt.o
      1252         38          0          0          0          0   rtti.o
         0          0         21          0          0          0   type_info_dtor.o
        32          0          0          0          0          0   type_info_eq.o
        98          4          0          0          0          0   d2f.o
       800         16          0          0          0          0   daddsub_clz.o
        16          4          0          0          0          0   dcheck1.o
        24          0          0          0          0          0   dcmpi.o
       688        140          0          0          0          0   ddiv.o
       120          4          0          0          0          0   deqf.o
        94          4          0          0          0          0   dfix.o
        84          0          0          0          0          0   dflt_clz.o
       120          4          0          0          0          0   dleqf.o
       340         12          0          0          0          0   dmul.o
       156          4          0          0          0          0   dnaninf.o
        12          0          0          0          0          0   dretinf.o
       108          0          0          0          0          0   drleqf.o
        86          4          0          0          0          0   f2d.o
       430          8          0          0          0          0   faddsub_clz.o
        24          0          0          0          0          0   fcmpi.o
       388         76          0          0          0          0   fdiv.o
        62          4          0          0          0          0   ffixu.o
        86          0          0          0          0          0   fflt_clz.o
       104          4          0          0          0          0   fleqf.o
       258          4          0          0          0          0   fmul.o
       140          4          0          0          0          0   fnaninf.o
         0          0          8          0          0          0   fpconst.o
        14          0          0          0          0          0   fpinit.o
        10          0          0          0          0          0   fretinf.o
         4          0          0          0          0          0   printf1.o
         4          0          0          0          0          0   printf2.o
       100          0          0          0          0          0   retnan.o
        96          0          0          0          0          0   scalbn.o
         4          0          0          0          0          0   scanf1.o
         8          0          0          0          0          0   scanf2.o
        48          0          0          0          0          0   trapv.o
         0          0          0          0          0          0   usenofp.o
        16          6          0          0          0          0   dunder.o
        40          0          0          0          0          0   fpclassify.o
        88          8          0          0          0          0   frexp.o
       148          0          0          0          0          0   ldexp.o
       152          4          0          0          0          0   narrow.o
        36          0          0          0          0          0   strtof.o
       390         54        155         20          0          0   Base.LPC1768.o
       258         16         51          0          0          0   BusOut.LPC1768.o
        78          4         54          0          0          0   DigitalIn.LPC1768.o
        78          4         56          0          0          0   DigitalOut.LPC1768.o
         8          0          0          0          0          0   FunctionPointer.LPC1768.o
       194         10        123          0          0          0   Serial.LPC1768.o
       280         22        123          0          0          0   Stream.LPC1768.o
       874         94        160          0         64          0   stdio.LPC1768.o

    ----------------------------------------------------------------------
     26900       1510       1842         40        348          0   Library Totals
        50          2          7          0          0          0   (incl. Padding)

    ----------------------------------------------------------------------

      Code (inc. data)   RO Data    RW Data    ZI Data      Debug   Library Name

     16094        684        551         16        284      10000   c_w.l
      1922        248        340          4          0       1788   capi.ar
      1668         58        214          0          0       1760   cpprt_w.l
      4526        296          8          0          0       2992   fz_ws.l
       480         18          0          0          0        616   m_ws.l
      2160        204        722         20         64       3648   mbed.ar

    ----------------------------------------------------------------------
     26900       1510       1842         40        348          0   Library Totals

    ----------------------------------------------------------------------

==============================================================================


      Code (inc. data)   RO Data    RW Data    ZI Data      Debug   

     29860       1692       2464        240        688      75832   Grand Totals
     29860       1692       2464        240        688      75832   ELF Image Totals
     29860       1692       2464        240          0          0   ROM Totals

==============================================================================

    Total RO  Size (Code + RO Data)                32324 (  31.57kB)
    Total RW  Size (RW Data + ZI Data)               928 (   0.91kB)
    Total ROM Size (Code + RO Data + RW Data)      32564 (  31.80kB)

==============================================================================

